Component: ARM Compiler 5.06 update 6 (build 750) Tool: armlink [4d35ed]

==============================================================================

Section Cross References

    startup_stm32f429xx.o(RESET) refers to startup_stm32f429xx.o(STACK) for __initial_sp
    startup_stm32f429xx.o(RESET) refers to startup_stm32f429xx.o(.text) for Reset_Handler
    startup_stm32f429xx.o(RESET) refers to stm32f4xx_it.o(i.NMI_Handler) for NMI_Handler
    startup_stm32f429xx.o(RESET) refers to stm32f4xx_it.o(i.HardFault_Handler) for HardFault_Handler
    startup_stm32f429xx.o(RESET) refers to stm32f4xx_it.o(i.MemManage_Handler) for MemManage_Handler
    startup_stm32f429xx.o(RESET) refers to stm32f4xx_it.o(i.BusFault_Handler) for BusFault_Handler
    startup_stm32f429xx.o(RESET) refers to stm32f4xx_it.o(i.UsageFault_Handler) for UsageFault_Handler
    startup_stm32f429xx.o(RESET) refers to stm32f4xx_it.o(i.SVC_Handler) for SVC_Handler
    startup_stm32f429xx.o(RESET) refers to stm32f4xx_it.o(i.DebugMon_Handler) for DebugMon_Handler
    startup_stm32f429xx.o(RESET) refers to stm32f4xx_it.o(i.PendSV_Handler) for PendSV_Handler
    startup_stm32f429xx.o(RESET) refers to stm32f4xx_it.o(i.SysTick_Handler) for SysTick_Handler
    startup_stm32f429xx.o(RESET) refers to stm32f4xx_it.o(i.SDIO_IRQHandler) for SDIO_IRQHandler
    startup_stm32f429xx.o(RESET) refers to stm32f4xx_it.o(i.DMA2_Stream3_IRQHandler) for DMA2_Stream3_IRQHandler
    startup_stm32f429xx.o(RESET) refers to stm32f4xx_it.o(i.DMA2_Stream6_IRQHandler) for DMA2_Stream6_IRQHandler
    startup_stm32f429xx.o(.text) refers to system_stm32f4xx.o(i.SystemInit) for SystemInit
    startup_stm32f429xx.o(.text) refers to entry.o(.ARM.Collect$$$$00000000) for __main
    matrix.o(i.GetMat_MultAdd) refers to matrix.o(i.Get_Mat) for Get_Mat
    matrix.o(i.PrintMat) refers to printfa.o(i.__0printf) for __2printf
    matrix.o(i.PrintMat) refers to f2d.o(.text) for __aeabi_f2d
    matrix.o(i.matAdd) refers to matrix.o(i.matMalloc) for matMalloc
    matrix.o(i.matAdd) refers to matrix.o(i.Get_Mat) for Get_Mat
    matrix.o(i.matAdd) refers to printfa.o(i.__0printf) for __2printf
    matrix.o(i.matAddexp) refers to matrix.o(i.Get_Mat) for Get_Mat
    matrix.o(i.matAddexp) refers to f2d.o(.text) for __aeabi_f2d
    matrix.o(i.matAddexp) refers to exp.o(i.__hardfp_exp) for __hardfp_exp
    matrix.o(i.matAddexp) refers to dadd.o(.text) for __aeabi_dadd
    matrix.o(i.matAddexp) refers to d2f.o(.text) for __aeabi_d2f
    matrix.o(i.matAlgorithm) refers to matrix.o(i.Get_Mat) for Get_Mat
    matrix.o(i.matDot) refers to matrix.o(i.matMalloc) for matMalloc
    matrix.o(i.matDot) refers to matrix.o(i.GetMat_MultAdd) for GetMat_MultAdd
    matrix.o(i.matDot) refers to matrix.o(i.Get_MatAddr) for Get_MatAddr
    matrix.o(i.matDot) refers to printfa.o(i.__0printf) for __2printf
    matrix.o(i.matIteraAlgorithm) refers to printfa.o(i.__0printf) for __2printf
    matrix.o(i.matIteraAlgorithm) refers to matrix.o(i.Get_Mat) for Get_Mat
    matrix.o(i.matMalloc) refers to cui_malloc.o(i.CUI_MALLOC) for CUI_MALLOC
    matrix.o(i.matMalloc) refers to printfa.o(i.__0printf) for __2printf
    matrix.o(i.matRote) refers to matrix.o(i.matMalloc) for matMalloc
    matrix.o(i.matRote) refers to f2d.o(.text) for __aeabi_f2d
    matrix.o(i.matRote) refers to cos.o(i.__hardfp_cos) for __hardfp_cos
    matrix.o(i.matRote) refers to d2f.o(.text) for __aeabi_d2f
    matrix.o(i.matRote) refers to sin.o(i.__hardfp_sin) for __hardfp_sin
    matrix.o(i.matRote) refers to matrix.o(i.matApendDat) for matApendDat
    matrix.o(i.matRote) refers to matrix.o(i.matDot) for matDot
    matrix.o(i.matRote) refers to cui_malloc.o(i.FreeCUI_MALLOC) for FreeCUI_MALLOC
    matrix.o(i.matSigmoid) refers to matrix.o(i.matDot) for matDot
    matrix.o(i.matSigmoid) refers to matrix.o(i.Get_Mat) for Get_Mat
    matrix.o(i.matSigmoid) refers to matrix.o(i.sigmoid) for sigmoid
    matrix.o(i.matSoftmax) refers to matrix.o(i.matDot) for matDot
    matrix.o(i.matSoftmax) refers to matrix.o(i.matMalloc) for matMalloc
    matrix.o(i.matSoftmax) refers to matrix.o(i.matAddexp) for matAddexp
    matrix.o(i.matSoftmax) refers to matrix.o(i.Get_MatAddr) for Get_MatAddr
    matrix.o(i.matSoftmax) refers to matrix.o(i.Get_Mat) for Get_Mat
    matrix.o(i.matSoftmax) refers to f2d.o(.text) for __aeabi_f2d
    matrix.o(i.matSoftmax) refers to exp.o(i.__hardfp_exp) for __hardfp_exp
    matrix.o(i.matSoftmax) refers to ddiv.o(.text) for __aeabi_ddiv
    matrix.o(i.matSoftmax) refers to d2f.o(.text) for __aeabi_d2f
    matrix.o(i.matSoftmax) refers to cui_malloc.o(i.FreeCUI_MALLOC) for FreeCUI_MALLOC
    matrix.o(i.matSub) refers to matrix.o(i.matMalloc) for matMalloc
    matrix.o(i.matSub) refers to matrix.o(i.Get_Mat) for Get_Mat
    matrix.o(i.matSub) refers to printfa.o(i.__0printf) for __2printf
    matrix.o(i.matZoom) refers to matrix.o(i.matMalloc) for matMalloc
    matrix.o(i.matZoom) refers to matrix.o(i.matApendDat) for matApendDat
[...]
    $v0                                      0x080001c0   Number         0  startup_stm32f429xx.o(.text)
    .text                                    0x080001e4   Section        0  uldiv.o(.text)
    .text                                    0x08000246   Section        0  memcpya.o(.text)
    .text                                    0x0800026a   Section        0  dadd.o(.text)
    .text                                    0x080003b8   Section        0  ddiv.o(.text)
    .text                                    0x08000496   Section        0  f2d.o(.text)
    .text                                    0x080004bc   Section        0  d2f.o(.text)
    .text                                    0x080004f4   Section        0  uidiv.o(.text)
    .text                                    0x08000520   Section        0  llshl.o(.text)
    .text                                    0x0800053e   Section        0  llushr.o(.text)
    .text                                    0x0800055e   Section        0  llsshr.o(.text)
    .text                                    0x08000582   Section        0  fepilogue.o(.text)
    .text                                    0x08000582   Section        0  iusefp.o(.text)
    .text                                    0x080005f0   Section        0  depilogue.o(.text)
    .text                                    0x080006aa   Section        0  dmul.o(.text)
    .text                                    0x0800078e   Section        0  dflti.o(.text)
    .text                                    0x080007b0   Section        0  dfixi.o(.text)
    .text                                    0x080007ee   Section        0  dfixul.o(.text)
    .text                                    0x08000820   Section       48  cdcmple.o(.text)
    .text                                    0x08000850   Section       48  cdrcmple.o(.text)
    .text                                    0x08000880   Section       36  init.o(.text)
    i.BSP_SD_AbortCallback                   0x080008a4   Section        0  bsp_driver_sd.o(i.BSP_SD_AbortCallback)
    i.BSP_SD_GetCardInfo                     0x080008a8   Section        0  bsp_driver_sd.o(i.BSP_SD_GetCardInfo)
    i.BSP_SD_GetCardState                    0x080008b4   Section        0  bsp_driver_sd.o(i.BSP_SD_GetCardState)
    i.BSP_SD_Init                            0x080008cc   Section        0  bsp_driver_sd.o(i.BSP_SD_Init)
    i.BSP_SD_ReadBlocks_DMA                  0x08000900   Section        0  bsp_driver_sd.o(i.BSP_SD_ReadBlocks_DMA)
    i.BSP_SD_ReadCpltCallback                0x0800091c   Section        0  sd_diskio.o(i.BSP_SD_ReadCpltCallback)
    i.BSP_SD_WriteBlocks_DMA                 0x08000928   Section        0  bsp_driver_sd.o(i.BSP_SD_WriteBlocks_DMA)
    i.BSP_SD_WriteCpltCallback               0x08000944   Section        0  sd_diskio.o(i.BSP_SD_WriteCpltCallback)
    i.BusFault_Handler                       0x08000950   Section        0  stm32f4xx_it.o(i.BusFault_Handler)
    i.CUI_MALLOC                             0x08000954   Section        0  cui_malloc.o(i.CUI_MALLOC)
    i.CUI_MALLOCMini                         0x0800097c   Section        0  cui_malloc.o(i.CUI_MALLOCMini)
    i.DMA2_Stream3_IRQHandler                0x08000a10   Section        0  stm32f4xx_it.o(i.DMA2_Stream3_IRQHandler)
    i.DMA2_Stream6_IRQHandler                0x08000a1c   Section        0  stm32f4xx_it.o(i.DMA2_Stream6_IRQHandler)
    i.DMA_CalcBaseAndBitshift                0x08000a28   Section        0  stm32f4xx_hal_dma.o(i.DMA_CalcBaseAndBitshift)
    DMA_CalcBaseAndBitshift                  0x08000a29   Thumb Code    34  stm32f4xx_hal_dma.o(i.DMA_CalcBaseAndBitshift)
    i.DMA_CheckFifoParam                     0x08000a50   Section        0  stm32f4xx_hal_dma.o(i.DMA_CheckFifoParam)
    DMA_CheckFifoParam                       0x08000a51   Thumb Code    84  stm32f4xx_hal_dma.o(i.DMA_CheckFifoParam)
    i.DMA_SetConfig                          0x08000aa4   Section        0  stm32f4xx_hal_dma.o(i.DMA_SetConfig)
    DMA_SetConfig                            0x08000aa5   Thumb Code    40  stm32f4xx_hal_dma.o(i.DMA_SetConfig)
    i.DebugMon_Handler                       0x08000acc   Section        0  stm32f4xx_it.o(i.DebugMon_Handler)
    i.FATFS_LinkDriver                       0x08000ace   Section        0  ff_gen_drv.o(i.FATFS_LinkDriver)
    i.FATFS_LinkDriverEx                     0x08000ad4   Section        0  ff_gen_drv.o(i.FATFS_LinkDriverEx)
    i.FreeCUI_MALLOC                         0x08000b14   Section        0  cui_malloc.o(i.FreeCUI_MALLOC)
    i.Free_MallocGE                          0x08000ba0   Section        0  cui_malloc.o(i.Free_MallocGE)
    i.GetMatLength                           0x08000bf6   Section        0  matrix.o(i.GetMatLength)
    i.GetMat_MultAdd                         0x08000c00   Section        0  matrix.o(i.GetMat_MultAdd)
    i.Get_Mat                                0x08000c44   Section        0  matrix.o(i.Get_Mat)
    i.Get_MatAddr                            0x08000c66   Section        0  matrix.o(i.Get_MatAddr)
    i.HAL_DMA_Abort_IT                       0x08000c86   Section        0  stm32f4xx_hal_dma.o(i.HAL_DMA_Abort_IT)
    i.HAL_DMA_IRQHandler                     0x08000cac   Section        0  stm32f4xx_hal_dma.o(i.HAL_DMA_IRQHandler)
    i.HAL_DMA_Init                           0x08000e4c   Section        0  stm32f4xx_hal_dma.o(i.HAL_DMA_Init)
    i.HAL_DMA_Start_IT                       0x08000f20   Section        0  stm32f4xx_hal_dma.o(i.HAL_DMA_Start_IT)
    i.HAL_Delay                              0x08000f98   Section        0  stm32f4xx_hal.o(i.HAL_Delay)
    i.HAL_GPIO_Init                          0x08000fbc   Section        0  stm32f4xx_hal_gpio.o(i.HAL_GPIO_Init)
    i.HAL_GetTick                            0x08001188   Section        0  stm32f4xx_hal.o(i.HAL_GetTick)
    i.HAL_IncTick                            0x08001194   Section        0  stm32f4xx_hal.o(i.HAL_IncTick)
    i.HAL_Init                               0x080011a4   Section        0  stm32f4xx_hal.o(i.HAL_Init)
    i.HAL_InitTick                           0x080011d8   Section        0  stm32f4xx_hal.o(i.HAL_InitTick)
    i.HAL_MspInit                            0x08001218   Section        0  stm32f4xx_hal_msp.o(i.HAL_MspInit)
    i.HAL_NVIC_EnableIRQ                     0x0800129c   Section        0  stm32f4xx_hal_cortex.o(i.HAL_NVIC_EnableIRQ)
    i.HAL_NVIC_SetPriority                   0x080012b4   Section        0  stm32f4xx_hal_cortex.o(i.HAL_NVIC_SetPriority)
    i.HAL_NVIC_SetPriorityGrouping           0x080012f4   Section        0  stm32f4xx_hal_cortex.o(i.HAL_NVIC_SetPriorityGrouping)
    i.HAL_PWREx_EnableOverDrive              0x08001318   Section        0  stm32f4xx_hal_pwr_ex.o(i.HAL_PWREx_EnableOverDrive)
    i.HAL_RCC_ClockConfig                    0x08001388   Section        0  stm32f4xx_hal_rcc.o(i.HAL_RCC_ClockConfig)
    i.HAL_RCC_GetHCLKFreq                    0x080014b8   Section        0  stm32f4xx_hal_rcc.o(i.HAL_RCC_GetHCLKFreq)
    i.HAL_RCC_GetPCLK1Freq                   0x080014c4   Section        0  stm32f4xx_hal_rcc.o(i.HAL_RCC_GetPCLK1Freq)
    i.HAL_RCC_GetPCLK2Freq                   0x080014e4   Section        0  stm32f4xx_hal_rcc.o(i.HAL_RCC_GetPCLK2Freq)
    i.HAL_RCC_GetSysClockFreq                0x08001504   Section        0  stm32f4xx_hal_rcc.o(i.HAL_RCC_GetSysClockFreq)
    i.HAL_RCC_OscConfig                      0x08001568   Section        0  stm32f4xx_hal_rcc.o(i.HAL_RCC_OscConfig)
    i.HAL_SD_AbortCallback                   0x08001884   Section        0  bsp_driver_sd.o(i.HAL_SD_AbortCallback)
    i.HAL_SD_ConfigWideBusOperation          0x0800188c   Section        0  stm32f4xx_hal_sd.o(i.HAL_SD_ConfigWideBusOperation)
    i.HAL_SD_ErrorCallback                   0x08001904   Section        0  stm32f4xx_hal_sd.o(i.HAL_SD_ErrorCallback)
    i.HAL_SD_GetCardCSD                      0x08001906   Section        0  stm32f4xx_hal_sd.o(i.HAL_SD_GetCardCSD)
    i.HAL_SD_GetCardInfo                     0x08001ae0   Section        0  stm32f4xx_hal_sd.o(i.HAL_SD_GetCardInfo)
    i.HAL_SD_GetCardState                    0x08001b04   Section        0  stm32f4xx_hal_sd.o(i.HAL_SD_GetCardState)
    i.HAL_SD_IRQHandler                      0x08001b30   Section        0  stm32f4xx_hal_sd.o(i.HAL_SD_IRQHandler)
    i.HAL_SD_Init                            0x08001cf0   Section        0  stm32f4xx_hal_sd.o(i.HAL_SD_Init)
    i.HAL_SD_InitCard                        0x08001d28   Section        0  stm32f4xx_hal_sd.o(i.HAL_SD_InitCard)
    i.HAL_SD_MspInit                         0x08001d7c   Section        0  sdio.o(i.HAL_SD_MspInit)
    i.HAL_SD_ReadBlocks_DMA                  0x08001ea4   Section        0  stm32f4xx_hal_sd.o(i.HAL_SD_ReadBlocks_DMA)
    i.HAL_SD_RxCpltCallback                  0x08001f98   Section        0  bsp_driver_sd.o(i.HAL_SD_RxCpltCallback)
    i.HAL_SD_TxCpltCallback                  0x08001fa0   Section        0  bsp_driver_sd.o(i.HAL_SD_TxCpltCallback)
    i.HAL_SD_WriteBlocks_DMA                 0x08001fa8   Section        0  stm32f4xx_hal_sd.o(i.HAL_SD_WriteBlocks_DMA)
    i.HAL_SYSTICK_CLKSourceConfig            0x0800209c   Section        0  stm32f4xx_hal_cortex.o(i.HAL_SYSTICK_CLKSourceConfig)
    i.HAL_SYSTICK_Callback                   0x080020b4   Section        0  stm32f4xx_hal_cortex.o(i.HAL_SYSTICK_Callback)
    i.HAL_SYSTICK_Config                     0x080020b6   Section        0  stm32f4xx_hal_cortex.o(i.HAL_SYSTICK_Config)
    i.HAL_SYSTICK_IRQHandler                 0x080020de   Section        0  stm32f4xx_hal_cortex.o(i.HAL_SYSTICK_IRQHandler)
    i.HAL_UART_Init                          0x080020e6   Section        0  stm32f4xx_hal_uart.o(i.HAL_UART_Init)
    i.HAL_UART_MspInit                       0x08002148   Section        0  usart.o(i.HAL_UART_MspInit)
    i.HAL_UART_Transmit                      0x08002194   Section        0  stm32f4xx_hal_uart.o(i.HAL_UART_Transmit)
    i.HardFault_Handler                      0x0800224e   Section        0  stm32f4xx_it.o(i.HardFault_Handler)
    i.MX_DMA_Init                            0x08002250   Section        0  dma.o(i.MX_DMA_Init)
    i.MX_FATFS_Init                          0x0800228c   Section        0  fatfs.o(i.MX_FATFS_Init)
    i.MX_GPIO_Init                           0x080022a8   Section        0  gpio.o(i.MX_GPIO_Init)
    i.MX_SDIO_SD_Init                        0x080022f4   Section        0  sdio.o(i.MX_SDIO_SD_Init)
    i.MX_USART1_UART_Init                    0x08002314   Section        0  usart.o(i.MX_USART1_UART_Init)
    i.MallocGE                               0x08002360   Section        0  cui_malloc.o(i.MallocGE)
    i.MemManage_Handler                      0x0800240e   Section        0  stm32f4xx_it.o(i.MemManage_Handler)
    i.NMI_Handler                            0x08002410   Section        0  stm32f4xx_it.o(i.NMI_Handler)
    i.NVIC_SetPriority                       0x08002412   Section        0  stm32f4xx_hal_cortex.o(i.NVIC_SetPriority)
    NVIC_SetPriority                         0x08002413   Thumb Code    32  stm32f4xx_hal_cortex.o(i.NVIC_SetPriority)
    i.PendSV_Handler                         0x08002432   Section        0  stm32f4xx_it.o(i.PendSV_Handler)
    i.PrintMat                               0x08002434   Section        0  matrix.o(i.PrintMat)
    i.SDIO_ConfigData                        0x080024a8   Section        0  stm32f4xx_ll_sdmmc.o(i.SDIO_ConfigData)
    i.SDIO_GetPowerState                     0x080024cc   Section        0  stm32f4xx_ll_sdmmc.o(i.SDIO_GetPowerState)
    i.SDIO_GetResponse                       0x080024d4   Section        0  stm32f4xx_ll_sdmmc.o(i.SDIO_GetResponse)
    i.SDIO_IRQHandler                        0x080024e0   Section        0  stm32f4xx_it.o(i.SDIO_IRQHandler)
    i.SDIO_Init                              0x080024ec   Section        0  stm32f4xx_ll_sdmmc.o(i.SDIO_Init)
    i.SDIO_PowerState_ON                     0x08002510   Section        0  stm32f4xx_ll_sdmmc.o(i.SDIO_PowerState_ON)
    i.SDIO_ReadFIFO                          0x08002518   Section        0  stm32f4xx_ll_sdmmc.o(i.SDIO_ReadFIFO)
    i.SDIO_SendCommand                       0x0800251e   Section        0  stm32f4xx_ll_sdmmc.o(i.SDIO_SendCommand)
    i.SDIO_WriteFIFO                         0x0800253e   Section        0  stm32f4xx_ll_sdmmc.o(i.SDIO_WriteFIFO)
    i.SDMMC_CmdAppCommand                    0x08002548   Section        0  stm32f4xx_ll_sdmmc.o(i.SDMMC_CmdAppCommand)
    i.SDMMC_CmdAppOperCommand                0x0800257c   Section        0  stm32f4xx_ll_sdmmc.o(i.SDMMC_CmdAppOperCommand)
    i.SDMMC_CmdBlockLength                   0x080025b0   Section        0  stm32f4xx_ll_sdmmc.o(i.SDMMC_CmdBlockLength)
    i.SDMMC_CmdBusWidth                      0x080025e2   Section        0  stm32f4xx_ll_sdmmc.o(i.SDMMC_CmdBusWidth)
    i.SDMMC_CmdGoIdleState                   0x08002614   Section        0  stm32f4xx_ll_sdmmc.o(i.SDMMC_CmdGoIdleState)
    i.SDMMC_CmdOperCond                      0x08002664   Section        0  stm32f4xx_ll_sdmmc.o(i.SDMMC_CmdOperCond)
    i.SDMMC_CmdReadMultiBlock                0x080026cc   Section        0  stm32f4xx_ll_sdmmc.o(i.SDMMC_CmdReadMultiBlock)
    i.SDMMC_CmdReadSingleBlock               0x080026fe   Section        0  stm32f4xx_ll_sdmmc.o(i.SDMMC_CmdReadSingleBlock)
    i.SDMMC_CmdSelDesel                      0x08002730   Section        0  stm32f4xx_ll_sdmmc.o(i.SDMMC_CmdSelDesel)
    i.SDMMC_CmdSendCID                       0x08002762   Section        0  stm32f4xx_ll_sdmmc.o(i.SDMMC_CmdSendCID)
    i.SDMMC_CmdSendCSD                       0x0800278e   Section        0  stm32f4xx_ll_sdmmc.o(i.SDMMC_CmdSendCSD)
    i.SDMMC_CmdSendSCR                       0x080027ba   Section        0  stm32f4xx_ll_sdmmc.o(i.SDMMC_CmdSendSCR)
    i.SDMMC_CmdSendStatus                    0x080027ea   Section        0  stm32f4xx_ll_sdmmc.o(i.SDMMC_CmdSendStatus)
    i.SDMMC_CmdSetRelAdd                     0x0800281c   Section        0  stm32f4xx_ll_sdmmc.o(i.SDMMC_CmdSetRelAdd)
    i.SDMMC_CmdStopTransfer                  0x0800284c   Section        0  stm32f4xx_ll_sdmmc.o(i.SDMMC_CmdStopTransfer)
    i.SDMMC_CmdWriteMultiBlock               0x08002880   Section        0  stm32f4xx_ll_sdmmc.o(i.SDMMC_CmdWriteMultiBlock)
    i.SDMMC_CmdWriteSingleBlock              0x080028b2   Section        0  stm32f4xx_ll_sdmmc.o(i.SDMMC_CmdWriteSingleBlock)
    i.SDMMC_GetCmdResp1                      0x080028e4   Section        0  stm32f4xx_ll_sdmmc.o(i.SDMMC_GetCmdResp1)
    SDMMC_GetCmdResp1                        0x080028e5   Thumb Code   276  stm32f4xx_ll_sdmmc.o(i.SDMMC_GetCmdResp1)
    i.SDMMC_GetCmdResp2                      0x08002a00   Section        0  stm32f4xx_ll_sdmmc.o(i.SDMMC_GetCmdResp2)
    SDMMC_GetCmdResp2                        0x08002a01   Thumb Code    74  stm32f4xx_ll_sdmmc.o(i.SDMMC_GetCmdResp2)
    i.SDMMC_GetCmdResp3                      0x08002a50   Section        0  stm32f4xx_ll_sdmmc.o(i.SDMMC_GetCmdResp3)
    SDMMC_GetCmdResp3                        0x08002a51   Thumb Code    60  stm32f4xx_ll_sdmmc.o(i.SDMMC_GetCmdResp3)
    i.SDMMC_GetCmdResp6                      0x08002a90   Section        0  stm32f4xx_ll_sdmmc.o(i.SDMMC_GetCmdResp6)
    SDMMC_GetCmdResp6                        0x08002a91   Thumb Code   128  stm32f4xx_ll_sdmmc.o(i.SDMMC_GetCmdResp6)
    i.SD_CheckStatus                         0x08002b14   Section        0  sd_diskio.o(i.SD_CheckStatus)
    SD_CheckStatus                           0x08002b15   Thumb Code    26  sd_diskio.o(i.SD_CheckStatus)
    i.SD_DMAError                            0x08002b34   Section        0  stm32f4xx_hal_sd.o(i.SD_DMAError)
    SD_DMAError                              0x08002b35   Thumb Code    86  stm32f4xx_hal_sd.o(i.SD_DMAError)
    i.SD_DMAReceiveCplt                      0x08002b8a   Section        0  stm32f4xx_hal_sd.o(i.SD_DMAReceiveCplt)
    SD_DMAReceiveCplt                        0x08002b8b   Thumb Code    62  stm32f4xx_hal_sd.o(i.SD_DMAReceiveCplt)
    i.SD_DMARxAbort                          0x08002bc8   Section        0  stm32f4xx_hal_sd.o(i.SD_DMARxAbort)
    SD_DMARxAbort                            0x08002bc9   Thumb Code    72  stm32f4xx_hal_sd.o(i.SD_DMARxAbort)
    i.SD_DMATransmitCplt                     0x08002c10   Section        0  stm32f4xx_hal_sd.o(i.SD_DMATransmitCplt)
    SD_DMATransmitCplt                       0x08002c11   Thumb Code    14  stm32f4xx_hal_sd.o(i.SD_DMATransmitCplt)
    i.SD_DMATxAbort                          0x08002c1e   Section        0  stm32f4xx_hal_sd.o(i.SD_DMATxAbort)
    SD_DMATxAbort                            0x08002c1f   Thumb Code    72  stm32f4xx_hal_sd.o(i.SD_DMATxAbort)
    i.SD_FindSCR                             0x08002c66   Section        0  stm32f4xx_hal_sd.o(i.SD_FindSCR)
    SD_FindSCR                               0x08002c67   Thumb Code   212  stm32f4xx_hal_sd.o(i.SD_FindSCR)
    i.SD_InitCard                            0x08002d3a   Section        0  stm32f4xx_hal_sd.o(i.SD_InitCard)
    SD_InitCard                              0x08002d3b   Thumb Code   230  stm32f4xx_hal_sd.o(i.SD_InitCard)
    i.SD_PowerON                             0x08002e20   Section        0  stm32f4xx_hal_sd.o(i.SD_PowerON)
    SD_PowerON                               0x08002e21   Thumb Code   162  stm32f4xx_hal_sd.o(i.SD_PowerON)
    i.SD_WideBus_Disable                     0x08002ec2   Section        0  stm32f4xx_hal_sd.o(i.SD_WideBus_Disable)
    SD_WideBus_Disable                       0x08002ec3   Thumb Code    78  stm32f4xx_hal_sd.o(i.SD_WideBus_Disable)
    i.SD_WideBus_Enable                      0x08002f10   Section        0  stm32f4xx_hal_sd.o(i.SD_WideBus_Enable)
    SD_WideBus_Enable                        0x08002f11   Thumb Code    78  stm32f4xx_hal_sd.o(i.SD_WideBus_Enable)
    i.SD_initialize                          0x08002f60   Section        0  sd_diskio.o(i.SD_initialize)
    i.SD_ioctl                               0x08002f80   Section        0  sd_diskio.o(i.SD_ioctl)
    i.SD_read                                0x08002fd0   Section        0  sd_diskio.o(i.SD_read)
    i.SD_status                              0x0800303c   Section        0  sd_diskio.o(i.SD_status)
    i.SD_write                               0x08003040   Section        0  sd_diskio.o(i.SD_write)
    i.SVC_Handler                            0x080030ac   Section        0  stm32f4xx_it.o(i.SVC_Handler)
    i.SysTick_Handler                        0x080030ae   Section        0  stm32f4xx_it.o(i.SysTick_Handler)
    i.SystemClock_Config                     0x080030bc   Section        0  main.o(i.SystemClock_Config)
    i.SystemInit                             0x0800317c   Section        0  system_stm32f4xx.o(i.SystemInit)
    i.Test                                   0x080031d0   Section        0  gradientdescent.o(i.Test)
    i.UART_SetConfig                         0x080031e0   Section        0  stm32f4xx_hal_uart.o(i.UART_SetConfig)
    UART_SetConfig                           0x080031e1   Thumb Code   676  stm32f4xx_hal_uart.o(i.UART_SetConfig)
    i.UART_WaitOnFlagUntilTimeout            0x0800348c   Section        0  stm32f4xx_hal_uart.o(i.UART_WaitOnFlagUntilTimeout)
    UART_WaitOnFlagUntilTimeout              0x0800348d   Thumb Code   100  stm32f4xx_hal_uart.o(i.UART_WaitOnFlagUntilTimeout)
    i.UsageFault_Handler                     0x080034f0   Section        0  stm32f4xx_it.o(i.UsageFault_Handler)
    i._Error_Handler                         0x080034f4   Section        0  main.o(i._Error_Handler)
    i.__0printf                              0x08003518   Section        0  printfa.o(i.__0printf)
    i.__ARM_fpclassify                       0x08003538   Section        0  fpclassify.o(i.__ARM_fpclassify)
    i.__hardfp_exp                           0x08003568   Section        0  exp.o(i.__hardfp_exp)
    i.__kernel_poly                          0x080038c0   Section        0  poly.o(i.__kernel_poly)
    i.__mathlib_dbl_infnan                   0x080039b8   Section        0  dunder.o(i.__mathlib_dbl_infnan)
    i.__mathlib_dbl_overflow                 0x080039d0   Section        0  dunder.o(i.__mathlib_dbl_overflow)
    i.__mathlib_dbl_underflow                0x080039f0   Section        0  dunder.o(i.__mathlib_dbl_underflow)
    i.__scatterload_copy                     0x08003a10   Section       14  handlers.o(i.__scatterload_copy)
    i.__scatterload_null                     0x08003a1e   Section        2  handlers.o(i.__scatterload_null)
    i.__scatterload_zeroinit                 0x08003a20   Section       14  handlers.o(i.__scatterload_zeroinit)
    i.__set_errno                            0x08003a30   Section        0  errno.o(i.__set_errno)
    i._fp_digits                             0x08003a3c   Section        0  printfa.o(i._fp_digits)
    _fp_digits                               0x08003a3d   Thumb Code   366  printfa.o(i._fp_digits)
    i._printf_core                           0x08003bc0   Section        0  printfa.o(i._printf_core)
    _printf_core                             0x08003bc1   Thumb Code  1744  printfa.o(i._printf_core)
    i._printf_post_padding                   0x0800429c   Section        0  printfa.o(i._printf_post_padding)
    _printf_post_padding                     0x0800429d   Thumb Code    36  printfa.o(i._printf_post_padding)
    i._printf_pre_padding                    0x080042c0   Section        0  printfa.o(i._printf_pre_padding)
    _printf_pre_padding                      0x080042c1   Thumb Code    46  printfa.o(i._printf_pre_padding)
    i.fputc                                  0x080042f0   Section        0  usart.o(i.fputc)
    i.main                                   0x08004308   Section        0  main.o(i.main)
    i.matAddexp                              0x080043b0   Section        0  matrix.o(i.matAddexp)
    i.matAlgorithm                           0x08004414   Section        0  matrix.o(i.matAlgorithm)
    i.matApendDat                            0x080044a8   Section        0  matrix.o(i.matApendDat)
    i.matApendDatU8                          0x080044d8   Section        0  matrix.o(i.matApendDatU8)
    i.matDot                                 0x08004510   Section        0  matrix.o(i.matDot)
    i.matIteraAlgorithm                      0x0800459c   Section        0  matrix.o(i.matIteraAlgorithm)
    i.matMalloc                              0x0800467c   Section        0  matrix.o(i.matMalloc)
    i.matSigmoid                             0x080046bc   Section        0  matrix.o(i.matSigmoid)
    i.matSoftmax                             0x080046fe   Section        0  matrix.o(i.matSoftmax)
    i.matSub                                 0x080047b0   Section        0  matrix.o(i.matSub)
    i.matrix_Append                          0x08004848   Section        0  matrix.o(i.matrix_Append)
    i.matrix_CutOut                          0x080049dc   Section        0  matrix.o(i.matrix_CutOut)
    i.matrix_Num                             0x08004acc   Section        0  matrix.o(i.matrix_Num)
    i.matrix_One                             0x08004b0a   Section        0  matrix.o(i.matrix_One)
    i.matrix_T                               0x08004b12   Section        0  matrix.o(i.matrix_T)
    i.matrix_Zero                            0x08004b58   Section        0  matrix.o(i.matrix_Zero)
    i.numpy_Init                             0x08004b64   Section        0  numpy.o(i.numpy_Init)
    i.sigmoid                                0x08004be0   Section        0  matrix.o(i.sigmoid)
    .constdata                               0x08004c30   Section       48  main.o(.constdata)
    .constdata                               0x08004c60   Section       20  sd_diskio.o(.constdata)
    .constdata                               0x08004c74   Section        8  stm32f4xx_hal_dma.o(.constdata)
    flagBitshiftOffset                       0x08004c74   Data           8  stm32f4xx_hal_dma.o(.constdata)
    .constdata                               0x08004c7c   Section       16  system_stm32f4xx.o(.constdata)
    .constdata                               0x08004c8c   Section        8  system_stm32f4xx.o(.constdata)
    .constdata                               0x08004c98   Section       88  exp.o(.constdata)
    halF                                     0x08004c98   Data          16  exp.o(.constdata)
    ln2HI                                    0x08004ca8   Data          16  exp.o(.constdata)
    ln2LO                                    0x08004cb8   Data          16  exp.o(.constdata)
    P                                        0x08004cc8   Data          40  exp.o(.constdata)
    .data                                    0x20000000   Section        4  cui_malloc.o(.data)
    .data                                    0x20000004   Section       12  sd_diskio.o(.data)
    Stat                                     0x20000004   Data           1  sd_diskio.o(.data)
    WriteStatus                              0x20000008   Data           4  sd_diskio.o(.data)
    ReadStatus                               0x2000000c   Data           4  sd_diskio.o(.data)
    .data                                    0x20000010   Section        5  fatfs.o(.data)
    .data                                    0x20000018   Section       12  stm32f4xx_hal.o(.data)
    .data                                    0x20000024   Section        4  system_stm32f4xx.o(.data)
    .data                                    0x20000028   Section        4  stdout.o(.data)
    .data                                    0x2000002c   Section        4  errno.o(.data)
    _errno                                   0x2000002c   Data           4  errno.o(.data)
    .bss                                     0x20000030   Section    158550  cui_malloc.o(.bss)
    .bss                                     0x20026b88   Section      324  sdio.o(.bss)
    .bss                                     0x20026ccc   Section       64  usart.o(.bss)
    .bss                                     0x20026d0c   Section       12  ff_gen_drv.o(.bss)
    STACK                                    0x20026d18   Section     2048  startup_stm32f429xx.o(STACK)

    Global Symbols

    Symbol Name                              Value     Ov Type        Size  Object(Section)

    BuildAttributes$$THM_ISAv4$E$P$D$K$B$S$7EM$VFPi3$EXTD16$VFPS$VFMA$PE$A:L22UL41UL21$X:L11$S22US41US21$IEEE1$IW$USESV6$~STKCKD$USESV7$~SHL$OTIME$ROPI$IEEEX$EBA8$MICROLIB$REQ8$PRES8$EABIv2 0x00000000   Number         0  anon$$obj.o ABSOLUTE
    __ARM_use_no_argv                        0x00000000   Number         0  main.o ABSOLUTE
    _printf_a                                0x00000000   Number         0  stubs.o ABSOLUTE
    _printf_c                                0x00000000   Number         0  stubs.o ABSOLUTE
    _printf_charcount                        0x00000000   Number         0  stubs.o ABSOLUTE
    _printf_d                                0x00000000   Number         0  stubs.o ABSOLUTE
    _printf_e                                0x00000000   Number         0  stubs.o ABSOLUTE
    _printf_f                                0x00000000   Number         0  stubs.o ABSOLUTE
    _printf_flags                            0x00000000   Number         0  stubs.o ABSOLUTE
    _printf_fp_dec                           0x00000000   Number         0  stubs.o ABSOLUTE
    _printf_fp_hex                           0x00000000   Number         0  stubs.o ABSOLUTE
    _printf_g                                0x00000000   Number         0  stubs.o ABSOLUTE
    _printf_i                                0x00000000   Number         0  stubs.o ABSOLUTE
    _printf_int_dec                          0x00000000   Number         0  stubs.o ABSOLUTE
    _printf_l                                0x00000000   Number         0  stubs.o ABSOLUTE
    _printf_lc                               0x00000000   Number         0  stubs.o ABSOLUTE
    _printf_ll                               0x00000000   Number         0  stubs.o ABSOLUTE
    _printf_lld                              0x00000000   Number         0  stubs.o ABSOLUTE
    _printf_lli                              0x00000000   Number         0  stubs.o ABSOLUTE
    _printf_llo                              0x00000000   Number         0  stubs.o ABSOLUTE
    _printf_llu                              0x00000000   Number         0  stubs.o ABSOLUTE
    _printf_llx                              0x00000000   Number         0  stubs.o ABSOLUTE
    _printf_longlong_dec                     0x00000000   Number         0  stubs.o ABSOLUTE
    _printf_longlong_hex                     0x00000000   Number         0  stubs.o ABSOLUTE
    _printf_longlong_oct                     0x00000000   Number         0  stubs.o ABSOLUTE
    _printf_ls                               0x00000000   Number         0  stubs.o ABSOLUTE
    _printf_mbtowc                           0x00000000   Number         0  stubs.o ABSOLUTE
    _printf_n                                0x00000000   Number         0  stubs.o ABSOLUTE
    _printf_o                                0x00000000   Number         0  stubs.o ABSOLUTE
    _printf_p                                0x00000000   Number         0  stubs.o ABSOLUTE
    _printf_percent                          0x00000000   Number         0  stubs.o ABSOLUTE
    _printf_pre_padding                      0x00000000   Number         0  stubs.o ABSOLUTE
    _printf_return_value                     0x00000000   Number         0  stubs.o ABSOLUTE
    _printf_s                                0x00000000   Number         0  stubs.o ABSOLUTE
    _printf_sizespec                         0x00000000   Number         0  stubs.o ABSOLUTE
    _printf_str                              0x00000000   Number         0  stubs.o ABSOLUTE
    _printf_truncate_signed                  0x00000000   Number         0  stubs.o ABSOLUTE
    _printf_truncate_unsigned                0x00000000   Number         0  stubs.o ABSOLUTE
    _printf_u                                0x00000000   Number         0  stubs.o ABSOLUTE
    _printf_wc                               0x00000000   Number         0  stubs.o ABSOLUTE
    _printf_wctomb                           0x00000000   Number         0  stubs.o ABSOLUTE
    _printf_widthprec                        0x00000000   Number         0  stubs.o ABSOLUTE
    _printf_x                                0x00000000   Number         0  stubs.o ABSOLUTE
    __cpp_initialize__aeabi_                  - Undefined Weak Reference
    __cxa_finalize                            - Undefined Weak Reference
    __decompress                              - Undefined Weak Reference
    _clock_init                               - Undefined Weak Reference
    _microlib_exit                            - Undefined Weak Reference
    __Vectors_Size                           0x000001ac   Number         0  startup_stm32f429xx.o ABSOLUTE
    __Vectors                                0x08000000   Data           4  startup_stm32f429xx.o(RESET)
    __Vectors_End                            0x080001ac   Data           0  startup_stm32f429xx.o(RESET)
    __main                                   0x080001ad   Thumb Code     0  entry.o(.ARM.Collect$$$$00000000)
    _main_stk                                0x080001ad   Thumb Code     0  entry2.o(.ARM.Collect$$$$00000001)
    _main_scatterload                        0x080001b1   Thumb Code     0  entry5.o(.ARM.Collect$$$$00000004)
    __main_after_scatterload                 0x080001b5   Thumb Code     0  entry5.o(.ARM.Collect$$$$00000004)
    _main_clock                              0x080001b5   Thumb Code     0  entry7b.o(.ARM.Collect$$$$00000008)
    _main_cpp_init                           0x080001b5   Thumb Code     0  entry8b.o(.ARM.Collect$$$$0000000A)
    _main_init                               0x080001b5   Thumb Code     0  entry9a.o(.ARM.Collect$$$$0000000B)
    __rt_final_cpp                           0x080001bd   Thumb Code     0  entry10a.o(.ARM.Collect$$$$0000000D)
    __rt_final_exit                          0x080001bd   Thumb Code     0  entry11a.o(.ARM.Collect$$$$0000000F)
    Reset_Handler                            0x080001c1   Thumb Code     8  startup_stm32f429xx.o(.text)
    ADC_IRQHandler                           0x080001db   Thumb Code     0  startup_stm32f429xx.o(.text)
    CAN1_RX0_IRQHandler                      0x080001db   Thumb Code     0  startup_stm32f429xx.o(.text)
    CAN1_RX1_IRQHandler                      0x080001db   Thumb Code     0  startup_stm32f429xx.o(.text)
    CAN1_SCE_IRQHandler                      0x080001db   Thumb Code     0  startup_stm32f429xx.o(.text)
    CAN1_TX_IRQHandler                       0x080001db   Thumb Code     0  startup_stm32f429xx.o(.text)
    CAN2_RX0_IRQHandler                      0x080001db   Thumb Code     0  startup_stm32f429xx.o(.text)
    CAN2_RX1_IRQHandler                      0x080001db   Thumb Code     0  startup_stm32f429xx.o(.text)
    CAN2_SCE_IRQHandler                      0x080001db   Thumb Code     0  startup_stm32f429xx.o(.text)
    CAN2_TX_IRQHandler                       0x080001db   Thumb Code     0  startup_stm32f429xx.o(.text)
    DCMI_IRQHandler                          0x080001db   Thumb Code     0  startup_stm32f429xx.o(.text)
    DMA1_Stream0_IRQHandler                  0x080001db   Thumb Code     0  startup_stm32f429xx.o(.text)
    DMA1_Stream1_IRQHandler                  0x080001db   Thumb Code     0  startup_stm32f429xx.o(.text)
    DMA1_Stream2_IRQHandler                  0x080001db   Thumb Code     0  startup_stm32f429xx.o(.text)
    DMA1_Stream3_IRQHandler                  0x080001db   Thumb Code     0  startup_stm32f429xx.o(.text)
    DMA1_Stream4_IRQHandler                  0x080001db   Thumb Code     0  startup_stm32f429xx.o(.text)
    DMA1_Stream5_IRQHandler                  0x080001db   Thumb Code     0  startup_stm32f429xx.o(.text)
    DMA1_Stream6_IRQHandler                  0x080001db   Thumb Code     0  startup_stm32f429xx.o(.text)
    DMA1_Stream7_IRQHandler                  0x080001db   Thumb Code     0  startup_stm32f429xx.o(.text)
    DMA2D_IRQHandler                         0x080001db   Thumb Code     0  startup_stm32f429xx.o(.text)
    DMA2_Stream0_IRQHandler                  0x080001db   Thumb Code     0  startup_stm32f429xx.o(.text)
    DMA2_Stream1_IRQHandler                  0x080001db   Thumb Code     0  startup_stm32f429xx.o(.text)
    DMA2_Stream2_IRQHandler                  0x080001db   Thumb Code     0  startup_stm32f429xx.o(.text)
    DMA2_Stream4_IRQHandler                  0x080001db   Thumb Code     0  startup_stm32f429xx.o(.text)
    DMA2_Stream5_IRQHandler                  0x080001db   Thumb Code     0  startup_stm32f429xx.o(.text)
    DMA2_Stream7_IRQHandler                  0x080001db   Thumb Code     0  startup_stm32f429xx.o(.text)
    ETH_IRQHandler                           0x080001db   Thumb Code     0  startup_stm32f429xx.o(.text)
    ETH_WKUP_IRQHandler                      0x080001db   Thumb Code     0  startup_stm32f429xx.o(.text)
    EXTI0_IRQHandler                         0x080001db   Thumb Code     0  startup_stm32f429xx.o(.text)
    EXTI15_10_IRQHandler                     0x080001db   Thumb Code     0  startup_stm32f429xx.o(.text)
    EXTI1_IRQHandler                         0x080001db   Thumb Code     0  startup_stm32f429xx.o(.text)
    EXTI2_IRQHandler                         0x080001db   Thumb Code     0  startup_stm32f429xx.o(.text)
    EXTI3_IRQHandler                         0x080001db   Thumb Code     0  startup_stm32f429xx.o(.text)
    EXTI4_IRQHandler                         0x080001db   Thumb Code     0  startup_stm32f429xx.o(.text)
    EXTI9_5_IRQHandler                       0x080001db   Thumb Code     0  startup_stm32f429xx.o(.text)
    FLASH_IRQHandler                         0x080001db   Thumb Code     0  startup_stm32f429xx.o(.text)
    FMC_IRQHandler                           0x080001db   Thumb Code     0  startup_stm32f429xx.o(.text)
    FPU_IRQHandler                           0x080001db   Thumb Code     0  startup_stm32f429xx.o(.text)
    HASH_RNG_IRQHandler                      0x080001db   Thumb Code     0  startup_stm32f429xx.o(.text)
    I2C1_ER_IRQHandler                       0x080001db   Thumb Code     0  startup_stm32f429xx.o(.text)
    I2C1_EV_IRQHandler                       0x080001db   Thumb Code     0  startup_stm32f429xx.o(.text)
    I2C2_ER_IRQHandler                       0x080001db   Thumb Code     0  startup_stm32f429xx.o(.text)
    I2C2_EV_IRQHandler                       0x080001db   Thumb Code     0  startup_stm32f429xx.o(.text)
    I2C3_ER_IRQHandler                       0x080001db   Thumb Code     0  startup_stm32f429xx.o(.text)
    I2C3_EV_IRQHandler                       0x080001db   Thumb Code     0  startup_stm32f429xx.o(.text)
    LTDC_ER_IRQHandler                       0x080001db   Thumb Code     0  startup_stm32f429xx.o(.text)
    LTDC_IRQHandler                          0x080001db   Thumb Code     0  startup_stm32f429xx.o(.text)
    OTG_FS_IRQHandler                        0x080001db   Thumb Code     0  startup_stm32f429xx.o(.text)
    OTG_FS_WKUP_IRQHandler                   0x080001db   Thumb Code     0  startup_stm32f429xx.o(.text)
    OTG_HS_EP1_IN_IRQHandler                 0x080001db   Thumb Code     0  startup_stm32f429xx.o(.text)
    OTG_HS_EP1_OUT_IRQHandler                0x080001db   Thumb Code     0  startup_stm32f429xx.o(.text)
    OTG_HS_IRQHandler                        0x080001db   Thumb Code     0  startup_stm32f429xx.o(.text)
    OTG_HS_WKUP_IRQHandler                   0x080001db   Thumb Code     0  startup_stm32f429xx.o(.text)
    PVD_IRQHandler                           0x080001db   Thumb Code     0  startup_stm32f429xx.o(.text)
    RCC_IRQHandler                           0x080001db   Thumb Code     0  startup_stm32f429xx.o(.text)
    RTC_Alarm_IRQHandler                     0x080001db   Thumb Code     0  startup_stm32f429xx.o(.text)
    RTC_WKUP_IRQHandler                      0x080001db   Thumb Code     0  startup_stm32f429xx.o(.text)
    SAI1_IRQHandler                          0x080001db   Thumb Code     0  startup_stm32f429xx.o(.text)
    SPI1_IRQHandler                          0x080001db   Thumb Code     0  startup_stm32f429xx.o(.text)
    SPI2_IRQHandler                          0x080001db   Thumb Code     0  startup_stm32f429xx.o(.text)
    SPI3_IRQHandler                          0x080001db   Thumb Code     0  startup_stm32f429xx.o(.text)
    SPI4_IRQHandler                          0x080001db   Thumb Code     0  startup_stm32f429xx.o(.text)
    SPI5_IRQHandler                          0x080001db   Thumb Code     0  startup_stm32f429xx.o(.text)
    SPI6_IRQHandler                          0x080001db   Thumb Code     0  startup_stm32f429xx.o(.text)
    TAMP_STAMP_IRQHandler                    0x080001db   Thumb Code     0  startup_stm32f429xx.o(.text)
    TIM1_BRK_TIM9_IRQHandler                 0x080001db   Thumb Code     0  startup_stm32f429xx.o(.text)
    TIM1_CC_IRQHandler                       0x080001db   Thumb Code     0  startup_stm32f429xx.o(.text)
    TIM1_TRG_COM_TIM11_IRQHandler            0x080001db   Thumb Code     0  startup_stm32f429xx.o(.text)
    TIM1_UP_TIM10_IRQHandler                 0x080001db   Thumb Code     0  startup_stm32f429xx.o(.text)
    TIM2_IRQHandler                          0x080001db   Thumb Code     0  startup_stm32f429xx.o(.text)
    TIM3_IRQHandler                          0x080001db   Thumb Code     0  startup_stm32f429xx.o(.text)
    TIM4_IRQHandler                          0x080001db   Thumb Code     0  startup_stm32f429xx.o(.text)
    TIM5_IRQHandler                          0x080001db   Thumb Code     0  startup_stm32f429xx.o(.text)
    TIM6_DAC_IRQHandler                      0x080001db   Thumb Code     0  startup_stm32f429xx.o(.text)
    TIM7_IRQHandler                          0x080001db   Thumb Code     0  startup_stm32f429xx.o(.text)
    TIM8_BRK_TIM12_IRQHandler                0x080001db   Thumb Code     0  startup_stm32f429xx.o(.text)
    TIM8_CC_IRQHandler                       0x080001db   Thumb Code     0  startup_stm32f429xx.o(.text)
    TIM8_TRG_COM_TIM14_IRQHandler            0x080001db   Thumb Code     0  startup_stm32f429xx.o(.text)
    TIM8_UP_TIM13_IRQHandler                 0x080001db   Thumb Code     0  startup_stm32f429xx.o(.text)
    UART4_IRQHandler                         0x080001db   Thumb Code     0  startup_stm32f429xx.o(.text)
    UART5_IRQHandler                         0x080001db   Thumb Code     0  startup_stm32f429xx.o(.text)
    UART7_IRQHandler                         0x080001db   Thumb Code     0  startup_stm32f429xx.o(.text)
    UART8_IRQHandler                         0x080001db   Thumb Code     0  startup_stm32f429xx.o(.text)
    USART1_IRQHandler                        0x080001db   Thumb Code     0  startup_stm32f429xx.o(.text)
    USART2_IRQHandler                        0x080001db   Thumb Code     0  startup_stm32f429xx.o(.text)
    USART3_IRQHandler                        0x080001db   Thumb Code     0  startup_stm32f429xx.o(.text)
    USART6_IRQHandler                        0x080001db   Thumb Code     0  startup_stm32f429xx.o(.text)
    WWDG_IRQHandler                          0x080001db   Thumb Code     0  startup_stm32f429xx.o(.text)
    __aeabi_uldivmod                         0x080001e5   Thumb Code    98  uldiv.o(.text)
    __aeabi_memcpy                           0x08000247   Thumb Code    36  memcpya.o(.text)
    __aeabi_memcpy4                          0x08000247   Thumb Code     0  memcpya.o(.text)
    __aeabi_memcpy8                          0x08000247   Thumb Code     0  memcpya.o(.text)
    __aeabi_dadd                             0x0800026b   Thumb Code   322  dadd.o(.text)
    __aeabi_dsub                             0x080003ad   Thumb Code     6  dadd.o(.text)
    __aeabi_drsub                            0x080003b3   Thumb Code     6  dadd.o(.text)
    __aeabi_ddiv                             0x080003b9   Thumb Code   222  ddiv.o(.text)
    __aeabi_f2d                              0x08000497   Thumb Code    38  f2d.o(.text)
    __aeabi_d2f                              0x080004bd   Thumb Code    56  d2f.o(.text)
    __aeabi_uidiv                            0x080004f5   Thumb Code     0  uidiv.o(.text)
    __aeabi_uidivmod                         0x080004f5   Thumb Code    44  uidiv.o(.text)
    __aeabi_llsl                             0x08000521   Thumb Code    30  llshl.o(.text)
    _ll_shift_l                              0x08000521   Thumb Code     0  llshl.o(.text)
    __aeabi_llsr                             0x0800053f   Thumb Code    32  llushr.o(.text)
    _ll_ushift_r                             0x0800053f   Thumb Code     0  llushr.o(.text)
    __aeabi_lasr                             0x0800055f   Thumb Code    36  llsshr.o(.text)
    _ll_sshift_r                             0x0800055f   Thumb Code     0  llsshr.o(.text)
    __I$use$fp                               0x08000583   Thumb Code     0  iusefp.o(.text)
    _float_round                             0x08000583   Thumb Code    18  fepilogue.o(.text)
    _float_epilogue                          0x08000595   Thumb Code    92  fepilogue.o(.text)
    _double_round                            0x080005f1   Thumb Code    30  depilogue.o(.text)
    _double_epilogue                         0x0800060f   Thumb Code   156  depilogue.o(.text)
    __aeabi_dmul                             0x080006ab   Thumb Code   228  dmul.o(.text)
    __aeabi_i2d                              0x0800078f   Thumb Code    34  dflti.o(.text)
    __aeabi_d2iz                             0x080007b1   Thumb Code    62  dfixi.o(.text)
    __aeabi_d2ulz                            0x080007ef   Thumb Code    48  dfixul.o(.text)
    __aeabi_cdcmpeq                          0x08000821   Thumb Code     0  cdcmple.o(.text)
    __aeabi_cdcmple                          0x08000821   Thumb Code    48  cdcmple.o(.text)
    __aeabi_cdrcmple                         0x08000851   Thumb Code    48  cdrcmple.o(.text)
    __scatterload                            0x08000881   Thumb Code    28  init.o(.text)
    __scatterload_rt2                        0x08000881   Thumb Code     0  init.o(.text)
    BSP_SD_AbortCallback                     0x080008a5   Thumb Code     2  bsp_driver_sd.o(i.BSP_SD_AbortCallback)
    BSP_SD_GetCardInfo                       0x080008a9   Thumb Code     8  bsp_driver_sd.o(i.BSP_SD_GetCardInfo)
    BSP_SD_GetCardState                      0x080008b5   Thumb Code    20  bsp_driver_sd.o(i.BSP_SD_GetCardState)
    BSP_SD_Init                              0x080008cd   Thumb Code    48  bsp_driver_sd.o(i.BSP_SD_Init)
    BSP_SD_ReadBlocks_DMA                    0x08000901   Thumb Code    24  bsp_driver_sd.o(i.BSP_SD_ReadBlocks_DMA)
    BSP_SD_ReadCpltCallback                  0x0800091d   Thumb Code     8  sd_diskio.o(i.BSP_SD_ReadCpltCallback)
    BSP_SD_WriteBlocks_DMA                   0x08000929   Thumb Code    24  bsp_driver_sd.o(i.BSP_SD_WriteBlocks_DMA)
    BSP_SD_WriteCpltCallback                 0x08000945   Thumb Code     8  sd_diskio.o(i.BSP_SD_WriteCpltCallback)
    BusFault_Handler                         0x08000951   Thumb Code     2  stm32f4xx_it.o(i.BusFault_Handler)
    CUI_MALLOC                               0x08000955   Thumb Code    30  cui_malloc.o(i.CUI_MALLOC)
    CUI_MALLOCMini                           0x0800097d   Thumb Code   132  cui_malloc.o(i.CUI_MALLOCMini)
    DMA2_Stream3_IRQHandler                  0x08000a11   Thumb Code     6  stm32f4xx_it.o(i.DMA2_Stream3_IRQHandler)
    DMA2_Stream6_IRQHandler                  0x08000a1d   Thumb Code     6  stm32f4xx_it.o(i.DMA2_Stream6_IRQHandler)
    DebugMon_Handler                         0x08000acd   Thumb Code     2  stm32f4xx_it.o(i.DebugMon_Handler)
    FATFS_LinkDriver                         0x08000acf   Thumb Code     6  ff_gen_drv.o(i.FATFS_LinkDriver)
    FATFS_LinkDriverEx                       0x08000ad5   Thumb Code    58  ff_gen_drv.o(i.FATFS_LinkDriverEx)
    FreeCUI_MALLOC                           0x08000b15   Thumb Code   122  cui_malloc.o(i.FreeCUI_MALLOC)
    Free_MallocGE                            0x08000ba1   Thumb Code    86  cui_malloc.o(i.Free_MallocGE)
    GetMatLength                             0x08000bf7   Thumb Code     8  matrix.o(i.GetMatLength)
    GetMat_MultAdd                           0x08000c01   Thumb Code    64  matrix.o(i.GetMat_MultAdd)
    Get_Mat                                  0x08000c45   Thumb Code    34  matrix.o(i.Get_Mat)
    Get_MatAddr                              0x08000c67   Thumb Code    32  matrix.o(i.Get_MatAddr)
    HAL_DMA_Abort_IT                         0x08000c87   Thumb Code    36  stm32f4xx_hal_dma.o(i.HAL_DMA_Abort_IT)
    HAL_DMA_IRQHandler                       0x08000cad   Thumb Code   412  stm32f4xx_hal_dma.o(i.HAL_DMA_IRQHandler)
    HAL_DMA_Init                             0x08000e4d   Thumb Code   206  stm32f4xx_hal_dma.o(i.HAL_DMA_Init)
    HAL_DMA_Start_IT                         0x08000f21   Thumb Code   120  stm32f4xx_hal_dma.o(i.HAL_DMA_Start_IT)
    HAL_Delay                                0x08000f99   Thumb Code    32  stm32f4xx_hal.o(i.HAL_Delay)
    HAL_GPIO_Init                            0x08000fbd   Thumb Code   408  stm32f4xx_hal_gpio.o(i.HAL_GPIO_Init)
    HAL_GetTick                              0x08001189   Thumb Code     6  stm32f4xx_hal.o(i.HAL_GetTick)
    HAL_IncTick                              0x08001195   Thumb Code    12  stm32f4xx_hal.o(i.HAL_IncTick)
    HAL_Init                                 0x080011a5   Thumb Code    48  stm32f4xx_hal.o(i.HAL_Init)
    HAL_InitTick                             0x080011d9   Thumb Code    54  stm32f4xx_hal.o(i.HAL_InitTick)
    HAL_MspInit                              0x08001219   Thumb Code   126  stm32f4xx_hal_msp.o(i.HAL_MspInit)
    HAL_NVIC_EnableIRQ                       0x0800129d   Thumb Code    22  stm32f4xx_hal_cortex.o(i.HAL_NVIC_EnableIRQ)
    HAL_NVIC_SetPriority                     0x080012b5   Thumb Code    60  stm32f4xx_hal_cortex.o(i.HAL_NVIC_SetPriority)
    HAL_NVIC_SetPriorityGrouping             0x080012f5   Thumb Code    26  stm32f4xx_hal_cortex.o(i.HAL_NVIC_SetPriorityGrouping)
    HAL_PWREx_EnableOverDrive                0x08001319   Thumb Code    98  stm32f4xx_hal_pwr_ex.o(i.HAL_PWREx_EnableOverDrive)
    HAL_RCC_ClockConfig                      0x08001389   Thumb Code   286  stm32f4xx_hal_rcc.o(i.HAL_RCC_ClockConfig)
    HAL_RCC_GetHCLKFreq                      0x080014b9   Thumb Code     6  stm32f4xx_hal_rcc.o(i.HAL_RCC_GetHCLKFreq)
    HAL_RCC_GetPCLK1Freq                     0x080014c5   Thumb Code    20  stm32f4xx_hal_rcc.o(i.HAL_RCC_GetPCLK1Freq)
    HAL_RCC_GetPCLK2Freq                     0x080014e5   Thumb Code    20  stm32f4xx_hal_rcc.o(i.HAL_RCC_GetPCLK2Freq)
    HAL_RCC_GetSysClockFreq                  0x08001505   Thumb Code    88  stm32f4xx_hal_rcc.o(i.HAL_RCC_GetSysClockFreq)
    HAL_RCC_OscConfig                        0x08001569   Thumb Code   770  stm32f4xx_hal_rcc.o(i.HAL_RCC_OscConfig)
    HAL_SD_AbortCallback                     0x08001885   Thumb Code     8  bsp_driver_sd.o(i.HAL_SD_AbortCallback)
    HAL_SD_ConfigWideBusOperation            0x0800188d   Thumb Code   120  stm32f4xx_hal_sd.o(i.HAL_SD_ConfigWideBusOperation)
    HAL_SD_ErrorCallback                     0x08001905   Thumb Code     2  stm32f4xx_hal_sd.o(i.HAL_SD_ErrorCallback)
    HAL_SD_GetCardCSD                        0x08001907   Thumb Code   474  stm32f4xx_hal_sd.o(i.HAL_SD_GetCardCSD)
    HAL_SD_GetCardInfo                       0x08001ae1   Thumb Code    36  stm32f4xx_hal_sd.o(i.HAL_SD_GetCardInfo)
    HAL_SD_GetCardState                      0x08001b05   Thumb Code    44  stm32f4xx_hal_sd.o(i.HAL_SD_GetCardState)
    HAL_SD_IRQHandler                        0x08001b31   Thumb Code   438  stm32f4xx_hal_sd.o(i.HAL_SD_IRQHandler)
    HAL_SD_Init                              0x08001cf1   Thumb Code    54  stm32f4xx_hal_sd.o(i.HAL_SD_Init)
    HAL_SD_InitCard                          0x08001d29   Thumb Code    80  stm32f4xx_hal_sd.o(i.HAL_SD_InitCard)
    HAL_SD_MspInit                           0x08001d7d   Thumb Code   256  sdio.o(i.HAL_SD_MspInit)
    HAL_SD_ReadBlocks_DMA                    0x08001ea5   Thumb Code   230  stm32f4xx_hal_sd.o(i.HAL_SD_ReadBlocks_DMA)
    HAL_SD_RxCpltCallback                    0x08001f99   Thumb Code     8  bsp_driver_sd.o(i.HAL_SD_RxCpltCallback)
    HAL_SD_TxCpltCallback                    0x08001fa1   Thumb Code     8  bsp_driver_sd.o(i.HAL_SD_TxCpltCallback)
    HAL_SD_WriteBlocks_DMA                   0x08001fa9   Thumb Code   232  stm32f4xx_hal_sd.o(i.HAL_SD_WriteBlocks_DMA)
    HAL_SYSTICK_CLKSourceConfig              0x0800209d   Thumb Code    24  stm32f4xx_hal_cortex.o(i.HAL_SYSTICK_CLKSourceConfig)
    HAL_SYSTICK_Callback                     0x080020b5   Thumb Code     2  stm32f4xx_hal_cortex.o(i.HAL_SYSTICK_Callback)
    HAL_SYSTICK_Config                       0x080020b7   Thumb Code    40  stm32f4xx_hal_cortex.o(i.HAL_SYSTICK_Config)
    HAL_SYSTICK_IRQHandler                   0x080020df   Thumb Code     8  stm32f4xx_hal_cortex.o(i.HAL_SYSTICK_IRQHandler)
    HAL_UART_Init                            0x080020e7   Thumb Code    98  stm32f4xx_hal_uart.o(i.HAL_UART_Init)
    HAL_UART_MspInit                         0x08002149   Thumb Code    64  usart.o(i.HAL_UART_MspInit)
    HAL_UART_Transmit                        0x08002195   Thumb Code   186  stm32f4xx_hal_uart.o(i.HAL_UART_Transmit)
    HardFault_Handler                        0x0800224f   Thumb Code     2  stm32f4xx_it.o(i.HardFault_Handler)
    MX_DMA_Init                              0x08002251   Thumb Code    56  dma.o(i.MX_DMA_Init)
    MX_FATFS_Init                            0x0800228d   Thumb Code    18  fatfs.o(i.MX_FATFS_Init)
    MX_GPIO_Init                             0x080022a9   Thumb Code    70  gpio.o(i.MX_GPIO_Init)
    MX_SDIO_SD_Init                          0x080022f5   Thumb Code    22  sdio.o(i.MX_SDIO_SD_Init)
    MX_USART1_UART_Init                      0x08002315   Thumb Code    52  usart.o(i.MX_USART1_UART_Init)
    MallocGE                                 0x08002361   Thumb Code   174  cui_malloc.o(i.MallocGE)
    MemManage_Handler                        0x0800240f   Thumb Code     2  stm32f4xx_it.o(i.MemManage_Handler)
    NMI_Handler                              0x08002411   Thumb Code     2  stm32f4xx_it.o(i.NMI_Handler)
    PendSV_Handler                           0x08002433   Thumb Code     2  stm32f4xx_it.o(i.PendSV_Handler)
    PrintMat                                 0x08002435   Thumb Code    86  matrix.o(i.PrintMat)
    SDIO_ConfigData                          0x080024a9   Thumb Code    36  stm32f4xx_ll_sdmmc.o(i.SDIO_ConfigData)
    SDIO_GetPowerState                       0x080024cd   Thumb Code     8  stm32f4xx_ll_sdmmc.o(i.SDIO_GetPowerState)
    SDIO_GetResponse                         0x080024d5   Thumb Code    12  stm32f4xx_ll_sdmmc.o(i.SDIO_GetResponse)
    SDIO_IRQHandler                          0x080024e1   Thumb Code     6  stm32f4xx_it.o(i.SDIO_IRQHandler)
    SDIO_Init                                0x080024ed   Thumb Code    36  stm32f4xx_ll_sdmmc.o(i.SDIO_Init)
    SDIO_PowerState_ON                       0x08002511   Thumb Code     8  stm32f4xx_ll_sdmmc.o(i.SDIO_PowerState_ON)
    SDIO_ReadFIFO                            0x08002519   Thumb Code     6  stm32f4xx_ll_sdmmc.o(i.SDIO_ReadFIFO)
    SDIO_SendCommand                         0x0800251f   Thumb Code    32  stm32f4xx_ll_sdmmc.o(i.SDIO_SendCommand)
    SDIO_WriteFIFO                           0x0800253f   Thumb Code    10  stm32f4xx_ll_sdmmc.o(i.SDIO_WriteFIFO)
    SDMMC_CmdAppCommand                      0x08002549   Thumb Code    50  stm32f4xx_ll_sdmmc.o(i.SDMMC_CmdAppCommand)
    SDMMC_CmdAppOperCommand                  0x0800257d   Thumb Code    48  stm32f4xx_ll_sdmmc.o(i.SDMMC_CmdAppOperCommand)
    SDMMC_CmdBlockLength                     0x080025b1   Thumb Code    50  stm32f4xx_ll_sdmmc.o(i.SDMMC_CmdBlockLength)
    SDMMC_CmdBusWidth                        0x080025e3   Thumb Code    50  stm32f4xx_ll_sdmmc.o(i.SDMMC_CmdBusWidth)
    SDMMC_CmdGoIdleState                     0x08002615   Thumb Code    76  stm32f4xx_ll_sdmmc.o(i.SDMMC_CmdGoIdleState)
    SDMMC_CmdOperCond                        0x08002665   Thumb Code    98  stm32f4xx_ll_sdmmc.o(i.SDMMC_CmdOperCond)
    SDMMC_CmdReadMultiBlock                  0x080026cd   Thumb Code    50  stm32f4xx_ll_sdmmc.o(i.SDMMC_CmdReadMultiBlock)
    SDMMC_CmdReadSingleBlock                 0x080026ff   Thumb Code    50  stm32f4xx_ll_sdmmc.o(i.SDMMC_CmdReadSingleBlock)
    SDMMC_CmdSelDesel                        0x08002731   Thumb Code    50  stm32f4xx_ll_sdmmc.o(i.SDMMC_CmdSelDesel)
    SDMMC_CmdSendCID                         0x08002763   Thumb Code    44  stm32f4xx_ll_sdmmc.o(i.SDMMC_CmdSendCID)
    SDMMC_CmdSendCSD                         0x0800278f   Thumb Code    44  stm32f4xx_ll_sdmmc.o(i.SDMMC_CmdSendCSD)
    SDMMC_CmdSendSCR                         0x080027bb   Thumb Code    48  stm32f4xx_ll_sdmmc.o(i.SDMMC_CmdSendSCR)
    SDMMC_CmdSendStatus                      0x080027eb   Thumb Code    50  stm32f4xx_ll_sdmmc.o(i.SDMMC_CmdSendStatus)
    SDMMC_CmdSetRelAdd                       0x0800281d   Thumb Code    48  stm32f4xx_ll_sdmmc.o(i.SDMMC_CmdSetRelAdd)
    SDMMC_CmdStopTransfer                    0x0800284d   Thumb Code    46  stm32f4xx_ll_sdmmc.o(i.SDMMC_CmdStopTransfer)
    SDMMC_CmdWriteMultiBlock                 0x08002881   Thumb Code    50  stm32f4xx_ll_sdmmc.o(i.SDMMC_CmdWriteMultiBlock)
    SDMMC_CmdWriteSingleBlock                0x080028b3   Thumb Code    50  stm32f4xx_ll_sdmmc.o(i.SDMMC_CmdWriteSingleBlock)
    SD_initialize                            0x08002f61   Thumb Code    28  sd_diskio.o(i.SD_initialize)
    SD_ioctl                                 0x08002f81   Thumb Code    76  sd_diskio.o(i.SD_ioctl)
    SD_read                                  0x08002fd1   Thumb Code   102  sd_diskio.o(i.SD_read)
    SD_status                                0x0800303d   Thumb Code     4  sd_diskio.o(i.SD_status)
    SD_write                                 0x08003041   Thumb Code   102  sd_diskio.o(i.SD_write)
    SVC_Handler                              0x080030ad   Thumb Code     2  stm32f4xx_it.o(i.SVC_Handler)
    SysTick_Handler                          0x080030af   Thumb Code    14  stm32f4xx_it.o(i.SysTick_Handler)
    SystemClock_Config                       0x080030bd   Thumb Code   166  main.o(i.SystemClock_Config)
    SystemInit                               0x0800317d   Thumb Code    66  system_stm32f4xx.o(i.SystemInit)
    Test                                     0x080031d1   Thumb Code    14  gradientdescent.o(i.Test)
    UsageFault_Handler                       0x080034f1   Thumb Code     2  stm32f4xx_it.o(i.UsageFault_Handler)
    _Error_Handler                           0x080034f5   Thumb Code    12  main.o(i._Error_Handler)
    __0printf                                0x08003519   Thumb Code    22  printfa.o(i.__0printf)
    __1printf                                0x08003519   Thumb Code     0  printfa.o(i.__0printf)
    __2printf                                0x08003519   Thumb Code     0  printfa.o(i.__0printf)
    __c89printf                              0x08003519   Thumb Code     0  printfa.o(i.__0printf)
    printf                                   0x08003519   Thumb Code     0  printfa.o(i.__0printf)
    __ARM_fpclassify                         0x08003539   Thumb Code    48  fpclassify.o(i.__ARM_fpclassify)
    __hardfp_exp                             0x08003569   Thumb Code   714  exp.o(i.__hardfp_exp)
    __kernel_poly                            0x080038c1   Thumb Code   248  poly.o(i.__kernel_poly)
    __mathlib_dbl_infnan                     0x080039b9   Thumb Code    20  dunder.o(i.__mathlib_dbl_infnan)
    __mathlib_dbl_overflow                   0x080039d1   Thumb Code    24  dunder.o(i.__mathlib_dbl_overflow)
    __mathlib_dbl_underflow                  0x080039f1   Thumb Code    24  dunder.o(i.__mathlib_dbl_underflow)
    __scatterload_copy                       0x08003a11   Thumb Code    14  handlers.o(i.__scatterload_copy)
    __scatterload_null                       0x08003a1f   Thumb Code     2  handlers.o(i.__scatterload_null)
    __scatterload_zeroinit                   0x08003a21   Thumb Code    14  handlers.o(i.__scatterload_zeroinit)
    __set_errno                              0x08003a31   Thumb Code     6  errno.o(i.__set_errno)
    fputc                                    0x080042f1   Thumb Code    20  usart.o(i.fputc)
    main                                     0x08004309   Thumb Code   122  main.o(i.main)
    matAddexp                                0x080043b1   Thumb Code    94  matrix.o(i.matAddexp)
    matAlgorithm                             0x08004415   Thumb Code   146  matrix.o(i.matAlgorithm)
    matApendDat                              0x080044a9   Thumb Code    48  matrix.o(i.matApendDat)
    matApendDatU8                            0x080044d9   Thumb Code    56  matrix.o(i.matApendDatU8)
    matDot                                   0x08004511   Thumb Code    94  matrix.o(i.matDot)
    matIteraAlgorithm                        0x0800459d   Thumb Code   156  matrix.o(i.matIteraAlgorithm)
    matMalloc                                0x0800467d   Thumb Code    36  matrix.o(i.matMalloc)
    matSigmoid                               0x080046bd   Thumb Code    66  matrix.o(i.matSigmoid)
    matSoftmax                               0x080046ff   Thumb Code   176  matrix.o(i.matSoftmax)
    matSub                                   0x080047b1   Thumb Code   118  matrix.o(i.matSub)
    matrix_Append                            0x08004849   Thumb Code   286  matrix.o(i.matrix_Append)
    matrix_CutOut                            0x080049dd   Thumb Code   186  matrix.o(i.matrix_CutOut)
    matrix_Num                               0x08004acd   Thumb Code    62  matrix.o(i.matrix_Num)
    matrix_One                               0x08004b0b   Thumb Code     8  matrix.o(i.matrix_One)
    matrix_T                                 0x08004b13   Thumb Code    70  matrix.o(i.matrix_T)
    matrix_Zero                              0x08004b59   Thumb Code     8  matrix.o(i.matrix_Zero)
    numpy_Init                               0x08004b65   Thumb Code    62  numpy.o(i.numpy_Init)
    sigmoid                                  0x08004be1   Thumb Code    72  matrix.o(i.sigmoid)
    SD_Driver                                0x08004c60   Data          20  sd_diskio.o(.constdata)
    AHBPrescTable                            0x08004c7c   Data          16  system_stm32f4xx.o(.constdata)
    APBPrescTable                            0x08004c8c   Data           8  system_stm32f4xx.o(.constdata)
    Region$$Table$$Base                      0x08004cf0   Number         0  anon$$obj.o(Region$$Table)
    Region$$Table$$Limit                     0x08004d10   Number         0  anon$$obj.o(Region$$Table)
    pFirstMini                               0x20000000   Data           4  cui_malloc.o(.data)
    retSD                                    0x20000010   Data           1  fatfs.o(.data)
    SDPath                                   0x20000011   Data           4  fatfs.o(.data)
    uwTickFreq                               0x20000018   Data           1  stm32f4xx_hal.o(.data)
    uwTickPrio                               0x2000001c   Data           4  stm32f4xx_hal.o(.data)
    uwTick                                   0x20000020   Data           4  stm32f4xx_hal.o(.data)
    SystemCoreClock                          0x20000024   Data           4  system_stm32f4xx.o(.data)
    __stdout                                 0x20000028   Data           4  stdout.o(.data)
    CUI_MALLOCArray                          0x20000030   Data       158400  cui_malloc.o(.bss)
    indexMalloc                              0x20026af0   Data         150  cui_malloc.o(.bss)
    hsd                                      0x20026b88   Data         132  sdio.o(.bss)
    hdma_sdio_rx                             0x20026c0c   Data          96  sdio.o(.bss)
    hdma_sdio_tx                             0x20026c6c   Data          96  sdio.o(.bss)
    huart1                                   0x20026ccc   Data          64  usart.o(.bss)
    disk                                     0x20026d0c   Data          12  ff_gen_drv.o(.bss)
    __initial_sp                             0x20027518   Data           0  startup_stm32f429xx.o(STACK)



==============================================================================

Memory Map of the image

  Image Entry point : 0x080001ad

  Load Region LR_IROM1 (Base: 0x08000000, Size: 0x00004d40, Max: 0x00100000, ABSOLUTE)

    Execution Region ER_IROM1 (Exec base: 0x08000000, Load base: 0x08000000, Size: 0x00004d10, Max: 0x00100000, ABSOLUTE)

    Exec Addr    Load Addr    Size         Type   Attr      Idx    E Section Name        Object

    0x08000000   0x08000000   0x000001ac   Data   RO            3    RESET               startup_stm32f429xx.o
    0x080001ac   0x080001ac   0x00000000   Code   RO         3559  * .ARM.Collect$$$$00000000  mc_w.l(entry.o)
    0x080001ac   0x080001ac   0x00000004   Code   RO         3870    .ARM.Collect$$$$00000001  mc_w.l(entry2.o)
    0x080001b0   0x080001b0   0x00000004   Code   RO         3873    .ARM.Collect$$$$00000004  mc_w.l(entry5.o)
    0x080001b4   0x080001b4   0x00000000   Code   RO         3875    .ARM.Collect$$$$00000008  mc_w.l(entry7b.o)
    0x080001b4   0x080001b4   0x00000000   Code   RO         3877    .ARM.Collect$$$$0000000A  mc_w.l(entry8b.o)
    0x080001b4   0x080001b4   0x00000008   Code   RO         3878    .ARM.Collect$$$$0000000B  mc_w.l(entry9a.o)
    0x080001bc   0x080001bc   0x00000000   Code   RO         3880    .ARM.Collect$$$$0000000D  mc_w.l(entry10a.o)
    0x080001bc   0x080001bc   0x00000000   Code   RO         3882    .ARM.Collect$$$$0000000F  mc_w.l(entry11a.o)
    0x080001bc   0x080001bc   0x00000004   Code   RO         3871    .ARM.Collect$$$$00002712  mc_w.l(entry2.o)
    0x080001c0   0x080001c0   0x00000024   Code   RO            4    .text               startup_stm32f429xx.o
    0x080001e4   0x080001e4   0x00000062   Code   RO         3562    .text               mc_w.l(uldiv.o)
    0x08000246   0x08000246   0x00000024   Code   RO         3564    .text               mc_w.l(memcpya.o)
    0x0800026a   0x0800026a   0x0000014e   Code   RO         3829    .text               mf_w.l(dadd.o)
    0x080003b8   0x080003b8   0x000000de   Code   RO         3831    .text               mf_w.l(ddiv.o)
    0x08000496   0x08000496   0x00000026   Code   RO         3833    .text               mf_w.l(f2d.o)
    0x080004bc   0x080004bc   0x00000038   Code   RO         3835    .text               mf_w.l(d2f.o)
    0x080004f4   0x080004f4   0x0000002c   Code   RO         3885    .text               mc_w.l(uidiv.o)
    0x08000520   0x08000520   0x0000001e   Code   RO         3887    .text               mc_w.l(llshl.o)
    0x0800053e   0x0800053e   0x00000020   Code   RO         3889    .text               mc_w.l(llushr.o)
    0x0800055e   0x0800055e   0x00000024   Code   RO         3891    .text               mc_w.l(llsshr.o)
    0x08000582   0x08000582   0x00000000   Code   RO         3900    .text               mc_w.l(iusefp.o)
    0x08000582   0x08000582   0x0000006e   Code   RO         3901    .text               mf_w.l(fepilogue.o)
    0x080005f0   0x080005f0   0x000000ba   Code   RO         3903    .text               mf_w.l(depilogue.o)
    0x080006aa   0x080006aa   0x000000e4   Code   RO         3905    .text               mf_w.l(dmul.o)
    0x0800078e   0x0800078e   0x00000022   Code   RO         3909    .text               mf_w.l(dflti.o)
    0x080007b0   0x080007b0   0x0000003e   Code   RO         3911    .text               mf_w.l(dfixi.o)
    0x080007ee   0x080007ee   0x00000030   Code   RO         3913    .text               mf_w.l(dfixul.o)
    0x0800081e   0x0800081e   0x00000002   PAD
    0x08000820   0x08000820   0x00000030   Code   RO         3915    .text               mf_w.l(cdcmple.o)
    0x08000850   0x08000850   0x00000030   Code   RO         3917    .text               mf_w.l(cdrcmple.o)
    0x08000880   0x08000880   0x00000024   Code   RO         3925    .text               mc_w.l(init.o)
    0x080008a4   0x080008a4   0x00000002   Code   RO          514    i.BSP_SD_AbortCallback  bsp_driver_sd.o
    0x080008a6   0x080008a6   0x00000002   PAD
    0x080008a8   0x080008a8   0x0000000c   Code   RO          520    i.BSP_SD_GetCardInfo  bsp_driver_sd.o
    0x080008b4   0x080008b4   0x00000018   Code   RO          521    i.BSP_SD_GetCardState  bsp_driver_sd.o
    0x080008cc   0x080008cc   0x00000034   Code   RO          524    i.BSP_SD_Init       bsp_driver_sd.o
    0x08000900   0x08000900   0x0000001c   Code   RO          527    i.BSP_SD_ReadBlocks_DMA  bsp_driver_sd.o
    0x0800091c   0x0800091c   0x0000000c   Code   RO          658    i.BSP_SD_ReadCpltCallback  sd_diskio.o
    0x08000928   0x08000928   0x0000001c   Code   RO          530    i.BSP_SD_WriteBlocks_DMA  bsp_driver_sd.o
    0x08000944   0x08000944   0x0000000c   Code   RO          659    i.BSP_SD_WriteCpltCallback  sd_diskio.o
    0x08000950   0x08000950   0x00000002   Code   RO          858    i.BusFault_Handler  stm32f4xx_it.o
    0x08000952   0x08000952   0x00000002   PAD
    0x08000954   0x08000954   0x00000028   Code   RO          236    i.CUI_MALLOC        cui_malloc.o
    0x0800097c   0x0800097c   0x00000094   Code   RO          237    i.CUI_MALLOCMini    cui_malloc.o
    0x08000a10   0x08000a10   0x0000000c   Code   RO          859    i.DMA2_Stream3_IRQHandler  stm32f4xx_it.o
    0x08000a1c   0x08000a1c   0x0000000c   Code   RO          860    i.DMA2_Stream6_IRQHandler  stm32f4xx_it.o
    0x08000a28   0x08000a28   0x00000028   Code   RO         2348    i.DMA_CalcBaseAndBitshift  stm32f4xx_hal_dma.o
    0x08000a50   0x08000a50   0x00000054   Code   RO         2349    i.DMA_CheckFifoParam  stm32f4xx_hal_dma.o
    0x08000aa4   0x08000aa4   0x00000028   Code   RO         2350    i.DMA_SetConfig     stm32f4xx_hal_dma.o
    0x08000acc   0x08000acc   0x00000002   Code   RO          861    i.DebugMon_Handler  stm32f4xx_it.o
    0x08000ace   0x08000ace   0x00000006   Code   RO         3474    i.FATFS_LinkDriver  ff_gen_drv.o
    0x08000ad4   0x08000ad4   0x00000040   Code   RO         3475    i.FATFS_LinkDriverEx  ff_gen_drv.o
    0x08000b14   0x08000b14   0x0000008c   Code   RO          238    i.FreeCUI_MALLOC    cui_malloc.o
    0x08000ba0   0x08000ba0   0x00000056   Code   RO          239    i.Free_MallocGE     cui_malloc.o
    0x08000bf6   0x08000bf6   0x00000008   Code   RO           10    i.GetMatLength      matrix.o
    0x08000bfe   0x08000bfe   0x00000002   PAD
    0x08000c00   0x08000c00   0x00000044   Code   RO           11    i.GetMat_MultAdd    matrix.o
    0x08000c44   0x08000c44   0x00000022   Code   RO           12    i.Get_Mat           matrix.o
    0x08000c66   0x08000c66   0x00000020   Code   RO           13    i.Get_MatAddr       matrix.o
    0x08000c86   0x08000c86   0x00000024   Code   RO         2352    i.HAL_DMA_Abort_IT  stm32f4xx_hal_dma.o
    0x08000caa   0x08000caa   0x00000002   PAD
    0x08000cac   0x08000cac   0x000001a0   Code   RO         2356    i.HAL_DMA_IRQHandler  stm32f4xx_hal_dma.o
    0x08000e4c   0x08000e4c   0x000000d4   Code   RO         2357    i.HAL_DMA_Init      stm32f4xx_hal_dma.o
    0x08000f20   0x08000f20   0x00000078   Code   RO         2361    i.HAL_DMA_Start_IT  stm32f4xx_hal_dma.o
    0x08000f98   0x08000f98   0x00000024   Code   RO         2788    i.HAL_Delay         stm32f4xx_hal.o
    0x08000fbc   0x08000fbc   0x000001cc   Code   RO         2244    i.HAL_GPIO_Init     stm32f4xx_hal_gpio.o
    0x08001188   0x08001188   0x0000000c   Code   RO         2796    i.HAL_GetTick       stm32f4xx_hal.o
    0x08001194   0x08001194   0x00000010   Code   RO         2800    i.HAL_IncTick       stm32f4xx_hal.o
    0x080011a4   0x080011a4   0x00000034   Code   RO         2801    i.HAL_Init          stm32f4xx_hal.o
    0x080011d8   0x080011d8   0x00000040   Code   RO         2802    i.HAL_InitTick      stm32f4xx_hal.o
    0x08001218   0x08001218   0x00000084   Code   RO          952    i.HAL_MspInit       stm32f4xx_hal_msp.o
    0x0800129c   0x0800129c   0x00000016   Code   RO         2651    i.HAL_NVIC_EnableIRQ  stm32f4xx_hal_cortex.o
    0x080012b2   0x080012b2   0x00000002   PAD
    0x080012b4   0x080012b4   0x00000040   Code   RO         2657    i.HAL_NVIC_SetPriority  stm32f4xx_hal_cortex.o
    0x080012f4   0x080012f4   0x00000024   Code   RO         2658    i.HAL_NVIC_SetPriorityGrouping  stm32f4xx_hal_cortex.o
    0x08001318   0x08001318   0x00000070   Code   RO         2580    i.HAL_PWREx_EnableOverDrive  stm32f4xx_hal_pwr_ex.o
    0x08001388   0x08001388   0x00000130   Code   RO         1838    i.HAL_RCC_ClockConfig  stm32f4xx_hal_rcc.o
    0x080014b8   0x080014b8   0x0000000c   Code   RO         1843    i.HAL_RCC_GetHCLKFreq  stm32f4xx_hal_rcc.o
    0x080014c4   0x080014c4   0x00000020   Code   RO         1845    i.HAL_RCC_GetPCLK1Freq  stm32f4xx_hal_rcc.o
    0x080014e4   0x080014e4   0x00000020   Code   RO         1846    i.HAL_RCC_GetPCLK2Freq  stm32f4xx_hal_rcc.o
    0x08001504   0x08001504   0x00000064   Code   RO         1847    i.HAL_RCC_GetSysClockFreq  stm32f4xx_hal_rcc.o
    0x08001568   0x08001568   0x0000031c   Code   RO         1850    i.HAL_RCC_OscConfig  stm32f4xx_hal_rcc.o
    0x08001884   0x08001884   0x00000008   Code   RO          532    i.HAL_SD_AbortCallback  bsp_driver_sd.o
    0x0800188c   0x0800188c   0x00000078   Code   RO         1243    i.HAL_SD_ConfigWideBusOperation  stm32f4xx_hal_sd.o
    0x08001904   0x08001904   0x00000002   Code   RO         1246    i.HAL_SD_ErrorCallback  stm32f4xx_hal_sd.o
    0x08001906   0x08001906   0x000001da   Code   RO         1248    i.HAL_SD_GetCardCSD  stm32f4xx_hal_sd.o
    0x08001ae0   0x08001ae0   0x00000024   Code   RO         1249    i.HAL_SD_GetCardInfo  stm32f4xx_hal_sd.o
    0x08001b04   0x08001b04   0x0000002c   Code   RO         1250    i.HAL_SD_GetCardState  stm32f4xx_hal_sd.o
    0x08001b30   0x08001b30   0x000001c0   Code   RO         1254    i.HAL_SD_IRQHandler  stm32f4xx_hal_sd.o
    0x08001cf0   0x08001cf0   0x00000036   Code   RO         1255    i.HAL_SD_Init       stm32f4xx_hal_sd.o
    0x08001d26   0x08001d26   0x00000002   PAD
    0x08001d28   0x08001d28   0x00000054   Code   RO         1256    i.HAL_SD_InitCard   stm32f4xx_hal_sd.o
    0x08001d7c   0x08001d7c   0x00000128   Code   RO          769    i.HAL_SD_MspInit    sdio.o
    0x08001ea4   0x08001ea4   0x000000f4   Code   RO         1260    i.HAL_SD_ReadBlocks_DMA  stm32f4xx_hal_sd.o
    0x08001f98   0x08001f98   0x00000008   Code   RO          533    i.HAL_SD_RxCpltCallback  bsp_driver_sd.o
    0x08001fa0   0x08001fa0   0x00000008   Code   RO          534    i.HAL_SD_TxCpltCallback  bsp_driver_sd.o
    0x08001fa8   0x08001fa8   0x000000f4   Code   RO         1265    i.HAL_SD_WriteBlocks_DMA  stm32f4xx_hal_sd.o
    0x0800209c   0x0800209c   0x00000018   Code   RO         2660    i.HAL_SYSTICK_CLKSourceConfig  stm32f4xx_hal_cortex.o
    0x080020b4   0x080020b4   0x00000002   Code   RO         2661    i.HAL_SYSTICK_Callback  stm32f4xx_hal_cortex.o
    0x080020b6   0x080020b6   0x00000028   Code   RO         2662    i.HAL_SYSTICK_Config  stm32f4xx_hal_cortex.o
    0x080020de   0x080020de   0x00000008   Code   RO         2663    i.HAL_SYSTICK_IRQHandler  stm32f4xx_hal_cortex.o
    0x080020e6   0x080020e6   0x00000062   Code   RO         1536    i.HAL_UART_Init     stm32f4xx_hal_uart.o
    0x08002148   0x08002148   0x0000004c   Code   RO          811    i.HAL_UART_MspInit  usart.o
    0x08002194   0x08002194   0x000000ba   Code   RO         1544    i.HAL_UART_Transmit  stm32f4xx_hal_uart.o
    0x0800224e   0x0800224e   0x00000002   Code   RO          862    i.HardFault_Handler  stm32f4xx_it.o
    0x08002250   0x08002250   0x0000003c   Code   RO          490    i.MX_DMA_Init       dma.o
    0x0800228c   0x0800228c   0x0000001c   Code   RO          730    i.MX_FATFS_Init     fatfs.o
    0x080022a8   0x080022a8   0x0000004c   Code   RO          466    i.MX_GPIO_Init      gpio.o
    0x080022f4   0x080022f4   0x00000020   Code   RO          770    i.MX_SDIO_SD_Init   sdio.o
    0x08002314   0x08002314   0x0000004c   Code   RO          812    i.MX_USART1_UART_Init  usart.o
    0x08002360   0x08002360   0x000000ae   Code   RO          240    i.MallocGE          cui_malloc.o
    0x0800240e   0x0800240e   0x00000002   Code   RO          863    i.MemManage_Handler  stm32f4xx_it.o
    0x08002410   0x08002410   0x00000002   Code   RO          864    i.NMI_Handler       stm32f4xx_it.o
    0x08002412   0x08002412   0x00000020   Code   RO         2664    i.NVIC_SetPriority  stm32f4xx_hal_cortex.o
    0x08002432   0x08002432   0x00000002   Code   RO          865    i.PendSV_Handler    stm32f4xx_it.o
    0x08002434   0x08002434   0x00000074   Code   RO           14    i.PrintMat          matrix.o
    0x080024a8   0x080024a8   0x00000024   Code   RO          976    i.SDIO_ConfigData   stm32f4xx_ll_sdmmc.o
    0x080024cc   0x080024cc   0x00000008   Code   RO          980    i.SDIO_GetPowerState  stm32f4xx_ll_sdmmc.o
    0x080024d4   0x080024d4   0x0000000c   Code   RO          981    i.SDIO_GetResponse  stm32f4xx_ll_sdmmc.o
    0x080024e0   0x080024e0   0x0000000c   Code   RO          866    i.SDIO_IRQHandler   stm32f4xx_it.o
    0x080024ec   0x080024ec   0x00000024   Code   RO          982    i.SDIO_Init         stm32f4xx_ll_sdmmc.o
    0x08002510   0x08002510   0x00000008   Code   RO          984    i.SDIO_PowerState_ON  stm32f4xx_ll_sdmmc.o
    0x08002518   0x08002518   0x00000006   Code   RO          985    i.SDIO_ReadFIFO     stm32f4xx_ll_sdmmc.o
    0x0800251e   0x0800251e   0x00000020   Code   RO          986    i.SDIO_SendCommand  stm32f4xx_ll_sdmmc.o
    0x0800253e   0x0800253e   0x0000000a   Code   RO          988    i.SDIO_WriteFIFO    stm32f4xx_ll_sdmmc.o
    0x08002548   0x08002548   0x00000032   Code   RO          989    i.SDMMC_CmdAppCommand  stm32f4xx_ll_sdmmc.o
    0x0800257a   0x0800257a   0x00000002   PAD
    0x0800257c   0x0800257c   0x00000034   Code   RO          990    i.SDMMC_CmdAppOperCommand  stm32f4xx_ll_sdmmc.o
    0x080025b0   0x080025b0   0x00000032   Code   RO          991    i.SDMMC_CmdBlockLength  stm32f4xx_ll_sdmmc.o
    0x080025e2   0x080025e2   0x00000032   Code   RO          992    i.SDMMC_CmdBusWidth  stm32f4xx_ll_sdmmc.o
    0x08002614   0x08002614   0x00000050   Code   RO          996    i.SDMMC_CmdGoIdleState  stm32f4xx_ll_sdmmc.o
    0x08002664   0x08002664   0x00000068   Code   RO          998    i.SDMMC_CmdOperCond  stm32f4xx_ll_sdmmc.o
    0x080026cc   0x080026cc   0x00000032   Code   RO          999    i.SDMMC_CmdReadMultiBlock  stm32f4xx_ll_sdmmc.o
    0x080026fe   0x080026fe   0x00000032   Code   RO         1000    i.SDMMC_CmdReadSingleBlock  stm32f4xx_ll_sdmmc.o
    0x08002730   0x08002730   0x00000032   Code   RO         1003    i.SDMMC_CmdSelDesel  stm32f4xx_ll_sdmmc.o
    0x08002762   0x08002762   0x0000002c   Code   RO         1004    i.SDMMC_CmdSendCID  stm32f4xx_ll_sdmmc.o
    0x0800278e   0x0800278e   0x0000002c   Code   RO         1005    i.SDMMC_CmdSendCSD  stm32f4xx_ll_sdmmc.o
    0x080027ba   0x080027ba   0x00000030   Code   RO         1006    i.SDMMC_CmdSendSCR  stm32f4xx_ll_sdmmc.o
    0x080027ea   0x080027ea   0x00000032   Code   RO         1007    i.SDMMC_CmdSendStatus  stm32f4xx_ll_sdmmc.o
    0x0800281c   0x0800281c   0x00000030   Code   RO         1008    i.SDMMC_CmdSetRelAdd  stm32f4xx_ll_sdmmc.o
    0x0800284c   0x0800284c   0x00000034   Code   RO         1010    i.SDMMC_CmdStopTransfer  stm32f4xx_ll_sdmmc.o
    0x08002880   0x08002880   0x00000032   Code   RO         1012    i.SDMMC_CmdWriteMultiBlock  stm32f4xx_ll_sdmmc.o
    0x080028b2   0x080028b2   0x00000032   Code   RO         1013    i.SDMMC_CmdWriteSingleBlock  stm32f4xx_ll_sdmmc.o
    0x080028e4   0x080028e4   0x0000011c   Code   RO         1014    i.SDMMC_GetCmdResp1  stm32f4xx_ll_sdmmc.o
    0x08002a00   0x08002a00   0x00000050   Code   RO         1015    i.SDMMC_GetCmdResp2  stm32f4xx_ll_sdmmc.o
    0x08002a50   0x08002a50   0x00000040   Code   RO         1016    i.SDMMC_GetCmdResp3  stm32f4xx_ll_sdmmc.o
    0x08002a90   0x08002a90   0x00000084   Code   RO         1017    i.SDMMC_GetCmdResp6  stm32f4xx_ll_sdmmc.o
    0x08002b14   0x08002b14   0x00000020   Code   RO          660    i.SD_CheckStatus    sd_diskio.o
    0x08002b34   0x08002b34   0x00000056   Code   RO         1267    i.SD_DMAError       stm32f4xx_hal_sd.o
    0x08002b8a   0x08002b8a   0x0000003e   Code   RO         1268    i.SD_DMAReceiveCplt  stm32f4xx_hal_sd.o
    0x08002bc8   0x08002bc8   0x00000048   Code   RO         1269    i.SD_DMARxAbort     stm32f4xx_hal_sd.o
    0x08002c10   0x08002c10   0x0000000e   Code   RO         1270    i.SD_DMATransmitCplt  stm32f4xx_hal_sd.o
    0x08002c1e   0x08002c1e   0x00000048   Code   RO         1271    i.SD_DMATxAbort     stm32f4xx_hal_sd.o
    0x08002c66   0x08002c66   0x000000d4   Code   RO         1272    i.SD_FindSCR        stm32f4xx_hal_sd.o
    0x08002d3a   0x08002d3a   0x000000e6   Code   RO         1273    i.SD_InitCard       stm32f4xx_hal_sd.o
    0x08002e20   0x08002e20   0x000000a2   Code   RO         1274    i.SD_PowerON        stm32f4xx_hal_sd.o
    0x08002ec2   0x08002ec2   0x0000004e   Code   RO         1276    i.SD_WideBus_Disable  stm32f4xx_hal_sd.o
    0x08002f10   0x08002f10   0x0000004e   Code   RO         1277    i.SD_WideBus_Enable  stm32f4xx_hal_sd.o
    0x08002f5e   0x08002f5e   0x00000002   PAD
    0x08002f60   0x08002f60   0x00000020   Code   RO          661    i.SD_initialize     sd_diskio.o
    0x08002f80   0x08002f80   0x00000050   Code   RO          662    i.SD_ioctl          sd_diskio.o
    0x08002fd0   0x08002fd0   0x0000006c   Code   RO          663    i.SD_read           sd_diskio.o
    0x0800303c   0x0800303c   0x00000004   Code   RO          664    i.SD_status         sd_diskio.o
    0x08003040   0x08003040   0x0000006c   Code   RO          665    i.SD_write          sd_diskio.o
    0x080030ac   0x080030ac   0x00000002   Code   RO          867    i.SVC_Handler       stm32f4xx_it.o
    0x080030ae   0x080030ae   0x0000000e   Code   RO          868    i.SysTick_Handler   stm32f4xx_it.o
    0x080030bc   0x080030bc   0x000000c0   Code   RO          285    i.SystemClock_Config  main.o
    0x0800317c   0x0800317c   0x00000054   Code   RO         2965    i.SystemInit        system_stm32f4xx.o
    0x080031d0   0x080031d0   0x0000000e   Code   RO          199    i.Test              gradientdescent.o
    0x080031de   0x080031de   0x00000002   PAD
    0x080031e0   0x080031e0   0x000002ac   Code   RO         1562    i.UART_SetConfig    stm32f4xx_hal_uart.o
    0x0800348c   0x0800348c   0x00000064   Code   RO         1564    i.UART_WaitOnFlagUntilTimeout  stm32f4xx_hal_uart.o
    0x080034f0   0x080034f0   0x00000002   Code   RO          869    i.UsageFault_Handler  stm32f4xx_it.o
    0x080034f2   0x080034f2   0x00000002   PAD
    0x080034f4   0x080034f4   0x00000024   Code   RO          286    i._Error_Handler    main.o
    0x08003518   0x08003518   0x00000020   Code   RO         3801    i.__0printf         mc_w.l(printfa.o)
    0x08003538   0x08003538   0x00000030   Code   RO         3854    i.__ARM_fpclassify  m_wm.l(fpclassify.o)
    0x08003568   0x08003568   0x00000358   Code   RO         3533    i.__hardfp_exp      m_wm.l(exp.o)
    0x080038c0   0x080038c0   0x000000f8   Code   RO         3856    i.__kernel_poly     m_wm.l(poly.o)
    0x080039b8   0x080039b8   0x00000014   Code   RO         3841    i.__mathlib_dbl_infnan  m_wm.l(dunder.o)
    0x080039cc   0x080039cc   0x00000004   PAD
    0x080039d0   0x080039d0   0x00000020   Code   RO         3844    i.__mathlib_dbl_overflow  m_wm.l(dunder.o)
    0x080039f0   0x080039f0   0x00000020   Code   RO         3846    i.__mathlib_dbl_underflow  m_wm.l(dunder.o)
    0x08003a10   0x08003a10   0x0000000e   Code   RO         3931    i.__scatterload_copy  mc_w.l(handlers.o)
    0x08003a1e   0x08003a1e   0x00000002   Code   RO         3932    i.__scatterload_null  mc_w.l(handlers.o)
    0x08003a20   0x08003a20   0x0000000e   Code   RO         3933    i.__scatterload_zeroinit  mc_w.l(handlers.o)
    0x08003a2e   0x08003a2e   0x00000002   PAD
    0x08003a30   0x08003a30   0x0000000c   Code   RO         3895    i.__set_errno       mc_w.l(errno.o)
    0x08003a3c   0x08003a3c   0x00000184   Code   RO         3808    i._fp_digits        mc_w.l(printfa.o)
    0x08003bc0   0x08003bc0   0x000006dc   Code   RO         3809    i._printf_core      mc_w.l(printfa.o)
    0x0800429c   0x0800429c   0x00000024   Code   RO         3810    i._printf_post_padding  mc_w.l(printfa.o)
    0x080042c0   0x080042c0   0x0000002e   Code   RO         3811    i._printf_pre_padding  mc_w.l(printfa.o)
    0x080042ee   0x080042ee   0x00000002   PAD
    0x080042f0   0x080042f0   0x00000018   Code   RO          813    i.fputc             usart.o
    0x08004308   0x08004308   0x000000a8   Code   RO          287    i.main              main.o
    0x080043b0   0x080043b0   0x00000064   Code   RO           16    i.matAddexp         matrix.o
    0x08004414   0x08004414   0x00000092   Code   RO           17    i.matAlgorithm      matrix.o
    0x080044a6   0x080044a6   0x00000002   PAD
    0x080044a8   0x080044a8   0x00000030   Code   RO           18    i.matApendDat       matrix.o
    0x080044d8   0x080044d8   0x00000038   Code   RO           19    i.matApendDatU8     matrix.o
    0x08004510   0x08004510   0x0000008c   Code   RO           20    i.matDot            matrix.o
    0x0800459c   0x0800459c   0x000000e0   Code   RO           21    i.matIteraAlgorithm  matrix.o
    0x0800467c   0x0800467c   0x00000040   Code   RO           22    i.matMalloc         matrix.o
    0x080046bc   0x080046bc   0x00000042   Code   RO           24    i.matSigmoid        matrix.o
    0x080046fe   0x080046fe   0x000000b0   Code   RO           25    i.matSoftmax        matrix.o
    0x080047ae   0x080047ae   0x00000002   PAD
    0x080047b0   0x080047b0   0x00000098   Code   RO           26    i.matSub            matrix.o
    0x08004848   0x08004848   0x00000194   Code   RO           28    i.matrix_Append     matrix.o
    0x080049dc   0x080049dc   0x000000f0   Code   RO           29    i.matrix_CutOut     matrix.o
    0x08004acc   0x08004acc   0x0000003e   Code   RO           30    i.matrix_Num        matrix.o
    0x08004b0a   0x08004b0a   0x00000008   Code   RO           31    i.matrix_One        matrix.o
    0x08004b12   0x08004b12   0x00000046   Code   RO           32    i.matrix_T          matrix.o
    0x08004b58   0x08004b58   0x0000000c   Code   RO           33    i.matrix_Zero       matrix.o
    0x08004b64   0x08004b64   0x0000007c   Code   RO          182    i.numpy_Init        numpy.o
    0x08004be0   0x08004be0   0x00000050   Code   RO           34    i.sigmoid           matrix.o
    0x08004c30   0x08004c30   0x00000030   Data   RO          288    .constdata          main.o
    0x08004c60   0x08004c60   0x00000014   Data   RO          666    .constdata          sd_diskio.o
    0x08004c74   0x08004c74   0x00000008   Data   RO         2363    .constdata          stm32f4xx_hal_dma.o
    0x08004c7c   0x08004c7c   0x00000010   Data   RO         2966    .constdata          system_stm32f4xx.o
    0x08004c8c   0x08004c8c   0x00000008   Data   RO         2967    .constdata          system_stm32f4xx.o
    0x08004c94   0x08004c94   0x00000004   PAD
    0x08004c98   0x08004c98   0x00000058   Data   RO         3536    .constdata          m_wm.l(exp.o)
    0x08004cf0   0x08004cf0   0x00000020   Data   RO         3929    Region$$Table       anon$$obj.o


    Execution Region RW_IRAM1 (Exec base: 0x20000000, Load base: 0x08004d10, Size: 0x00027518, Max: 0x00030000, ABSOLUTE)

    Exec Addr    Load Addr    Size         Type   Attr      Idx    E Section Name        Object

    0x20000000   0x08004d10   0x00000004   Data   RW          242    .data               cui_malloc.o
    0x20000004   0x08004d14   0x0000000c   Data   RW          667    .data               sd_diskio.o
    0x20000010   0x08004d20   0x00000005   Data   RW          734    .data               fatfs.o
    0x20000015   0x08004d25   0x00000003   PAD
    0x20000018   0x08004d28   0x0000000c   Data   RW         2808    .data               stm32f4xx_hal.o
    0x20000024   0x08004d34   0x00000004   Data   RW         2968    .data               system_stm32f4xx.o
    0x20000028   0x08004d38   0x00000004   Data   RW         3884    .data               mc_w.l(stdout.o)
    0x2000002c   0x08004d3c   0x00000004   Data   RW         3896    .data               mc_w.l(errno.o)
    0x20000030        -       0x00026b56   Zero   RW          241    .bss                cui_malloc.o
    0x20026b86   0x08004d40   0x00000002   PAD
    0x20026b88        -       0x00000144   Zero   RW          771    .bss                sdio.o
    0x20026ccc        -       0x00000040   Zero   RW          814    .bss                usart.o
    0x20026d0c        -       0x0000000c   Zero   RW         3478    .bss                ff_gen_drv.o
    0x20026d18        -       0x00000800   Zero   RW            1    STACK               startup_stm32f429xx.o


==============================================================================

Image component sizes


      Code (inc. data)   RO Data    RW Data    ZI Data      Debug   Object Name

       170         20          0          0          0       5700   bsp_driver_sd.o
       588         44          0          4     158550       5827   cui_malloc.o
        60          4          0          0          0        810   dma.o
        28         10          0          5          0       1082   fatfs.o
        70          6          0          0         12       1703   ff_gen_drv.o
        76          6          0          0          0        891   gpio.o
        14          0          0          0          0       2755   gradientdescent.o
       396         96         48          0          0     743493   main.o
      2306        400          0          0          0      20741   matrix.o
       124         62          0          0          0       1737   numpy.o
       388         34         20         12          0       5789   sd_diskio.o
       328         50          0          0        324       1895   sdio.o
        36          8        428          0       2048        848   startup_stm32f429xx.o
       180         28          0         12          0       4745   stm32f4xx_hal.o
       228         14          0          0          0      32361   stm32f4xx_hal_cortex.o
       948         16          8          0          0       6658   stm32f4xx_hal_dma.o
       460         52          0          0          0       1828   stm32f4xx_hal_gpio.o
       132          6          0          0          0        958   stm32f4xx_hal_msp.o
       112         14          0          0          0       1336   stm32f4xx_hal_pwr_ex.o
      1276         86          0          0          0       5792   stm32f4xx_hal_rcc.o
      2816         40          0          0          0      17707   stm32f4xx_hal_sd.o
      1068          8          0          0          0       4256   stm32f4xx_hal_uart.o
        66         18          0          0          0       5804   stm32f4xx_it.o
      1630         42          0          0          0      23435   stm32f4xx_ll_sdmmc.o
        84         18         24          4          0       1231   system_stm32f4xx.o
       176         40          0          0         64       2262   usart.o

    ----------------------------------------------------------------------
     13784       1122        564         40     161000     901644   Object Totals
         0          0         32          0          0          0   (incl. Generated)
        24          0          4          3          2          0   (incl. Padding)

    ----------------------------------------------------------------------

      Code (inc. data)   RO Data    RW Data    ZI Data      Debug   Library Member Name

        84         16          0          0          0        372   dunder.o
       856        142         88          0          0        288   exp.o
        48          0          0          0          0        124   fpclassify.o
       248          0          0          0          0        152   poly.o
         0          0          0          0          0          0   entry.o
         0          0          0          0          0          0   entry10a.o
         0          0          0          0          0          0   entry11a.o
         8          4          0          0          0          0   entry2.o
         4          0          0          0          0          0   entry5.o
         0          0          0          0          0          0   entry7b.o
         0          0          0          0          0          0   entry8b.o
         8          4          0          0          0          0   entry9a.o
        12          6          0          4          0         68   errno.o
        30          0          0          0          0          0   handlers.o
        36          8          0          0          0         68   init.o
         0          0          0          0          0          0   iusefp.o
        30          0          0          0          0         68   llshl.o
        36          0          0          0          0         68   llsshr.o
        32          0          0          0          0         68   llushr.o
        36          0          0          0          0         68   memcpya.o
      2258         90          0          0          0        452   printfa.o
         0          0          0          4          0          0   stdout.o
        44          0          0          0          0         80   uidiv.o
        98          0          0          0          0         92   uldiv.o
        48          0          0          0          0         68   cdcmple.o
        48          0          0          0          0         68   cdrcmple.o
        56          0          0          0          0         88   d2f.o
       334          0          0          0          0        148   dadd.o
       222          0          0          0          0        100   ddiv.o
       186          0          0          0          0        176   depilogue.o
        62          0          0          0          0         80   dfixi.o
        48          0          0          0          0         68   dfixul.o
        34          0          0          0          0         76   dflti.o
       228          0          0          0          0         96   dmul.o
        38          0          0          0          0         68   f2d.o
       110          0          0          0          0        168   fepilogue.o

    ----------------------------------------------------------------------
      5292        270         88          8          0       3172   Library Totals
        10          0          0          0          0          0   (incl. Padding)

    ----------------------------------------------------------------------

      Code (inc. data)   RO Data    RW Data    ZI Data      Debug   Library Name

      1236        158         88          0          0        936   m_wm.l
      2632        112          0          8          0       1032   mc_w.l
      1414          0          0          0          0       1204   mf_w.l

    ----------------------------------------------------------------------
      5292        270         88          8          0       3172   Library Totals

    ----------------------------------------------------------------------

==============================================================================


      Code (inc. data)   RO Data    RW Data    ZI Data      Debug   

     19076       1392        652         48     161000     888876   Grand Totals
     19076       1392        652         48     161000     888876   ELF Image Totals
     19076       1392        652         48          0          0   ROM Totals

==============================================================================

    Total RO  Size (Code + RO Data)                19728 (  19.27kB)
    Total RW  Size (RW Data + ZI Data)            161048 ( 157.27kB)
    Total ROM Size (Code + RO Data + RW Data)      19776 (  19.31kB)

==============================================================================

