Component: ARM Compiler 5.06 update 6 (build 750) Tool: armlink [4d35ed]

==============================================================================

Section Cross References

    startup_stm32f429xx.o(RESET) refers to startup_stm32f429xx.o(STACK) for __initial_sp
    startup_stm32f429xx.o(RESET) refers to startup_stm32f429xx.o(.text) for Reset_Handler
    startup_stm32f429xx.o(RESET) refers to stm32f4xx_it.o(i.NMI_Handler) for NMI_Handler
    startup_stm32f429xx.o(RESET) refers to stm32f4xx_it.o(i.HardFault_Handler) for HardFault_Handler
    startup_stm32f429xx.o(RESET) refers to stm32f4xx_it.o(i.MemManage_Handler) for MemManage_Handler
    startup_stm32f429xx.o(RESET) refers to stm32f4xx_it.o(i.BusFault_Handler) for BusFault_Handler
    startup_stm32f429xx.o(RESET) refers to stm32f4xx_it.o(i.UsageFault_Handler) for UsageFault_Handler
    startup_stm32f429xx.o(RESET) refers to stm32f4xx_it.o(i.SVC_Handler) for SVC_Handler
    startup_stm32f429xx.o(RESET) refers to stm32f4xx_it.o(i.DebugMon_Handler) for DebugMon_Handler
    startup_stm32f429xx.o(RESET) refers to stm32f4xx_it.o(i.PendSV_Handler) for PendSV_Handler
    startup_stm32f429xx.o(RESET) refers to stm32f4xx_it.o(i.SysTick_Handler) for SysTick_Handler
    startup_stm32f429xx.o(RESET) refers to stm32f4xx_it.o(i.SDIO_IRQHandler) for SDIO_IRQHandler
    startup_stm32f429xx.o(RESET) refers to stm32f4xx_it.o(i.DMA2_Stream3_IRQHandler) for DMA2_Stream3_IRQHandler
    startup_stm32f429xx.o(RESET) refers to stm32f4xx_it.o(i.DMA2_Stream6_IRQHandler) for DMA2_Stream6_IRQHandler
    startup_stm32f429xx.o(.text) refers to system_stm32f4xx.o(i.SystemInit) for SystemInit
    startup_stm32f429xx.o(.text) refers to entry.o(.ARM.Collect$$$$00000000) for __main
    numpy.o(i.numpy_Init) refers to matrix.o(i.matMalloc) for matMalloc
    numpy.o(i.numpy_Init) refers to matrix.o(i.matApendDat) for matApendDat
    numpy.o(i.numpy_Init) refers to matrix.o(i.matApendDatU8) for matApendDatU8
    numpy.o(i.numpy_Init) refers to matrix.o(i.PrintMat) for PrintMat
    numpy.o(i.numpy_Init) refers to matrix.o(i.matrix_T) for matrix_T
    numpy.o(i.numpy_Init) refers to matrix.o(i.matrix_One) for matrix_One
    numpy.o(i.numpy_Init) refers to matrix.o(i.matrix_Zero) for matrix_Zero
    numpy.o(i.numpy_Init) refers to matrix.o(i.matDot) for matDot
    numpy.o(i.numpy_Init) refers to matrix.o(i.matrix_Append) for matrix_Append
    numpy.o(i.numpy_Init) refers to matrix.o(i.matrix_CutOut) for matrix_CutOut
    numpy.o(i.numpy_Init) refers to matrix.o(i.GetMatLength) for GetMatLength
    numpy.o(i.numpy_Init) refers to matrix.o(i.matSub) for matSub
    numpy.o(i.numpy_Init) refers to matrix.o(i.matAlgorithm) for matAlgorithm
    numpy.o(i.numpy_Init) refers to matrix.o(i.matIteraAlgorithm) for matIteraAlgorithm
    numpy.o(i.numpy_Init) refers to matrix.o(i.matSigmoid) for matSigmoid
    matrix.o(i.GetMat_MultAdd) refers to matrix.o(i.Get_Mat) for Get_Mat
    matrix.o(i.PrintMat) refers to printfa.o(i.__0printf) for __2printf
    matrix.o(i.PrintMat) refers to f2d.o(.text) for __aeabi_f2d
    matrix.o(i.matAdd) refers to matrix.o(i.matMalloc) for matMalloc
    matrix.o(i.matAdd) refers to matrix.o(i.Get_Mat) for Get_Mat
    matrix.o(i.matAdd) refers to printfa.o(i.__0printf) for __2printf
    matrix.o(i.matAddexp) refers to matrix.o(i.Get_Mat) for Get_Mat
    matrix.o(i.matAddexp) refers to f2d.o(.text) for __aeabi_f2d
    matrix.o(i.matAddexp) refers to exp.o(i.__hardfp_exp) for __hardfp_exp
    matrix.o(i.matAddexp) refers to dadd.o(.text) for __aeabi_dadd
    matrix.o(i.matAddexp) refers to d2f.o(.text) for __aeabi_d2f
    matrix.o(i.matAlgorithm) refers to matrix.o(i.Get_Mat) for Get_Mat
    matrix.o(i.matDot) refers to matrix.o(i.matMalloc) for matMalloc
    matrix.o(i.matDot) refers to matrix.o(i.GetMat_MultAdd) for GetMat_MultAdd
    matrix.o(i.matDot) refers to matrix.o(i.Get_MatAddr) for Get_MatAddr
    matrix.o(i.matDot) refers to printfa.o(i.__0printf) for __2printf
    matrix.o(i.matIteraAlgorithm) refers to printfa.o(i.__0printf) for __2printf
    matrix.o(i.matIteraAlgorithm) refers to matrix.o(i.Get_Mat) for Get_Mat
    matrix.o(i.matMalloc) refers to cui_malloc.o(i.CUI_MALLOC) for CUI_MALLOC
    matrix.o(i.matMalloc) refers to printfa.o(i.__0printf) for __2printf
    matrix.o(i.matRote) refers to matrix.o(i.matMalloc) for matMalloc
    matrix.o(i.matRote) refers to f2d.o(.text) for __aeabi_f2d
    matrix.o(i.matRote) refers to cos.o(i.__hardfp_cos) for __hardfp_cos
    matrix.o(i.matRote) refers to d2f.o(.text) for __aeabi_d2f
    matrix.o(i.matRote) refers to sin.o(i.__hardfp_sin) for __hardfp_sin
    matrix.o(i.matRote) refers to matrix.o(i.matApendDat) for matApendDat
    matrix.o(i.matRote) refers to matrix.o(i.matDot) for matDot
    matrix.o(i.matRote) refers to cui_malloc.o(i.FreeCUI_MALLOC) for FreeCUI_MALLOC
    matrix.o(i.matSigmoid) refers to matrix.o(i.matDot) for matDot
    matrix.o(i.matSigmoid) refers to matrix.o(i.Get_Mat) for Get_Mat
[...]
    SDMMC_GetCmdResp3                        0x08002d5d   Thumb Code    60  stm32f4xx_ll_sdmmc.o(i.SDMMC_GetCmdResp3)
    i.SDMMC_GetCmdResp6                      0x08002d9c   Section        0  stm32f4xx_ll_sdmmc.o(i.SDMMC_GetCmdResp6)
    SDMMC_GetCmdResp6                        0x08002d9d   Thumb Code   128  stm32f4xx_ll_sdmmc.o(i.SDMMC_GetCmdResp6)
    i.SD_CheckStatus                         0x08002e20   Section        0  sd_diskio.o(i.SD_CheckStatus)
    SD_CheckStatus                           0x08002e21   Thumb Code    26  sd_diskio.o(i.SD_CheckStatus)
    i.SD_DMAError                            0x08002e40   Section        0  stm32f4xx_hal_sd.o(i.SD_DMAError)
    SD_DMAError                              0x08002e41   Thumb Code    86  stm32f4xx_hal_sd.o(i.SD_DMAError)
    i.SD_DMAReceiveCplt                      0x08002e96   Section        0  stm32f4xx_hal_sd.o(i.SD_DMAReceiveCplt)
    SD_DMAReceiveCplt                        0x08002e97   Thumb Code    62  stm32f4xx_hal_sd.o(i.SD_DMAReceiveCplt)
    i.SD_DMARxAbort                          0x08002ed4   Section        0  stm32f4xx_hal_sd.o(i.SD_DMARxAbort)
    SD_DMARxAbort                            0x08002ed5   Thumb Code    72  stm32f4xx_hal_sd.o(i.SD_DMARxAbort)
    i.SD_DMATransmitCplt                     0x08002f1c   Section        0  stm32f4xx_hal_sd.o(i.SD_DMATransmitCplt)
    SD_DMATransmitCplt                       0x08002f1d   Thumb Code    14  stm32f4xx_hal_sd.o(i.SD_DMATransmitCplt)
    i.SD_DMATxAbort                          0x08002f2a   Section        0  stm32f4xx_hal_sd.o(i.SD_DMATxAbort)
    SD_DMATxAbort                            0x08002f2b   Thumb Code    72  stm32f4xx_hal_sd.o(i.SD_DMATxAbort)
    i.SD_FindSCR                             0x08002f72   Section        0  stm32f4xx_hal_sd.o(i.SD_FindSCR)
    SD_FindSCR                               0x08002f73   Thumb Code   212  stm32f4xx_hal_sd.o(i.SD_FindSCR)
    i.SD_InitCard                            0x08003046   Section        0  stm32f4xx_hal_sd.o(i.SD_InitCard)
    SD_InitCard                              0x08003047   Thumb Code   230  stm32f4xx_hal_sd.o(i.SD_InitCard)
    i.SD_PowerON                             0x0800312c   Section        0  stm32f4xx_hal_sd.o(i.SD_PowerON)
    SD_PowerON                               0x0800312d   Thumb Code   162  stm32f4xx_hal_sd.o(i.SD_PowerON)
    i.SD_WideBus_Disable                     0x080031ce   Section        0  stm32f4xx_hal_sd.o(i.SD_WideBus_Disable)
    SD_WideBus_Disable                       0x080031cf   Thumb Code    78  stm32f4xx_hal_sd.o(i.SD_WideBus_Disable)
    i.SD_WideBus_Enable                      0x0800321c   Section        0  stm32f4xx_hal_sd.o(i.SD_WideBus_Enable)
    SD_WideBus_Enable                        0x0800321d   Thumb Code    78  stm32f4xx_hal_sd.o(i.SD_WideBus_Enable)
    i.SD_initialize                          0x0800326c   Section        0  sd_diskio.o(i.SD_initialize)
    i.SD_ioctl                               0x0800328c   Section        0  sd_diskio.o(i.SD_ioctl)
    i.SD_read                                0x080032dc   Section        0  sd_diskio.o(i.SD_read)
    i.SD_status                              0x08003348   Section        0  sd_diskio.o(i.SD_status)
    i.SD_write                               0x0800334c   Section        0  sd_diskio.o(i.SD_write)
    i.SVC_Handler                            0x080033b8   Section        0  stm32f4xx_it.o(i.SVC_Handler)
    i.SysTick_Handler                        0x080033ba   Section        0  stm32f4xx_it.o(i.SysTick_Handler)
    i.SystemClock_Config                     0x080033c8   Section        0  main.o(i.SystemClock_Config)
    i.SystemInit                             0x08003488   Section        0  system_stm32f4xx.o(i.SystemInit)
    i.UART_SetConfig                         0x080034dc   Section        0  stm32f4xx_hal_uart.o(i.UART_SetConfig)
    UART_SetConfig                           0x080034dd   Thumb Code   676  stm32f4xx_hal_uart.o(i.UART_SetConfig)
    i.UART_WaitOnFlagUntilTimeout            0x08003788   Section        0  stm32f4xx_hal_uart.o(i.UART_WaitOnFlagUntilTimeout)
    UART_WaitOnFlagUntilTimeout              0x08003789   Thumb Code   100  stm32f4xx_hal_uart.o(i.UART_WaitOnFlagUntilTimeout)
    i.UsageFault_Handler                     0x080037ec   Section        0  stm32f4xx_it.o(i.UsageFault_Handler)
    i._Error_Handler                         0x080037f0   Section        0  main.o(i._Error_Handler)
    i.__0printf                              0x08003814   Section        0  printfa.o(i.__0printf)
    i.__ARM_fpclassify                       0x08003834   Section        0  fpclassify.o(i.__ARM_fpclassify)
    i.__hardfp_exp                           0x08003868   Section        0  exp.o(i.__hardfp_exp)
    i.__kernel_poly                          0x08003bc0   Section        0  poly.o(i.__kernel_poly)
    i.__mathlib_dbl_infnan                   0x08003cb8   Section        0  dunder.o(i.__mathlib_dbl_infnan)
    i.__mathlib_dbl_overflow                 0x08003cd0   Section        0  dunder.o(i.__mathlib_dbl_overflow)
    i.__mathlib_dbl_underflow                0x08003cf0   Section        0  dunder.o(i.__mathlib_dbl_underflow)
    i.__scatterload_copy                     0x08003d10   Section       14  handlers.o(i.__scatterload_copy)
    i.__scatterload_null                     0x08003d1e   Section        2  handlers.o(i.__scatterload_null)
    i.__scatterload_zeroinit                 0x08003d20   Section       14  handlers.o(i.__scatterload_zeroinit)
    i.__set_errno                            0x08003d30   Section        0  errno.o(i.__set_errno)
    i._fp_digits                             0x08003d3c   Section        0  printfa.o(i._fp_digits)
    _fp_digits                               0x08003d3d   Thumb Code   366  printfa.o(i._fp_digits)
    i._printf_core                           0x08003ec0   Section        0  printfa.o(i._printf_core)
    _printf_core                             0x08003ec1   Thumb Code  1744  printfa.o(i._printf_core)
    i._printf_post_padding                   0x0800459c   Section        0  printfa.o(i._printf_post_padding)
    _printf_post_padding                     0x0800459d   Thumb Code    36  printfa.o(i._printf_post_padding)
    i._printf_pre_padding                    0x080045c0   Section        0  printfa.o(i._printf_pre_padding)
    _printf_pre_padding                      0x080045c1   Thumb Code    46  printfa.o(i._printf_pre_padding)
    i.check_fs                               0x080045f0   Section        0  ff.o(i.check_fs)
    check_fs                                 0x080045f1   Thumb Code   102  ff.o(i.check_fs)
    i.chk_chr                                0x08004660   Section        0  ff.o(i.chk_chr)
    chk_chr                                  0x08004661   Thumb Code    16  ff.o(i.chk_chr)
    i.chk_lock                               0x08004670   Section        0  ff.o(i.chk_lock)
    chk_lock                                 0x08004671   Thumb Code    86  ff.o(i.chk_lock)
    i.clear_lock                             0x080046cc   Section        0  ff.o(i.clear_lock)
    clear_lock                               0x080046cd   Thumb Code    28  ff.o(i.clear_lock)
    i.clmt_clust                             0x080046ec   Section        0  ff.o(i.clmt_clust)
    clmt_clust                               0x080046ed   Thumb Code    36  ff.o(i.clmt_clust)
    i.clust2sect                             0x08004710   Section        0  ff.o(i.clust2sect)
    clust2sect                               0x08004711   Thumb Code    24  ff.o(i.clust2sect)
    i.cmp_lfn                                0x08004728   Section        0  ff.o(i.cmp_lfn)
    cmp_lfn                                  0x08004729   Thumb Code   124  ff.o(i.cmp_lfn)
    i.create_chain                           0x080047a8   Section        0  ff.o(i.create_chain)
    create_chain                             0x080047a9   Thumb Code   164  ff.o(i.create_chain)
    i.create_name                            0x0800484c   Section        0  ff.o(i.create_name)
    create_name                              0x0800484d   Thumb Code   494  ff.o(i.create_name)
    i.dec_lock                               0x08004a54   Section        0  ff.o(i.dec_lock)
    dec_lock                                 0x08004a55   Thumb Code    48  ff.o(i.dec_lock)
    i.dir_find                               0x08004a88   Section        0  ff.o(i.dir_find)
    dir_find                                 0x08004a89   Thumb Code   208  ff.o(i.dir_find)
    i.dir_next                               0x08004b58   Section        0  ff.o(i.dir_next)
    dir_next                                 0x08004b59   Thumb Code   244  ff.o(i.dir_next)
    i.dir_register                           0x08004c4c   Section        0  ff.o(i.dir_register)
    dir_register                             0x08004c4d   Thumb Code   480  ff.o(i.dir_register)
    i.dir_sdi                                0x08004e30   Section        0  ff.o(i.dir_sdi)
    dir_sdi                                  0x08004e31   Thumb Code   130  ff.o(i.dir_sdi)
    i.disk_initialize                        0x08004eb4   Section        0  diskio.o(i.disk_initialize)
    i.disk_ioctl                             0x08004edc   Section        0  diskio.o(i.disk_ioctl)
    i.disk_read                              0x08004ef8   Section        0  diskio.o(i.disk_read)
    i.disk_status                            0x08004f14   Section        0  diskio.o(i.disk_status)
    i.disk_write                             0x08004f2c   Section        0  diskio.o(i.disk_write)
    i.f_close                                0x08004f48   Section        0  ff.o(i.f_close)
    i.f_lseek                                0x08004f70   Section        0  ff.o(i.f_lseek)
    i.f_mount                                0x08005184   Section        0  ff.o(i.f_mount)
    i.f_open                                 0x080051dc   Section        0  ff.o(i.f_open)
    i.f_read                                 0x080053ec   Section        0  ff.o(i.f_read)
    i.f_sync                                 0x0800553e   Section        0  ff.o(i.f_sync)
    i.ff_convert                             0x080055cc   Section        0  ccsbcs.o(i.ff_convert)
    i.ff_wtoupper                            0x08005604   Section        0  ccsbcs.o(i.ff_wtoupper)
    i.find_volume                            0x08005684   Section        0  ff.o(i.find_volume)
    find_volume                              0x08005685   Thumb Code   582  ff.o(i.find_volume)
    i.follow_path                            0x080058d8   Section        0  ff.o(i.follow_path)
    follow_path                              0x080058d9   Thumb Code   116  ff.o(i.follow_path)
    i.fputc                                  0x0800594c   Section        0  usart.o(i.fputc)
    i.gen_numname                            0x08005964   Section        0  ff.o(i.gen_numname)
    gen_numname                              0x08005965   Thumb Code   122  ff.o(i.gen_numname)
    i.get_fat                                0x080059e4   Section        0  ff.o(i.get_fat)
    get_fat                                  0x080059e5   Thumb Code   190  ff.o(i.get_fat)
    i.get_fattime                            0x08005aa2   Section        0  fatfs.o(i.get_fattime)
    i.get_ldnumber                           0x08005aa6   Section        0  ff.o(i.get_ldnumber)
    get_ldnumber                             0x08005aa7   Thumb Code    60  ff.o(i.get_ldnumber)
    i.inc_lock                               0x08005ae4   Section        0  ff.o(i.inc_lock)
    inc_lock                                 0x08005ae5   Thumb Code   124  ff.o(i.inc_lock)
    i.ld_clust                               0x08005b64   Section        0  ff.o(i.ld_clust)
    ld_clust                                 0x08005b65   Thumb Code    38  ff.o(i.ld_clust)
    i.ld_dword                               0x08005b8a   Section        0  ff.o(i.ld_dword)
    ld_dword                                 0x08005b8b   Thumb Code    22  ff.o(i.ld_dword)
    i.ld_word                                0x08005ba0   Section        0  ff.o(i.ld_word)
    ld_word                                  0x08005ba1   Thumb Code    10  ff.o(i.ld_word)
    i.main                                   0x08005bac   Section        0  main.o(i.main)
    i.matAlgorithm                           0x08005c70   Section        0  matrix.o(i.matAlgorithm)
    i.matApendDat                            0x08005d04   Section        0  matrix.o(i.matApendDat)
    i.matApendDatU8                          0x08005d34   Section        0  matrix.o(i.matApendDatU8)
    i.matDot                                 0x08005d6c   Section        0  matrix.o(i.matDot)
    i.matIteraAlgorithm                      0x08005df8   Section        0  matrix.o(i.matIteraAlgorithm)
    i.matMalloc                              0x08005ed8   Section        0  matrix.o(i.matMalloc)
    i.matSigmoid                             0x08005f18   Section        0  matrix.o(i.matSigmoid)
    i.matSub                                 0x08005f5c   Section        0  matrix.o(i.matSub)
    i.matrix_Append                          0x08005ff4   Section        0  matrix.o(i.matrix_Append)
    i.matrix_CutOut                          0x08006188   Section        0  matrix.o(i.matrix_CutOut)
    i.matrix_Num                             0x08006278   Section        0  matrix.o(i.matrix_Num)
    i.matrix_One                             0x080062b6   Section        0  matrix.o(i.matrix_One)
    i.matrix_T                               0x080062be   Section        0  matrix.o(i.matrix_T)
    i.matrix_Zero                            0x08006304   Section        0  matrix.o(i.matrix_Zero)
    i.mem_cpy                                0x08006310   Section        0  ff.o(i.mem_cpy)
    mem_cpy                                  0x08006311   Thumb Code    18  ff.o(i.mem_cpy)
    i.mem_set                                0x08006324   Section        0  ff.o(i.mem_set)
    mem_set                                  0x08006325   Thumb Code    14  ff.o(i.mem_set)
    i.move_window                            0x08006332   Section        0  ff.o(i.move_window)
    move_window                              0x08006333   Thumb Code    50  ff.o(i.move_window)
    i.numpy_Init                             0x08006364   Section        0  numpy.o(i.numpy_Init)
    i.put_fat                                0x080063e0   Section        0  ff.o(i.put_fat)
    put_fat                                  0x080063e1   Thumb Code   234  ff.o(i.put_fat)
    i.remove_chain                           0x080064ca   Section        0  ff.o(i.remove_chain)
    remove_chain                             0x080064cb   Thumb Code   116  ff.o(i.remove_chain)
    i.sigmoid                                0x08006540   Section        0  matrix.o(i.sigmoid)
    i.st_clust                               0x08006590   Section        0  ff.o(i.st_clust)
    st_clust                                 0x08006591   Thumb Code    40  ff.o(i.st_clust)
    i.st_dword                               0x080065b8   Section        0  ff.o(i.st_dword)
    st_dword                                 0x080065b9   Thumb Code    16  ff.o(i.st_dword)
    i.st_word                                0x080065c8   Section        0  ff.o(i.st_word)
    st_word                                  0x080065c9   Thumb Code     8  ff.o(i.st_word)
    i.sum_sfn                                0x080065d0   Section        0  ff.o(i.sum_sfn)
    sum_sfn                                  0x080065d1   Thumb Code    26  ff.o(i.sum_sfn)
    i.sync_fs                                0x080065ec   Section        0  ff.o(i.sync_fs)
    sync_fs                                  0x080065ed   Thumb Code   126  ff.o(i.sync_fs)
    i.sync_window                            0x08006674   Section        0  ff.o(i.sync_window)
    sync_window                              0x08006675   Thumb Code    82  ff.o(i.sync_window)
    i.validate                               0x080066c6   Section        0  ff.o(i.validate)
    validate                                 0x080066c7   Thumb Code    50  ff.o(i.validate)
    .constdata                               0x080066f8   Section       20  sd_diskio.o(.constdata)
    .constdata                               0x0800670c   Section        8  stm32f4xx_hal_dma.o(.constdata)
    flagBitshiftOffset                       0x0800670c   Data           8  stm32f4xx_hal_dma.o(.constdata)
    .constdata                               0x08006714   Section       16  system_stm32f4xx.o(.constdata)
    .constdata                               0x08006724   Section        8  system_stm32f4xx.o(.constdata)
    .constdata                               0x0800672c   Section      942  ccsbcs.o(.constdata)
    Tbl                                      0x0800672c   Data         256  ccsbcs.o(.constdata)
    cvt1                                     0x0800682c   Data         498  ccsbcs.o(.constdata)
    cvt2                                     0x08006a1e   Data         188  ccsbcs.o(.constdata)
    .constdata                               0x08006ada   Section      170  ff.o(.constdata)
    ExCvt                                    0x08006ada   Data         128  ff.o(.constdata)
    LfnOfs                                   0x08006b5a   Data          13  ff.o(.constdata)
    cst                                      0x08006b68   Data          14  ff.o(.constdata)
    cst32                                    0x08006b76   Data          14  ff.o(.constdata)
    .constdata                               0x08006b88   Section       88  exp.o(.constdata)
    halF                                     0x08006b88   Data          16  exp.o(.constdata)
    ln2HI                                    0x08006b98   Data          16  exp.o(.constdata)
    ln2LO                                    0x08006ba8   Data          16  exp.o(.constdata)
    P                                        0x08006bb8   Data          40  exp.o(.constdata)
    .data                                    0x20000000   Section        4  cui_malloc.o(.data)
    .data                                    0x20000004   Section       12  sd_diskio.o(.data)
    Stat                                     0x20000004   Data           1  sd_diskio.o(.data)
    WriteStatus                              0x20000008   Data           4  sd_diskio.o(.data)
    ReadStatus                               0x2000000c   Data           4  sd_diskio.o(.data)
    .data                                    0x20000010   Section        5  fatfs.o(.data)
    .data                                    0x20000018   Section       12  stm32f4xx_hal.o(.data)
    .data                                    0x20000024   Section        4  system_stm32f4xx.o(.data)
    .data                                    0x20000028   Section        8  ff.o(.data)
    Fsid                                     0x20000028   Data           2  ff.o(.data)
    FatFs                                    0x2000002c   Data           4  ff.o(.data)
    .data                                    0x20000030   Section        4  stdout.o(.data)
    .data                                    0x20000034   Section        4  errno.o(.data)
    _errno                                   0x20000034   Data           4  errno.o(.data)
    .bss                                     0x20000038   Section    158550  cui_malloc.o(.bss)
    .bss                                     0x20026b90   Section      324  sdio.o(.bss)
    .bss                                     0x20026cd4   Section       64  usart.o(.bss)
    .bss                                     0x20026d14   Section       32  ff.o(.bss)
    Files                                    0x20026d14   Data          32  ff.o(.bss)
    .bss                                     0x20026d34   Section       12  ff_gen_drv.o(.bss)
    STACK                                    0x20026d40   Section     2048  startup_stm32f429xx.o(STACK)

    Global Symbols

    Symbol Name                              Value     Ov Type        Size  Object(Section)

    BuildAttributes$$THM_ISAv4$E$P$D$K$B$S$7EM$VFPi3$EXTD16$VFPS$VFMA$PE$A:L22UL41UL21$X:L11$S22US41US21$IEEE1$IW$USESV6$~STKCKD$USESV7$~SHL$OTIME$ROPI$IEEEX$EBA8$MICROLIB$REQ8$PRES8$EABIv2 0x00000000   Number         0  anon$$obj.o ABSOLUTE
    __ARM_use_no_argv                        0x00000000   Number         0  main.o ABSOLUTE
    _printf_a                                0x00000000   Number         0  stubs.o ABSOLUTE
    _printf_c                                0x00000000   Number         0  stubs.o ABSOLUTE
    _printf_charcount                        0x00000000   Number         0  stubs.o ABSOLUTE
    _printf_d                                0x00000000   Number         0  stubs.o ABSOLUTE
    _printf_e                                0x00000000   Number         0  stubs.o ABSOLUTE
    _printf_f                                0x00000000   Number         0  stubs.o ABSOLUTE
    _printf_flags                            0x00000000   Number         0  stubs.o ABSOLUTE
    _printf_fp_dec                           0x00000000   Number         0  stubs.o ABSOLUTE
    _printf_fp_hex                           0x00000000   Number         0  stubs.o ABSOLUTE
    _printf_g                                0x00000000   Number         0  stubs.o ABSOLUTE
    _printf_i                                0x00000000   Number         0  stubs.o ABSOLUTE
    _printf_int_dec                          0x00000000   Number         0  stubs.o ABSOLUTE
    _printf_l                                0x00000000   Number         0  stubs.o ABSOLUTE
    _printf_lc                               0x00000000   Number         0  stubs.o ABSOLUTE
    _printf_ll                               0x00000000   Number         0  stubs.o ABSOLUTE
    _printf_lld                              0x00000000   Number         0  stubs.o ABSOLUTE
    _printf_lli                              0x00000000   Number         0  stubs.o ABSOLUTE
    _printf_llo                              0x00000000   Number         0  stubs.o ABSOLUTE
    _printf_llu                              0x00000000   Number         0  stubs.o ABSOLUTE
    _printf_llx                              0x00000000   Number         0  stubs.o ABSOLUTE
    _printf_longlong_dec                     0x00000000   Number         0  stubs.o ABSOLUTE
    _printf_longlong_hex                     0x00000000   Number         0  stubs.o ABSOLUTE
    _printf_longlong_oct                     0x00000000   Number         0  stubs.o ABSOLUTE
    _printf_ls                               0x00000000   Number         0  stubs.o ABSOLUTE
    _printf_mbtowc                           0x00000000   Number         0  stubs.o ABSOLUTE
    _printf_n                                0x00000000   Number         0  stubs.o ABSOLUTE
    _printf_o                                0x00000000   Number         0  stubs.o ABSOLUTE
    _printf_p                                0x00000000   Number         0  stubs.o ABSOLUTE
    _printf_percent                          0x00000000   Number         0  stubs.o ABSOLUTE
    _printf_pre_padding                      0x00000000   Number         0  stubs.o ABSOLUTE
    _printf_return_value                     0x00000000   Number         0  stubs.o ABSOLUTE
    _printf_s                                0x00000000   Number         0  stubs.o ABSOLUTE
    _printf_sizespec                         0x00000000   Number         0  stubs.o ABSOLUTE
    _printf_str                              0x00000000   Number         0  stubs.o ABSOLUTE
    _printf_truncate_signed                  0x00000000   Number         0  stubs.o ABSOLUTE
    _printf_truncate_unsigned                0x00000000   Number         0  stubs.o ABSOLUTE
    _printf_u                                0x00000000   Number         0  stubs.o ABSOLUTE
    _printf_wc                               0x00000000   Number         0  stubs.o ABSOLUTE
    _printf_wctomb                           0x00000000   Number         0  stubs.o ABSOLUTE
    _printf_widthprec                        0x00000000   Number         0  stubs.o ABSOLUTE
    _printf_x                                0x00000000   Number         0  stubs.o ABSOLUTE
    __cpp_initialize__aeabi_                  - Undefined Weak Reference
    __cxa_finalize                            - Undefined Weak Reference
    __decompress                              - Undefined Weak Reference
    _clock_init                               - Undefined Weak Reference
    _microlib_exit                            - Undefined Weak Reference
    __Vectors_Size                           0x000001ac   Number         0  startup_stm32f429xx.o ABSOLUTE
    __Vectors                                0x08000000   Data           4  startup_stm32f429xx.o(RESET)
    __Vectors_End                            0x080001ac   Data           0  startup_stm32f429xx.o(RESET)
    __main                                   0x080001ad   Thumb Code     0  entry.o(.ARM.Collect$$$$00000000)
    _main_stk                                0x080001ad   Thumb Code     0  entry2.o(.ARM.Collect$$$$00000001)
    _main_scatterload                        0x080001b1   Thumb Code     0  entry5.o(.ARM.Collect$$$$00000004)
    __main_after_scatterload                 0x080001b5   Thumb Code     0  entry5.o(.ARM.Collect$$$$00000004)
    _main_clock                              0x080001b5   Thumb Code     0  entry7b.o(.ARM.Collect$$$$00000008)
    _main_cpp_init                           0x080001b5   Thumb Code     0  entry8b.o(.ARM.Collect$$$$0000000A)
    _main_init                               0x080001b5   Thumb Code     0  entry9a.o(.ARM.Collect$$$$0000000B)
    __rt_final_cpp                           0x080001bd   Thumb Code     0  entry10a.o(.ARM.Collect$$$$0000000D)
    __rt_final_exit                          0x080001bd   Thumb Code     0  entry11a.o(.ARM.Collect$$$$0000000F)
    Reset_Handler                            0x080001c1   Thumb Code     8  startup_stm32f429xx.o(.text)
    ADC_IRQHandler                           0x080001db   Thumb Code     0  startup_stm32f429xx.o(.text)
    CAN1_RX0_IRQHandler                      0x080001db   Thumb Code     0  startup_stm32f429xx.o(.text)
    CAN1_RX1_IRQHandler                      0x080001db   Thumb Code     0  startup_stm32f429xx.o(.text)
    CAN1_SCE_IRQHandler                      0x080001db   Thumb Code     0  startup_stm32f429xx.o(.text)
    CAN1_TX_IRQHandler                       0x080001db   Thumb Code     0  startup_stm32f429xx.o(.text)
    CAN2_RX0_IRQHandler                      0x080001db   Thumb Code     0  startup_stm32f429xx.o(.text)
    CAN2_RX1_IRQHandler                      0x080001db   Thumb Code     0  startup_stm32f429xx.o(.text)
    CAN2_SCE_IRQHandler                      0x080001db   Thumb Code     0  startup_stm32f429xx.o(.text)
    CAN2_TX_IRQHandler                       0x080001db   Thumb Code     0  startup_stm32f429xx.o(.text)
    DCMI_IRQHandler                          0x080001db   Thumb Code     0  startup_stm32f429xx.o(.text)
    DMA1_Stream0_IRQHandler                  0x080001db   Thumb Code     0  startup_stm32f429xx.o(.text)
    DMA1_Stream1_IRQHandler                  0x080001db   Thumb Code     0  startup_stm32f429xx.o(.text)
    DMA1_Stream2_IRQHandler                  0x080001db   Thumb Code     0  startup_stm32f429xx.o(.text)
    DMA1_Stream3_IRQHandler                  0x080001db   Thumb Code     0  startup_stm32f429xx.o(.text)
    DMA1_Stream4_IRQHandler                  0x080001db   Thumb Code     0  startup_stm32f429xx.o(.text)
    DMA1_Stream5_IRQHandler                  0x080001db   Thumb Code     0  startup_stm32f429xx.o(.text)
    DMA1_Stream6_IRQHandler                  0x080001db   Thumb Code     0  startup_stm32f429xx.o(.text)
    DMA1_Stream7_IRQHandler                  0x080001db   Thumb Code     0  startup_stm32f429xx.o(.text)
    DMA2D_IRQHandler                         0x080001db   Thumb Code     0  startup_stm32f429xx.o(.text)
    DMA2_Stream0_IRQHandler                  0x080001db   Thumb Code     0  startup_stm32f429xx.o(.text)
    DMA2_Stream1_IRQHandler                  0x080001db   Thumb Code     0  startup_stm32f429xx.o(.text)
    DMA2_Stream2_IRQHandler                  0x080001db   Thumb Code     0  startup_stm32f429xx.o(.text)
    DMA2_Stream4_IRQHandler                  0x080001db   Thumb Code     0  startup_stm32f429xx.o(.text)
    DMA2_Stream5_IRQHandler                  0x080001db   Thumb Code     0  startup_stm32f429xx.o(.text)
    DMA2_Stream7_IRQHandler                  0x080001db   Thumb Code     0  startup_stm32f429xx.o(.text)
    ETH_IRQHandler                           0x080001db   Thumb Code     0  startup_stm32f429xx.o(.text)
    ETH_WKUP_IRQHandler                      0x080001db   Thumb Code     0  startup_stm32f429xx.o(.text)
    EXTI0_IRQHandler                         0x080001db   Thumb Code     0  startup_stm32f429xx.o(.text)
    EXTI15_10_IRQHandler                     0x080001db   Thumb Code     0  startup_stm32f429xx.o(.text)
    EXTI1_IRQHandler                         0x080001db   Thumb Code     0  startup_stm32f429xx.o(.text)
    EXTI2_IRQHandler                         0x080001db   Thumb Code     0  startup_stm32f429xx.o(.text)
    EXTI3_IRQHandler                         0x080001db   Thumb Code     0  startup_stm32f429xx.o(.text)
    EXTI4_IRQHandler                         0x080001db   Thumb Code     0  startup_stm32f429xx.o(.text)
    EXTI9_5_IRQHandler                       0x080001db   Thumb Code     0  startup_stm32f429xx.o(.text)
    FLASH_IRQHandler                         0x080001db   Thumb Code     0  startup_stm32f429xx.o(.text)
    FMC_IRQHandler                           0x080001db   Thumb Code     0  startup_stm32f429xx.o(.text)
    FPU_IRQHandler                           0x080001db   Thumb Code     0  startup_stm32f429xx.o(.text)
    HASH_RNG_IRQHandler                      0x080001db   Thumb Code     0  startup_stm32f429xx.o(.text)
    I2C1_ER_IRQHandler                       0x080001db   Thumb Code     0  startup_stm32f429xx.o(.text)
    I2C1_EV_IRQHandler                       0x080001db   Thumb Code     0  startup_stm32f429xx.o(.text)
    I2C2_ER_IRQHandler                       0x080001db   Thumb Code     0  startup_stm32f429xx.o(.text)
    I2C2_EV_IRQHandler                       0x080001db   Thumb Code     0  startup_stm32f429xx.o(.text)
    I2C3_ER_IRQHandler                       0x080001db   Thumb Code     0  startup_stm32f429xx.o(.text)
    I2C3_EV_IRQHandler                       0x080001db   Thumb Code     0  startup_stm32f429xx.o(.text)
    LTDC_ER_IRQHandler                       0x080001db   Thumb Code     0  startup_stm32f429xx.o(.text)
    LTDC_IRQHandler                          0x080001db   Thumb Code     0  startup_stm32f429xx.o(.text)
    OTG_FS_IRQHandler                        0x080001db   Thumb Code     0  startup_stm32f429xx.o(.text)
    OTG_FS_WKUP_IRQHandler                   0x080001db   Thumb Code     0  startup_stm32f429xx.o(.text)
    OTG_HS_EP1_IN_IRQHandler                 0x080001db   Thumb Code     0  startup_stm32f429xx.o(.text)
    OTG_HS_EP1_OUT_IRQHandler                0x080001db   Thumb Code     0  startup_stm32f429xx.o(.text)
    OTG_HS_IRQHandler                        0x080001db   Thumb Code     0  startup_stm32f429xx.o(.text)
    OTG_HS_WKUP_IRQHandler                   0x080001db   Thumb Code     0  startup_stm32f429xx.o(.text)
    PVD_IRQHandler                           0x080001db   Thumb Code     0  startup_stm32f429xx.o(.text)
    RCC_IRQHandler                           0x080001db   Thumb Code     0  startup_stm32f429xx.o(.text)
    RTC_Alarm_IRQHandler                     0x080001db   Thumb Code     0  startup_stm32f429xx.o(.text)
    RTC_WKUP_IRQHandler                      0x080001db   Thumb Code     0  startup_stm32f429xx.o(.text)
    SAI1_IRQHandler                          0x080001db   Thumb Code     0  startup_stm32f429xx.o(.text)
    SPI1_IRQHandler                          0x080001db   Thumb Code     0  startup_stm32f429xx.o(.text)
    SPI2_IRQHandler                          0x080001db   Thumb Code     0  startup_stm32f429xx.o(.text)
    SPI3_IRQHandler                          0x080001db   Thumb Code     0  startup_stm32f429xx.o(.text)
    SPI4_IRQHandler                          0x080001db   Thumb Code     0  startup_stm32f429xx.o(.text)
    SPI5_IRQHandler                          0x080001db   Thumb Code     0  startup_stm32f429xx.o(.text)
    SPI6_IRQHandler                          0x080001db   Thumb Code     0  startup_stm32f429xx.o(.text)
    TAMP_STAMP_IRQHandler                    0x080001db   Thumb Code     0  startup_stm32f429xx.o(.text)
    TIM1_BRK_TIM9_IRQHandler                 0x080001db   Thumb Code     0  startup_stm32f429xx.o(.text)
    TIM1_CC_IRQHandler                       0x080001db   Thumb Code     0  startup_stm32f429xx.o(.text)
    TIM1_TRG_COM_TIM11_IRQHandler            0x080001db   Thumb Code     0  startup_stm32f429xx.o(.text)
    TIM1_UP_TIM10_IRQHandler                 0x080001db   Thumb Code     0  startup_stm32f429xx.o(.text)
    TIM2_IRQHandler                          0x080001db   Thumb Code     0  startup_stm32f429xx.o(.text)
    TIM3_IRQHandler                          0x080001db   Thumb Code     0  startup_stm32f429xx.o(.text)
    TIM4_IRQHandler                          0x080001db   Thumb Code     0  startup_stm32f429xx.o(.text)
    TIM5_IRQHandler                          0x080001db   Thumb Code     0  startup_stm32f429xx.o(.text)
    TIM6_DAC_IRQHandler                      0x080001db   Thumb Code     0  startup_stm32f429xx.o(.text)
    TIM7_IRQHandler                          0x080001db   Thumb Code     0  startup_stm32f429xx.o(.text)
    TIM8_BRK_TIM12_IRQHandler                0x080001db   Thumb Code     0  startup_stm32f429xx.o(.text)
    TIM8_CC_IRQHandler                       0x080001db   Thumb Code     0  startup_stm32f429xx.o(.text)
    TIM8_TRG_COM_TIM14_IRQHandler            0x080001db   Thumb Code     0  startup_stm32f429xx.o(.text)
    TIM8_UP_TIM13_IRQHandler                 0x080001db   Thumb Code     0  startup_stm32f429xx.o(.text)
    UART4_IRQHandler                         0x080001db   Thumb Code     0  startup_stm32f429xx.o(.text)
    UART5_IRQHandler                         0x080001db   Thumb Code     0  startup_stm32f429xx.o(.text)
    UART7_IRQHandler                         0x080001db   Thumb Code     0  startup_stm32f429xx.o(.text)
    UART8_IRQHandler                         0x080001db   Thumb Code     0  startup_stm32f429xx.o(.text)
    USART1_IRQHandler                        0x080001db   Thumb Code     0  startup_stm32f429xx.o(.text)
    USART2_IRQHandler                        0x080001db   Thumb Code     0  startup_stm32f429xx.o(.text)
    USART3_IRQHandler                        0x080001db   Thumb Code     0  startup_stm32f429xx.o(.text)
    USART6_IRQHandler                        0x080001db   Thumb Code     0  startup_stm32f429xx.o(.text)
    WWDG_IRQHandler                          0x080001db   Thumb Code     0  startup_stm32f429xx.o(.text)
    __aeabi_uldivmod                         0x080001e5   Thumb Code    98  uldiv.o(.text)
    __aeabi_dadd                             0x08000247   Thumb Code   322  dadd.o(.text)
    __aeabi_dsub                             0x08000389   Thumb Code     6  dadd.o(.text)
    __aeabi_drsub                            0x0800038f   Thumb Code     6  dadd.o(.text)
    __aeabi_ddiv                             0x08000395   Thumb Code   222  ddiv.o(.text)
    __aeabi_f2d                              0x08000473   Thumb Code    38  f2d.o(.text)
    __aeabi_d2f                              0x08000499   Thumb Code    56  d2f.o(.text)
    __aeabi_uidiv                            0x080004d1   Thumb Code     0  uidiv.o(.text)
    __aeabi_uidivmod                         0x080004d1   Thumb Code    44  uidiv.o(.text)
    __aeabi_llsl                             0x080004fd   Thumb Code    30  llshl.o(.text)
    _ll_shift_l                              0x080004fd   Thumb Code     0  llshl.o(.text)
    __aeabi_llsr                             0x0800051b   Thumb Code    32  llushr.o(.text)
    _ll_ushift_r                             0x0800051b   Thumb Code     0  llushr.o(.text)
    __aeabi_lasr                             0x0800053b   Thumb Code    36  llsshr.o(.text)
    _ll_sshift_r                             0x0800053b   Thumb Code     0  llsshr.o(.text)
    __I$use$fp                               0x0800055f   Thumb Code     0  iusefp.o(.text)
    _float_round                             0x0800055f   Thumb Code    18  fepilogue.o(.text)
    _float_epilogue                          0x08000571   Thumb Code    92  fepilogue.o(.text)
    _double_round                            0x080005cd   Thumb Code    30  depilogue.o(.text)
    _double_epilogue                         0x080005eb   Thumb Code   156  depilogue.o(.text)
    __aeabi_dmul                             0x08000687   Thumb Code   228  dmul.o(.text)
    __aeabi_i2d                              0x0800076b   Thumb Code    34  dflti.o(.text)
    __aeabi_d2iz                             0x0800078d   Thumb Code    62  dfixi.o(.text)
    __aeabi_d2ulz                            0x080007cb   Thumb Code    48  dfixul.o(.text)
    __aeabi_cdcmpeq                          0x080007fd   Thumb Code     0  cdcmple.o(.text)
    __aeabi_cdcmple                          0x080007fd   Thumb Code    48  cdcmple.o(.text)
    __aeabi_cdrcmple                         0x0800082d   Thumb Code    48  cdrcmple.o(.text)
    __scatterload                            0x0800085d   Thumb Code    28  init.o(.text)
    __scatterload_rt2                        0x0800085d   Thumb Code     0  init.o(.text)
    BSP_SD_AbortCallback                     0x08000881   Thumb Code     2  bsp_driver_sd.o(i.BSP_SD_AbortCallback)
    BSP_SD_GetCardInfo                       0x08000885   Thumb Code     8  bsp_driver_sd.o(i.BSP_SD_GetCardInfo)
    BSP_SD_GetCardState                      0x08000891   Thumb Code    20  bsp_driver_sd.o(i.BSP_SD_GetCardState)
    BSP_SD_Init                              0x080008a9   Thumb Code    48  bsp_driver_sd.o(i.BSP_SD_Init)
    BSP_SD_ReadBlocks_DMA                    0x080008dd   Thumb Code    24  bsp_driver_sd.o(i.BSP_SD_ReadBlocks_DMA)
    BSP_SD_ReadCpltCallback                  0x080008f9   Thumb Code     8  sd_diskio.o(i.BSP_SD_ReadCpltCallback)
    BSP_SD_WriteBlocks_DMA                   0x08000905   Thumb Code    24  bsp_driver_sd.o(i.BSP_SD_WriteBlocks_DMA)
    BSP_SD_WriteCpltCallback                 0x08000921   Thumb Code     8  sd_diskio.o(i.BSP_SD_WriteCpltCallback)
    BusFault_Handler                         0x0800092d   Thumb Code     2  stm32f4xx_it.o(i.BusFault_Handler)
    CUI_MALLOC                               0x08000931   Thumb Code    30  cui_malloc.o(i.CUI_MALLOC)
    CUI_MALLOCMini                           0x08000959   Thumb Code   132  cui_malloc.o(i.CUI_MALLOCMini)
    DMA2_Stream3_IRQHandler                  0x080009ed   Thumb Code     6  stm32f4xx_it.o(i.DMA2_Stream3_IRQHandler)
    DMA2_Stream6_IRQHandler                  0x080009f9   Thumb Code     6  stm32f4xx_it.o(i.DMA2_Stream6_IRQHandler)
    DebugMon_Handler                         0x08000aa9   Thumb Code     2  stm32f4xx_it.o(i.DebugMon_Handler)
    FATFS_LinkDriver                         0x08000aab   Thumb Code     6  ff_gen_drv.o(i.FATFS_LinkDriver)
    FATFS_LinkDriverEx                       0x08000ab1   Thumb Code    58  ff_gen_drv.o(i.FATFS_LinkDriverEx)
    FreeCUI_MALLOC                           0x08000af1   Thumb Code   122  cui_malloc.o(i.FreeCUI_MALLOC)
    Free_MallocGE                            0x08000b7d   Thumb Code    86  cui_malloc.o(i.Free_MallocGE)
    GetBigEndDat                             0x08000bd3   Thumb Code    14  minist.o(i.GetBigEndDat)
    GetMatLength                             0x08000be1   Thumb Code     8  matrix.o(i.GetMatLength)
    GetMat_MultAdd                           0x08000be9   Thumb Code    64  matrix.o(i.GetMat_MultAdd)
    Get_Mat                                  0x08000c2d   Thumb Code    34  matrix.o(i.Get_Mat)
    Get_MatAddr                              0x08000c4f   Thumb Code    32  matrix.o(i.Get_MatAddr)
    HAL_DMA_Abort_IT                         0x08000c6f   Thumb Code    36  stm32f4xx_hal_dma.o(i.HAL_DMA_Abort_IT)
    HAL_DMA_IRQHandler                       0x08000c95   Thumb Code   412  stm32f4xx_hal_dma.o(i.HAL_DMA_IRQHandler)
    HAL_DMA_Init                             0x08000e35   Thumb Code   206  stm32f4xx_hal_dma.o(i.HAL_DMA_Init)
    HAL_DMA_Start_IT                         0x08000f09   Thumb Code   120  stm32f4xx_hal_dma.o(i.HAL_DMA_Start_IT)
    HAL_Delay                                0x08000f81   Thumb Code    32  stm32f4xx_hal.o(i.HAL_Delay)
    HAL_GPIO_Init                            0x08000fa5   Thumb Code   408  stm32f4xx_hal_gpio.o(i.HAL_GPIO_Init)
    HAL_GetTick                              0x08001171   Thumb Code     6  stm32f4xx_hal.o(i.HAL_GetTick)
    HAL_IncTick                              0x0800117d   Thumb Code    12  stm32f4xx_hal.o(i.HAL_IncTick)
    HAL_Init                                 0x0800118d   Thumb Code    48  stm32f4xx_hal.o(i.HAL_Init)
    HAL_InitTick                             0x080011c1   Thumb Code    54  stm32f4xx_hal.o(i.HAL_InitTick)
    HAL_MspInit                              0x08001201   Thumb Code   126  stm32f4xx_hal_msp.o(i.HAL_MspInit)
    HAL_NVIC_EnableIRQ                       0x08001285   Thumb Code    22  stm32f4xx_hal_cortex.o(i.HAL_NVIC_EnableIRQ)
    HAL_NVIC_SetPriority                     0x0800129d   Thumb Code    60  stm32f4xx_hal_cortex.o(i.HAL_NVIC_SetPriority)
    HAL_NVIC_SetPriorityGrouping             0x080012dd   Thumb Code    26  stm32f4xx_hal_cortex.o(i.HAL_NVIC_SetPriorityGrouping)
    HAL_PWREx_EnableOverDrive                0x08001301   Thumb Code    98  stm32f4xx_hal_pwr_ex.o(i.HAL_PWREx_EnableOverDrive)
    HAL_RCC_ClockConfig                      0x08001371   Thumb Code   286  stm32f4xx_hal_rcc.o(i.HAL_RCC_ClockConfig)
    HAL_RCC_GetHCLKFreq                      0x080014a1   Thumb Code     6  stm32f4xx_hal_rcc.o(i.HAL_RCC_GetHCLKFreq)
    HAL_RCC_GetPCLK1Freq                     0x080014ad   Thumb Code    20  stm32f4xx_hal_rcc.o(i.HAL_RCC_GetPCLK1Freq)
    HAL_RCC_GetPCLK2Freq                     0x080014cd   Thumb Code    20  stm32f4xx_hal_rcc.o(i.HAL_RCC_GetPCLK2Freq)
    HAL_RCC_GetSysClockFreq                  0x080014ed   Thumb Code    88  stm32f4xx_hal_rcc.o(i.HAL_RCC_GetSysClockFreq)
    HAL_RCC_OscConfig                        0x08001551   Thumb Code   770  stm32f4xx_hal_rcc.o(i.HAL_RCC_OscConfig)
    HAL_SD_AbortCallback                     0x0800186d   Thumb Code     8  bsp_driver_sd.o(i.HAL_SD_AbortCallback)
    HAL_SD_ConfigWideBusOperation            0x08001875   Thumb Code   120  stm32f4xx_hal_sd.o(i.HAL_SD_ConfigWideBusOperation)
    HAL_SD_ErrorCallback                     0x080018ed   Thumb Code     2  stm32f4xx_hal_sd.o(i.HAL_SD_ErrorCallback)
    HAL_SD_GetCardCSD                        0x080018ef   Thumb Code   474  stm32f4xx_hal_sd.o(i.HAL_SD_GetCardCSD)
    HAL_SD_GetCardInfo                       0x08001ac9   Thumb Code    36  stm32f4xx_hal_sd.o(i.HAL_SD_GetCardInfo)
    HAL_SD_GetCardState                      0x08001aed   Thumb Code    44  stm32f4xx_hal_sd.o(i.HAL_SD_GetCardState)
    HAL_SD_IRQHandler                        0x08001b19   Thumb Code   438  stm32f4xx_hal_sd.o(i.HAL_SD_IRQHandler)
    HAL_SD_Init                              0x08001cd9   Thumb Code    54  stm32f4xx_hal_sd.o(i.HAL_SD_Init)
    HAL_SD_InitCard                          0x08001d11   Thumb Code    80  stm32f4xx_hal_sd.o(i.HAL_SD_InitCard)
    HAL_SD_MspInit                           0x08001d65   Thumb Code   256  sdio.o(i.HAL_SD_MspInit)
    HAL_SD_ReadBlocks_DMA                    0x08001e8d   Thumb Code   230  stm32f4xx_hal_sd.o(i.HAL_SD_ReadBlocks_DMA)
    HAL_SD_RxCpltCallback                    0x08001f81   Thumb Code     8  bsp_driver_sd.o(i.HAL_SD_RxCpltCallback)
    HAL_SD_TxCpltCallback                    0x08001f89   Thumb Code     8  bsp_driver_sd.o(i.HAL_SD_TxCpltCallback)
    HAL_SD_WriteBlocks_DMA                   0x08001f91   Thumb Code   232  stm32f4xx_hal_sd.o(i.HAL_SD_WriteBlocks_DMA)
    HAL_SYSTICK_CLKSourceConfig              0x08002085   Thumb Code    24  stm32f4xx_hal_cortex.o(i.HAL_SYSTICK_CLKSourceConfig)
    HAL_SYSTICK_Callback                     0x0800209d   Thumb Code     2  stm32f4xx_hal_cortex.o(i.HAL_SYSTICK_Callback)
    HAL_SYSTICK_Config                       0x0800209f   Thumb Code    40  stm32f4xx_hal_cortex.o(i.HAL_SYSTICK_Config)
    HAL_SYSTICK_IRQHandler                   0x080020c7   Thumb Code     8  stm32f4xx_hal_cortex.o(i.HAL_SYSTICK_IRQHandler)
    HAL_UART_Init                            0x080020cf   Thumb Code    98  stm32f4xx_hal_uart.o(i.HAL_UART_Init)
    HAL_UART_MspInit                         0x08002131   Thumb Code    64  usart.o(i.HAL_UART_MspInit)
    HAL_UART_Transmit                        0x0800217d   Thumb Code   186  stm32f4xx_hal_uart.o(i.HAL_UART_Transmit)
    HardFault_Handler                        0x08002239   Thumb Code    12  stm32f4xx_it.o(i.HardFault_Handler)
    MX_DMA_Init                              0x0800227d   Thumb Code    56  dma.o(i.MX_DMA_Init)
    MX_FATFS_Init                            0x080022b9   Thumb Code    18  fatfs.o(i.MX_FATFS_Init)
    MX_GPIO_Init                             0x080022d5   Thumb Code    70  gpio.o(i.MX_GPIO_Init)
    MX_SDIO_SD_Init                          0x08002321   Thumb Code    22  sdio.o(i.MX_SDIO_SD_Init)
    MX_USART1_UART_Init                      0x08002341   Thumb Code    52  usart.o(i.MX_USART1_UART_Init)
    MallocGE                                 0x0800238d   Thumb Code   174  cui_malloc.o(i.MallocGE)
    MemManage_Handler                        0x0800243b   Thumb Code     2  stm32f4xx_it.o(i.MemManage_Handler)
    MinistGetData                            0x0800243d   Thumb Code   538  minist.o(i.MinistGetData)
    NMI_Handler                              0x0800271d   Thumb Code     2  stm32f4xx_it.o(i.NMI_Handler)
    PendSV_Handler                           0x0800273f   Thumb Code     2  stm32f4xx_it.o(i.PendSV_Handler)
    PrintMat                                 0x08002741   Thumb Code    86  matrix.o(i.PrintMat)
    SDIO_ConfigData                          0x080027b5   Thumb Code    36  stm32f4xx_ll_sdmmc.o(i.SDIO_ConfigData)
    SDIO_GetPowerState                       0x080027d9   Thumb Code     8  stm32f4xx_ll_sdmmc.o(i.SDIO_GetPowerState)
    SDIO_GetResponse                         0x080027e1   Thumb Code    12  stm32f4xx_ll_sdmmc.o(i.SDIO_GetResponse)
    SDIO_IRQHandler                          0x080027ed   Thumb Code     6  stm32f4xx_it.o(i.SDIO_IRQHandler)
    SDIO_Init                                0x080027f9   Thumb Code    36  stm32f4xx_ll_sdmmc.o(i.SDIO_Init)
    SDIO_PowerState_ON                       0x0800281d   Thumb Code     8  stm32f4xx_ll_sdmmc.o(i.SDIO_PowerState_ON)
    SDIO_ReadFIFO                            0x08002825   Thumb Code     6  stm32f4xx_ll_sdmmc.o(i.SDIO_ReadFIFO)
    SDIO_SendCommand                         0x0800282b   Thumb Code    32  stm32f4xx_ll_sdmmc.o(i.SDIO_SendCommand)
    SDIO_WriteFIFO                           0x0800284b   Thumb Code    10  stm32f4xx_ll_sdmmc.o(i.SDIO_WriteFIFO)
    SDMMC_CmdAppCommand                      0x08002855   Thumb Code    50  stm32f4xx_ll_sdmmc.o(i.SDMMC_CmdAppCommand)
    SDMMC_CmdAppOperCommand                  0x08002889   Thumb Code    48  stm32f4xx_ll_sdmmc.o(i.SDMMC_CmdAppOperCommand)
    SDMMC_CmdBlockLength                     0x080028bd   Thumb Code    50  stm32f4xx_ll_sdmmc.o(i.SDMMC_CmdBlockLength)
    SDMMC_CmdBusWidth                        0x080028ef   Thumb Code    50  stm32f4xx_ll_sdmmc.o(i.SDMMC_CmdBusWidth)
    SDMMC_CmdGoIdleState                     0x08002921   Thumb Code    76  stm32f4xx_ll_sdmmc.o(i.SDMMC_CmdGoIdleState)
    SDMMC_CmdOperCond                        0x08002971   Thumb Code    98  stm32f4xx_ll_sdmmc.o(i.SDMMC_CmdOperCond)
    SDMMC_CmdReadMultiBlock                  0x080029d9   Thumb Code    50  stm32f4xx_ll_sdmmc.o(i.SDMMC_CmdReadMultiBlock)
    SDMMC_CmdReadSingleBlock                 0x08002a0b   Thumb Code    50  stm32f4xx_ll_sdmmc.o(i.SDMMC_CmdReadSingleBlock)
    SDMMC_CmdSelDesel                        0x08002a3d   Thumb Code    50  stm32f4xx_ll_sdmmc.o(i.SDMMC_CmdSelDesel)
    SDMMC_CmdSendCID                         0x08002a6f   Thumb Code    44  stm32f4xx_ll_sdmmc.o(i.SDMMC_CmdSendCID)
    SDMMC_CmdSendCSD                         0x08002a9b   Thumb Code    44  stm32f4xx_ll_sdmmc.o(i.SDMMC_CmdSendCSD)
    SDMMC_CmdSendSCR                         0x08002ac7   Thumb Code    48  stm32f4xx_ll_sdmmc.o(i.SDMMC_CmdSendSCR)
    SDMMC_CmdSendStatus                      0x08002af7   Thumb Code    50  stm32f4xx_ll_sdmmc.o(i.SDMMC_CmdSendStatus)
    SDMMC_CmdSetRelAdd                       0x08002b29   Thumb Code    48  stm32f4xx_ll_sdmmc.o(i.SDMMC_CmdSetRelAdd)
    SDMMC_CmdStopTransfer                    0x08002b59   Thumb Code    46  stm32f4xx_ll_sdmmc.o(i.SDMMC_CmdStopTransfer)
    SDMMC_CmdWriteMultiBlock                 0x08002b8d   Thumb Code    50  stm32f4xx_ll_sdmmc.o(i.SDMMC_CmdWriteMultiBlock)
    SDMMC_CmdWriteSingleBlock                0x08002bbf   Thumb Code    50  stm32f4xx_ll_sdmmc.o(i.SDMMC_CmdWriteSingleBlock)
    SD_initialize                            0x0800326d   Thumb Code    28  sd_diskio.o(i.SD_initialize)
    SD_ioctl                                 0x0800328d   Thumb Code    76  sd_diskio.o(i.SD_ioctl)
    SD_read                                  0x080032dd   Thumb Code   102  sd_diskio.o(i.SD_read)
    SD_status                                0x08003349   Thumb Code     4  sd_diskio.o(i.SD_status)
    SD_write                                 0x0800334d   Thumb Code   102  sd_diskio.o(i.SD_write)
    SVC_Handler                              0x080033b9   Thumb Code     2  stm32f4xx_it.o(i.SVC_Handler)
    SysTick_Handler                          0x080033bb   Thumb Code    14  stm32f4xx_it.o(i.SysTick_Handler)
    SystemClock_Config                       0x080033c9   Thumb Code   166  main.o(i.SystemClock_Config)
    SystemInit                               0x08003489   Thumb Code    66  system_stm32f4xx.o(i.SystemInit)
    UsageFault_Handler                       0x080037ed   Thumb Code     2  stm32f4xx_it.o(i.UsageFault_Handler)
    _Error_Handler                           0x080037f1   Thumb Code    12  main.o(i._Error_Handler)
    __0printf                                0x08003815   Thumb Code    22  printfa.o(i.__0printf)
    __1printf                                0x08003815   Thumb Code     0  printfa.o(i.__0printf)
    __2printf                                0x08003815   Thumb Code     0  printfa.o(i.__0printf)
    __c89printf                              0x08003815   Thumb Code     0  printfa.o(i.__0printf)
    printf                                   0x08003815   Thumb Code     0  printfa.o(i.__0printf)
    __ARM_fpclassify                         0x08003835   Thumb Code    48  fpclassify.o(i.__ARM_fpclassify)
    __hardfp_exp                             0x08003869   Thumb Code   714  exp.o(i.__hardfp_exp)
    __kernel_poly                            0x08003bc1   Thumb Code   248  poly.o(i.__kernel_poly)
    __mathlib_dbl_infnan                     0x08003cb9   Thumb Code    20  dunder.o(i.__mathlib_dbl_infnan)
    __mathlib_dbl_overflow                   0x08003cd1   Thumb Code    24  dunder.o(i.__mathlib_dbl_overflow)
    __mathlib_dbl_underflow                  0x08003cf1   Thumb Code    24  dunder.o(i.__mathlib_dbl_underflow)
    __scatterload_copy                       0x08003d11   Thumb Code    14  handlers.o(i.__scatterload_copy)
    __scatterload_null                       0x08003d1f   Thumb Code     2  handlers.o(i.__scatterload_null)
    __scatterload_zeroinit                   0x08003d21   Thumb Code    14  handlers.o(i.__scatterload_zeroinit)
    __set_errno                              0x08003d31   Thumb Code     6  errno.o(i.__set_errno)
    disk_initialize                          0x08004eb5   Thumb Code    36  diskio.o(i.disk_initialize)
    disk_ioctl                               0x08004edd   Thumb Code    24  diskio.o(i.disk_ioctl)
    disk_read                                0x08004ef9   Thumb Code    24  diskio.o(i.disk_read)
    disk_status                              0x08004f15   Thumb Code    18  diskio.o(i.disk_status)
    disk_write                               0x08004f2d   Thumb Code    24  diskio.o(i.disk_write)
    f_close                                  0x08004f49   Thumb Code    40  ff.o(i.f_close)
    f_lseek                                  0x08004f71   Thumb Code   530  ff.o(i.f_lseek)
    f_mount                                  0x08005185   Thumb Code    84  ff.o(i.f_mount)
    f_open                                   0x080051dd   Thumb Code   524  ff.o(i.f_open)
    f_read                                   0x080053ed   Thumb Code   338  ff.o(i.f_read)
    f_sync                                   0x0800553f   Thumb Code   142  ff.o(i.f_sync)
    ff_convert                               0x080055cd   Thumb Code    52  ccsbcs.o(i.ff_convert)
    ff_wtoupper                              0x08005605   Thumb Code   120  ccsbcs.o(i.ff_wtoupper)
    fputc                                    0x0800594d   Thumb Code    20  usart.o(i.fputc)
    get_fattime                              0x08005aa3   Thumb Code     4  fatfs.o(i.get_fattime)
    main                                     0x08005bad   Thumb Code    84  main.o(i.main)
    matAlgorithm                             0x08005c71   Thumb Code   146  matrix.o(i.matAlgorithm)
    matApendDat                              0x08005d05   Thumb Code    48  matrix.o(i.matApendDat)
    matApendDatU8                            0x08005d35   Thumb Code    56  matrix.o(i.matApendDatU8)
    matDot                                   0x08005d6d   Thumb Code    94  matrix.o(i.matDot)
    matIteraAlgorithm                        0x08005df9   Thumb Code   156  matrix.o(i.matIteraAlgorithm)
    matMalloc                                0x08005ed9   Thumb Code    36  matrix.o(i.matMalloc)
    matSigmoid                               0x08005f19   Thumb Code    66  matrix.o(i.matSigmoid)
    matSub                                   0x08005f5d   Thumb Code   118  matrix.o(i.matSub)
    matrix_Append                            0x08005ff5   Thumb Code   286  matrix.o(i.matrix_Append)
    matrix_CutOut                            0x08006189   Thumb Code   186  matrix.o(i.matrix_CutOut)
    matrix_Num                               0x08006279   Thumb Code    62  matrix.o(i.matrix_Num)
    matrix_One                               0x080062b7   Thumb Code     8  matrix.o(i.matrix_One)
    matrix_T                                 0x080062bf   Thumb Code    70  matrix.o(i.matrix_T)
    matrix_Zero                              0x08006305   Thumb Code     8  matrix.o(i.matrix_Zero)
    numpy_Init                               0x08006365   Thumb Code    62  numpy.o(i.numpy_Init)
    sigmoid                                  0x08006541   Thumb Code    72  matrix.o(i.sigmoid)
    SD_Driver                                0x080066f8   Data          20  sd_diskio.o(.constdata)
    AHBPrescTable                            0x08006714   Data          16  system_stm32f4xx.o(.constdata)
    APBPrescTable                            0x08006724   Data           8  system_stm32f4xx.o(.constdata)
    Region$$Table$$Base                      0x08006be0   Number         0  anon$$obj.o(Region$$Table)
    Region$$Table$$Limit                     0x08006c00   Number         0  anon$$obj.o(Region$$Table)
    pFirstMini                               0x20000000   Data           4  cui_malloc.o(.data)
    retSD                                    0x20000010   Data           1  fatfs.o(.data)
    SDPath                                   0x20000011   Data           4  fatfs.o(.data)
    uwTickFreq                               0x20000018   Data           1  stm32f4xx_hal.o(.data)
    uwTickPrio                               0x2000001c   Data           4  stm32f4xx_hal.o(.data)
    uwTick                                   0x20000020   Data           4  stm32f4xx_hal.o(.data)
    SystemCoreClock                          0x20000024   Data           4  system_stm32f4xx.o(.data)
    __stdout                                 0x20000030   Data           4  stdout.o(.data)
    CUI_MALLOCArray                          0x20000038   Data       158400  cui_malloc.o(.bss)
    indexMalloc                              0x20026af8   Data         150  cui_malloc.o(.bss)
    hsd                                      0x20026b90   Data         132  sdio.o(.bss)
    hdma_sdio_rx                             0x20026c14   Data          96  sdio.o(.bss)
    hdma_sdio_tx                             0x20026c74   Data          96  sdio.o(.bss)
    huart1                                   0x20026cd4   Data          64  usart.o(.bss)
    disk                                     0x20026d34   Data          12  ff_gen_drv.o(.bss)
    __initial_sp                             0x20027540   Data           0  startup_stm32f429xx.o(STACK)



==============================================================================

Memory Map of the image

  Image Entry point : 0x080001ad

  Load Region LR_IROM1 (Base: 0x08000000, Size: 0x00006c38, Max: 0x00100000, ABSOLUTE)

    Execution Region ER_IROM1 (Exec base: 0x08000000, Load base: 0x08000000, Size: 0x00006c00, Max: 0x00100000, ABSOLUTE)

    Exec Addr    Load Addr    Size         Type   Attr      Idx    E Section Name        Object

    0x08000000   0x08000000   0x000001ac   Data   RO            3    RESET               startup_stm32f429xx.o
    0x080001ac   0x080001ac   0x00000000   Code   RO         3584  * .ARM.Collect$$$$00000000  mc_w.l(entry.o)
    0x080001ac   0x080001ac   0x00000004   Code   RO         3891    .ARM.Collect$$$$00000001  mc_w.l(entry2.o)
    0x080001b0   0x080001b0   0x00000004   Code   RO         3894    .ARM.Collect$$$$00000004  mc_w.l(entry5.o)
    0x080001b4   0x080001b4   0x00000000   Code   RO         3896    .ARM.Collect$$$$00000008  mc_w.l(entry7b.o)
    0x080001b4   0x080001b4   0x00000000   Code   RO         3898    .ARM.Collect$$$$0000000A  mc_w.l(entry8b.o)
    0x080001b4   0x080001b4   0x00000008   Code   RO         3899    .ARM.Collect$$$$0000000B  mc_w.l(entry9a.o)
    0x080001bc   0x080001bc   0x00000000   Code   RO         3901    .ARM.Collect$$$$0000000D  mc_w.l(entry10a.o)
    0x080001bc   0x080001bc   0x00000000   Code   RO         3903    .ARM.Collect$$$$0000000F  mc_w.l(entry11a.o)
    0x080001bc   0x080001bc   0x00000004   Code   RO         3892    .ARM.Collect$$$$00002712  mc_w.l(entry2.o)
    0x080001c0   0x080001c0   0x00000024   Code   RO            4    .text               startup_stm32f429xx.o
    0x080001e4   0x080001e4   0x00000062   Code   RO         3587    .text               mc_w.l(uldiv.o)
    0x08000246   0x08000246   0x0000014e   Code   RO         3850    .text               mf_w.l(dadd.o)
    0x08000394   0x08000394   0x000000de   Code   RO         3852    .text               mf_w.l(ddiv.o)
    0x08000472   0x08000472   0x00000026   Code   RO         3854    .text               mf_w.l(f2d.o)
    0x08000498   0x08000498   0x00000038   Code   RO         3856    .text               mf_w.l(d2f.o)
    0x080004d0   0x080004d0   0x0000002c   Code   RO         3906    .text               mc_w.l(uidiv.o)
    0x080004fc   0x080004fc   0x0000001e   Code   RO         3908    .text               mc_w.l(llshl.o)
    0x0800051a   0x0800051a   0x00000020   Code   RO         3910    .text               mc_w.l(llushr.o)
    0x0800053a   0x0800053a   0x00000024   Code   RO         3912    .text               mc_w.l(llsshr.o)
    0x0800055e   0x0800055e   0x00000000   Code   RO         3921    .text               mc_w.l(iusefp.o)
    0x0800055e   0x0800055e   0x0000006e   Code   RO         3922    .text               mf_w.l(fepilogue.o)
    0x080005cc   0x080005cc   0x000000ba   Code   RO         3924    .text               mf_w.l(depilogue.o)
    0x08000686   0x08000686   0x000000e4   Code   RO         3926    .text               mf_w.l(dmul.o)
    0x0800076a   0x0800076a   0x00000022   Code   RO         3930    .text               mf_w.l(dflti.o)
    0x0800078c   0x0800078c   0x0000003e   Code   RO         3932    .text               mf_w.l(dfixi.o)
    0x080007ca   0x080007ca   0x00000030   Code   RO         3934    .text               mf_w.l(dfixul.o)
    0x080007fa   0x080007fa   0x00000002   PAD
    0x080007fc   0x080007fc   0x00000030   Code   RO         3936    .text               mf_w.l(cdcmple.o)
    0x0800082c   0x0800082c   0x00000030   Code   RO         3938    .text               mf_w.l(cdrcmple.o)
    0x0800085c   0x0800085c   0x00000024   Code   RO         3946    .text               mc_w.l(init.o)
    0x08000880   0x08000880   0x00000002   Code   RO          539    i.BSP_SD_AbortCallback  bsp_driver_sd.o
    0x08000882   0x08000882   0x00000002   PAD
    0x08000884   0x08000884   0x0000000c   Code   RO          545    i.BSP_SD_GetCardInfo  bsp_driver_sd.o
    0x08000890   0x08000890   0x00000018   Code   RO          546    i.BSP_SD_GetCardState  bsp_driver_sd.o
    0x080008a8   0x080008a8   0x00000034   Code   RO          549    i.BSP_SD_Init       bsp_driver_sd.o
    0x080008dc   0x080008dc   0x0000001c   Code   RO          552    i.BSP_SD_ReadBlocks_DMA  bsp_driver_sd.o
    0x080008f8   0x080008f8   0x0000000c   Code   RO          683    i.BSP_SD_ReadCpltCallback  sd_diskio.o
    0x08000904   0x08000904   0x0000001c   Code   RO          555    i.BSP_SD_WriteBlocks_DMA  bsp_driver_sd.o
    0x08000920   0x08000920   0x0000000c   Code   RO          684    i.BSP_SD_WriteCpltCallback  sd_diskio.o
    0x0800092c   0x0800092c   0x00000002   Code   RO          883    i.BusFault_Handler  stm32f4xx_it.o
    0x0800092e   0x0800092e   0x00000002   PAD
    0x08000930   0x08000930   0x00000028   Code   RO          357    i.CUI_MALLOC        cui_malloc.o
    0x08000958   0x08000958   0x00000094   Code   RO          358    i.CUI_MALLOCMini    cui_malloc.o
    0x080009ec   0x080009ec   0x0000000c   Code   RO          884    i.DMA2_Stream3_IRQHandler  stm32f4xx_it.o
    0x080009f8   0x080009f8   0x0000000c   Code   RO          885    i.DMA2_Stream6_IRQHandler  stm32f4xx_it.o
    0x08000a04   0x08000a04   0x00000028   Code   RO         2373    i.DMA_CalcBaseAndBitshift  stm32f4xx_hal_dma.o
    0x08000a2c   0x08000a2c   0x00000054   Code   RO         2374    i.DMA_CheckFifoParam  stm32f4xx_hal_dma.o
    0x08000a80   0x08000a80   0x00000028   Code   RO         2375    i.DMA_SetConfig     stm32f4xx_hal_dma.o
    0x08000aa8   0x08000aa8   0x00000002   Code   RO          886    i.DebugMon_Handler  stm32f4xx_it.o
    0x08000aaa   0x08000aaa   0x00000006   Code   RO         3499    i.FATFS_LinkDriver  ff_gen_drv.o
    0x08000ab0   0x08000ab0   0x00000040   Code   RO         3500    i.FATFS_LinkDriverEx  ff_gen_drv.o
    0x08000af0   0x08000af0   0x0000008c   Code   RO          359    i.FreeCUI_MALLOC    cui_malloc.o
    0x08000b7c   0x08000b7c   0x00000056   Code   RO          360    i.Free_MallocGE     cui_malloc.o
    0x08000bd2   0x08000bd2   0x0000000e   Code   RO          203    i.GetBigEndDat      minist.o
    0x08000be0   0x08000be0   0x00000008   Code   RO           39    i.GetMatLength      matrix.o
    0x08000be8   0x08000be8   0x00000044   Code   RO           40    i.GetMat_MultAdd    matrix.o
    0x08000c2c   0x08000c2c   0x00000022   Code   RO           41    i.Get_Mat           matrix.o
    0x08000c4e   0x08000c4e   0x00000020   Code   RO           42    i.Get_MatAddr       matrix.o
    0x08000c6e   0x08000c6e   0x00000024   Code   RO         2377    i.HAL_DMA_Abort_IT  stm32f4xx_hal_dma.o
    0x08000c92   0x08000c92   0x00000002   PAD
    0x08000c94   0x08000c94   0x000001a0   Code   RO         2381    i.HAL_DMA_IRQHandler  stm32f4xx_hal_dma.o
    0x08000e34   0x08000e34   0x000000d4   Code   RO         2382    i.HAL_DMA_Init      stm32f4xx_hal_dma.o
    0x08000f08   0x08000f08   0x00000078   Code   RO         2386    i.HAL_DMA_Start_IT  stm32f4xx_hal_dma.o
    0x08000f80   0x08000f80   0x00000024   Code   RO         2813    i.HAL_Delay         stm32f4xx_hal.o
    0x08000fa4   0x08000fa4   0x000001cc   Code   RO         2269    i.HAL_GPIO_Init     stm32f4xx_hal_gpio.o
    0x08001170   0x08001170   0x0000000c   Code   RO         2821    i.HAL_GetTick       stm32f4xx_hal.o
    0x0800117c   0x0800117c   0x00000010   Code   RO         2825    i.HAL_IncTick       stm32f4xx_hal.o
    0x0800118c   0x0800118c   0x00000034   Code   RO         2826    i.HAL_Init          stm32f4xx_hal.o
    0x080011c0   0x080011c0   0x00000040   Code   RO         2827    i.HAL_InitTick      stm32f4xx_hal.o
    0x08001200   0x08001200   0x00000084   Code   RO          977    i.HAL_MspInit       stm32f4xx_hal_msp.o
    0x08001284   0x08001284   0x00000016   Code   RO         2676    i.HAL_NVIC_EnableIRQ  stm32f4xx_hal_cortex.o
    0x0800129a   0x0800129a   0x00000002   PAD
    0x0800129c   0x0800129c   0x00000040   Code   RO         2682    i.HAL_NVIC_SetPriority  stm32f4xx_hal_cortex.o
    0x080012dc   0x080012dc   0x00000024   Code   RO         2683    i.HAL_NVIC_SetPriorityGrouping  stm32f4xx_hal_cortex.o
    0x08001300   0x08001300   0x00000070   Code   RO         2605    i.HAL_PWREx_EnableOverDrive  stm32f4xx_hal_pwr_ex.o
    0x08001370   0x08001370   0x00000130   Code   RO         1863    i.HAL_RCC_ClockConfig  stm32f4xx_hal_rcc.o
    0x080014a0   0x080014a0   0x0000000c   Code   RO         1868    i.HAL_RCC_GetHCLKFreq  stm32f4xx_hal_rcc.o
    0x080014ac   0x080014ac   0x00000020   Code   RO         1870    i.HAL_RCC_GetPCLK1Freq  stm32f4xx_hal_rcc.o
    0x080014cc   0x080014cc   0x00000020   Code   RO         1871    i.HAL_RCC_GetPCLK2Freq  stm32f4xx_hal_rcc.o
    0x080014ec   0x080014ec   0x00000064   Code   RO         1872    i.HAL_RCC_GetSysClockFreq  stm32f4xx_hal_rcc.o
    0x08001550   0x08001550   0x0000031c   Code   RO         1875    i.HAL_RCC_OscConfig  stm32f4xx_hal_rcc.o
    0x0800186c   0x0800186c   0x00000008   Code   RO          557    i.HAL_SD_AbortCallback  bsp_driver_sd.o
    0x08001874   0x08001874   0x00000078   Code   RO         1268    i.HAL_SD_ConfigWideBusOperation  stm32f4xx_hal_sd.o
    0x080018ec   0x080018ec   0x00000002   Code   RO         1271    i.HAL_SD_ErrorCallback  stm32f4xx_hal_sd.o
    0x080018ee   0x080018ee   0x000001da   Code   RO         1273    i.HAL_SD_GetCardCSD  stm32f4xx_hal_sd.o
    0x08001ac8   0x08001ac8   0x00000024   Code   RO         1274    i.HAL_SD_GetCardInfo  stm32f4xx_hal_sd.o
    0x08001aec   0x08001aec   0x0000002c   Code   RO         1275    i.HAL_SD_GetCardState  stm32f4xx_hal_sd.o
    0x08001b18   0x08001b18   0x000001c0   Code   RO         1279    i.HAL_SD_IRQHandler  stm32f4xx_hal_sd.o
    0x08001cd8   0x08001cd8   0x00000036   Code   RO         1280    i.HAL_SD_Init       stm32f4xx_hal_sd.o
    0x08001d0e   0x08001d0e   0x00000002   PAD
    0x08001d10   0x08001d10   0x00000054   Code   RO         1281    i.HAL_SD_InitCard   stm32f4xx_hal_sd.o
    0x08001d64   0x08001d64   0x00000128   Code   RO          794    i.HAL_SD_MspInit    sdio.o
    0x08001e8c   0x08001e8c   0x000000f4   Code   RO         1285    i.HAL_SD_ReadBlocks_DMA  stm32f4xx_hal_sd.o
    0x08001f80   0x08001f80   0x00000008   Code   RO          558    i.HAL_SD_RxCpltCallback  bsp_driver_sd.o
    0x08001f88   0x08001f88   0x00000008   Code   RO          559    i.HAL_SD_TxCpltCallback  bsp_driver_sd.o
    0x08001f90   0x08001f90   0x000000f4   Code   RO         1290    i.HAL_SD_WriteBlocks_DMA  stm32f4xx_hal_sd.o
    0x08002084   0x08002084   0x00000018   Code   RO         2685    i.HAL_SYSTICK_CLKSourceConfig  stm32f4xx_hal_cortex.o
    0x0800209c   0x0800209c   0x00000002   Code   RO         2686    i.HAL_SYSTICK_Callback  stm32f4xx_hal_cortex.o
    0x0800209e   0x0800209e   0x00000028   Code   RO         2687    i.HAL_SYSTICK_Config  stm32f4xx_hal_cortex.o
    0x080020c6   0x080020c6   0x00000008   Code   RO         2688    i.HAL_SYSTICK_IRQHandler  stm32f4xx_hal_cortex.o
    0x080020ce   0x080020ce   0x00000062   Code   RO         1561    i.HAL_UART_Init     stm32f4xx_hal_uart.o
    0x08002130   0x08002130   0x0000004c   Code   RO          836    i.HAL_UART_MspInit  usart.o
    0x0800217c   0x0800217c   0x000000ba   Code   RO         1569    i.HAL_UART_Transmit  stm32f4xx_hal_uart.o
    0x08002236   0x08002236   0x00000002   PAD
    0x08002238   0x08002238   0x00000044   Code   RO          887    i.HardFault_Handler  stm32f4xx_it.o
    0x0800227c   0x0800227c   0x0000003c   Code   RO          515    i.MX_DMA_Init       dma.o
    0x080022b8   0x080022b8   0x0000001c   Code   RO          755    i.MX_FATFS_Init     fatfs.o
    0x080022d4   0x080022d4   0x0000004c   Code   RO          491    i.MX_GPIO_Init      gpio.o
    0x08002320   0x08002320   0x00000020   Code   RO          795    i.MX_SDIO_SD_Init   sdio.o
    0x08002340   0x08002340   0x0000004c   Code   RO          837    i.MX_USART1_UART_Init  usart.o
    0x0800238c   0x0800238c   0x000000ae   Code   RO          361    i.MallocGE          cui_malloc.o
    0x0800243a   0x0800243a   0x00000002   Code   RO          888    i.MemManage_Handler  stm32f4xx_it.o
    0x0800243c   0x0800243c   0x000002e0   Code   RO          204    i.MinistGetData     minist.o
    0x0800271c   0x0800271c   0x00000002   Code   RO          889    i.NMI_Handler       stm32f4xx_it.o
    0x0800271e   0x0800271e   0x00000020   Code   RO         2689    i.NVIC_SetPriority  stm32f4xx_hal_cortex.o
    0x0800273e   0x0800273e   0x00000002   Code   RO          890    i.PendSV_Handler    stm32f4xx_it.o
    0x08002740   0x08002740   0x00000074   Code   RO           43    i.PrintMat          matrix.o
    0x080027b4   0x080027b4   0x00000024   Code   RO         1001    i.SDIO_ConfigData   stm32f4xx_ll_sdmmc.o
    0x080027d8   0x080027d8   0x00000008   Code   RO         1005    i.SDIO_GetPowerState  stm32f4xx_ll_sdmmc.o
    0x080027e0   0x080027e0   0x0000000c   Code   RO         1006    i.SDIO_GetResponse  stm32f4xx_ll_sdmmc.o
    0x080027ec   0x080027ec   0x0000000c   Code   RO          891    i.SDIO_IRQHandler   stm32f4xx_it.o
    0x080027f8   0x080027f8   0x00000024   Code   RO         1007    i.SDIO_Init         stm32f4xx_ll_sdmmc.o
    0x0800281c   0x0800281c   0x00000008   Code   RO         1009    i.SDIO_PowerState_ON  stm32f4xx_ll_sdmmc.o
    0x08002824   0x08002824   0x00000006   Code   RO         1010    i.SDIO_ReadFIFO     stm32f4xx_ll_sdmmc.o
    0x0800282a   0x0800282a   0x00000020   Code   RO         1011    i.SDIO_SendCommand  stm32f4xx_ll_sdmmc.o
    0x0800284a   0x0800284a   0x0000000a   Code   RO         1013    i.SDIO_WriteFIFO    stm32f4xx_ll_sdmmc.o
    0x08002854   0x08002854   0x00000032   Code   RO         1014    i.SDMMC_CmdAppCommand  stm32f4xx_ll_sdmmc.o
    0x08002886   0x08002886   0x00000002   PAD
    0x08002888   0x08002888   0x00000034   Code   RO         1015    i.SDMMC_CmdAppOperCommand  stm32f4xx_ll_sdmmc.o
    0x080028bc   0x080028bc   0x00000032   Code   RO         1016    i.SDMMC_CmdBlockLength  stm32f4xx_ll_sdmmc.o
    0x080028ee   0x080028ee   0x00000032   Code   RO         1017    i.SDMMC_CmdBusWidth  stm32f4xx_ll_sdmmc.o
    0x08002920   0x08002920   0x00000050   Code   RO         1021    i.SDMMC_CmdGoIdleState  stm32f4xx_ll_sdmmc.o
    0x08002970   0x08002970   0x00000068   Code   RO         1023    i.SDMMC_CmdOperCond  stm32f4xx_ll_sdmmc.o
    0x080029d8   0x080029d8   0x00000032   Code   RO         1024    i.SDMMC_CmdReadMultiBlock  stm32f4xx_ll_sdmmc.o
    0x08002a0a   0x08002a0a   0x00000032   Code   RO         1025    i.SDMMC_CmdReadSingleBlock  stm32f4xx_ll_sdmmc.o
    0x08002a3c   0x08002a3c   0x00000032   Code   RO         1028    i.SDMMC_CmdSelDesel  stm32f4xx_ll_sdmmc.o
    0x08002a6e   0x08002a6e   0x0000002c   Code   RO         1029    i.SDMMC_CmdSendCID  stm32f4xx_ll_sdmmc.o
    0x08002a9a   0x08002a9a   0x0000002c   Code   RO         1030    i.SDMMC_CmdSendCSD  stm32f4xx_ll_sdmmc.o
    0x08002ac6   0x08002ac6   0x00000030   Code   RO         1031    i.SDMMC_CmdSendSCR  stm32f4xx_ll_sdmmc.o
    0x08002af6   0x08002af6   0x00000032   Code   RO         1032    i.SDMMC_CmdSendStatus  stm32f4xx_ll_sdmmc.o
    0x08002b28   0x08002b28   0x00000030   Code   RO         1033    i.SDMMC_CmdSetRelAdd  stm32f4xx_ll_sdmmc.o
    0x08002b58   0x08002b58   0x00000034   Code   RO         1035    i.SDMMC_CmdStopTransfer  stm32f4xx_ll_sdmmc.o
    0x08002b8c   0x08002b8c   0x00000032   Code   RO         1037    i.SDMMC_CmdWriteMultiBlock  stm32f4xx_ll_sdmmc.o
    0x08002bbe   0x08002bbe   0x00000032   Code   RO         1038    i.SDMMC_CmdWriteSingleBlock  stm32f4xx_ll_sdmmc.o
    0x08002bf0   0x08002bf0   0x0000011c   Code   RO         1039    i.SDMMC_GetCmdResp1  stm32f4xx_ll_sdmmc.o
    0x08002d0c   0x08002d0c   0x00000050   Code   RO         1040    i.SDMMC_GetCmdResp2  stm32f4xx_ll_sdmmc.o
    0x08002d5c   0x08002d5c   0x00000040   Code   RO         1041    i.SDMMC_GetCmdResp3  stm32f4xx_ll_sdmmc.o
    0x08002d9c   0x08002d9c   0x00000084   Code   RO         1042    i.SDMMC_GetCmdResp6  stm32f4xx_ll_sdmmc.o
    0x08002e20   0x08002e20   0x00000020   Code   RO          685    i.SD_CheckStatus    sd_diskio.o
    0x08002e40   0x08002e40   0x00000056   Code   RO         1292    i.SD_DMAError       stm32f4xx_hal_sd.o
    0x08002e96   0x08002e96   0x0000003e   Code   RO         1293    i.SD_DMAReceiveCplt  stm32f4xx_hal_sd.o
    0x08002ed4   0x08002ed4   0x00000048   Code   RO         1294    i.SD_DMARxAbort     stm32f4xx_hal_sd.o
    0x08002f1c   0x08002f1c   0x0000000e   Code   RO         1295    i.SD_DMATransmitCplt  stm32f4xx_hal_sd.o
    0x08002f2a   0x08002f2a   0x00000048   Code   RO         1296    i.SD_DMATxAbort     stm32f4xx_hal_sd.o
    0x08002f72   0x08002f72   0x000000d4   Code   RO         1297    i.SD_FindSCR        stm32f4xx_hal_sd.o
    0x08003046   0x08003046   0x000000e6   Code   RO         1298    i.SD_InitCard       stm32f4xx_hal_sd.o
    0x0800312c   0x0800312c   0x000000a2   Code   RO         1299    i.SD_PowerON        stm32f4xx_hal_sd.o
    0x080031ce   0x080031ce   0x0000004e   Code   RO         1301    i.SD_WideBus_Disable  stm32f4xx_hal_sd.o
    0x0800321c   0x0800321c   0x0000004e   Code   RO         1302    i.SD_WideBus_Enable  stm32f4xx_hal_sd.o
    0x0800326a   0x0800326a   0x00000002   PAD
    0x0800326c   0x0800326c   0x00000020   Code   RO          686    i.SD_initialize     sd_diskio.o
    0x0800328c   0x0800328c   0x00000050   Code   RO          687    i.SD_ioctl          sd_diskio.o
    0x080032dc   0x080032dc   0x0000006c   Code   RO          688    i.SD_read           sd_diskio.o
    0x08003348   0x08003348   0x00000004   Code   RO          689    i.SD_status         sd_diskio.o
    0x0800334c   0x0800334c   0x0000006c   Code   RO          690    i.SD_write          sd_diskio.o
    0x080033b8   0x080033b8   0x00000002   Code   RO          892    i.SVC_Handler       stm32f4xx_it.o
    0x080033ba   0x080033ba   0x0000000e   Code   RO          893    i.SysTick_Handler   stm32f4xx_it.o
    0x080033c8   0x080033c8   0x000000c0   Code   RO          406    i.SystemClock_Config  main.o
    0x08003488   0x08003488   0x00000054   Code   RO         2990    i.SystemInit        system_stm32f4xx.o
    0x080034dc   0x080034dc   0x000002ac   Code   RO         1587    i.UART_SetConfig    stm32f4xx_hal_uart.o
    0x08003788   0x08003788   0x00000064   Code   RO         1589    i.UART_WaitOnFlagUntilTimeout  stm32f4xx_hal_uart.o
    0x080037ec   0x080037ec   0x00000002   Code   RO          894    i.UsageFault_Handler  stm32f4xx_it.o
    0x080037ee   0x080037ee   0x00000002   PAD
    0x080037f0   0x080037f0   0x00000024   Code   RO          407    i._Error_Handler    main.o
    0x08003814   0x08003814   0x00000020   Code   RO         3822    i.__0printf         mc_w.l(printfa.o)
    0x08003834   0x08003834   0x00000030   Code   RO         3875    i.__ARM_fpclassify  m_wm.l(fpclassify.o)
    0x08003864   0x08003864   0x00000004   PAD
    0x08003868   0x08003868   0x00000358   Code   RO         3558    i.__hardfp_exp      m_wm.l(exp.o)
    0x08003bc0   0x08003bc0   0x000000f8   Code   RO         3877    i.__kernel_poly     m_wm.l(poly.o)
    0x08003cb8   0x08003cb8   0x00000014   Code   RO         3862    i.__mathlib_dbl_infnan  m_wm.l(dunder.o)
    0x08003ccc   0x08003ccc   0x00000004   PAD
    0x08003cd0   0x08003cd0   0x00000020   Code   RO         3865    i.__mathlib_dbl_overflow  m_wm.l(dunder.o)
    0x08003cf0   0x08003cf0   0x00000020   Code   RO         3867    i.__mathlib_dbl_underflow  m_wm.l(dunder.o)
    0x08003d10   0x08003d10   0x0000000e   Code   RO         3952    i.__scatterload_copy  mc_w.l(handlers.o)
    0x08003d1e   0x08003d1e   0x00000002   Code   RO         3953    i.__scatterload_null  mc_w.l(handlers.o)
    0x08003d20   0x08003d20   0x0000000e   Code   RO         3954    i.__scatterload_zeroinit  mc_w.l(handlers.o)
    0x08003d2e   0x08003d2e   0x00000002   PAD
    0x08003d30   0x08003d30   0x0000000c   Code   RO         3916    i.__set_errno       mc_w.l(errno.o)
    0x08003d3c   0x08003d3c   0x00000184   Code   RO         3829    i._fp_digits        mc_w.l(printfa.o)
    0x08003ec0   0x08003ec0   0x000006dc   Code   RO         3830    i._printf_core      mc_w.l(printfa.o)
    0x0800459c   0x0800459c   0x00000024   Code   RO         3831    i._printf_post_padding  mc_w.l(printfa.o)
    0x080045c0   0x080045c0   0x0000002e   Code   RO         3832    i._printf_pre_padding  mc_w.l(printfa.o)
    0x080045ee   0x080045ee   0x00000002   PAD
    0x080045f0   0x080045f0   0x00000070   Code   RO         3138    i.check_fs          ff.o
    0x08004660   0x08004660   0x00000010   Code   RO         3139    i.chk_chr           ff.o
    0x08004670   0x08004670   0x0000005c   Code   RO         3140    i.chk_lock          ff.o
    0x080046cc   0x080046cc   0x00000020   Code   RO         3141    i.clear_lock        ff.o
    0x080046ec   0x080046ec   0x00000024   Code   RO         3142    i.clmt_clust        ff.o
    0x08004710   0x08004710   0x00000018   Code   RO         3143    i.clust2sect        ff.o
    0x08004728   0x08004728   0x00000080   Code   RO         3144    i.cmp_lfn           ff.o
    0x080047a8   0x080047a8   0x000000a4   Code   RO         3145    i.create_chain      ff.o
    0x0800484c   0x0800484c   0x00000208   Code   RO         3146    i.create_name       ff.o
    0x08004a54   0x08004a54   0x00000034   Code   RO         3147    i.dec_lock          ff.o
    0x08004a88   0x08004a88   0x000000d0   Code   RO         3148    i.dir_find          ff.o
    0x08004b58   0x08004b58   0x000000f4   Code   RO         3149    i.dir_next          ff.o
    0x08004c4c   0x08004c4c   0x000001e4   Code   RO         3151    i.dir_register      ff.o
    0x08004e30   0x08004e30   0x00000082   Code   RO         3153    i.dir_sdi           ff.o
    0x08004eb2   0x08004eb2   0x00000002   PAD
    0x08004eb4   0x08004eb4   0x00000028   Code   RO         3083    i.disk_initialize   diskio.o
    0x08004edc   0x08004edc   0x0000001c   Code   RO         3084    i.disk_ioctl        diskio.o
    0x08004ef8   0x08004ef8   0x0000001c   Code   RO         3085    i.disk_read         diskio.o
    0x08004f14   0x08004f14   0x00000018   Code   RO         3086    i.disk_status       diskio.o
    0x08004f2c   0x08004f2c   0x0000001c   Code   RO         3087    i.disk_write        diskio.o
    0x08004f48   0x08004f48   0x00000028   Code   RO         3154    i.f_close           ff.o
    0x08004f70   0x08004f70   0x00000212   Code   RO         3158    i.f_lseek           ff.o
    0x08005182   0x08005182   0x00000002   PAD
    0x08005184   0x08005184   0x00000058   Code   RO         3161    i.f_mount           ff.o
    0x080051dc   0x080051dc   0x00000210   Code   RO         3162    i.f_open            ff.o
    0x080053ec   0x080053ec   0x00000152   Code   RO         3167    i.f_read            ff.o
    0x0800553e   0x0800553e   0x0000008e   Code   RO         3171    i.f_sync            ff.o
    0x080055cc   0x080055cc   0x00000038   Code   RO         3051    i.ff_convert        ccsbcs.o
    0x08005604   0x08005604   0x00000080   Code   RO         3052    i.ff_wtoupper       ccsbcs.o
    0x08005684   0x08005684   0x00000254   Code   RO         3175    i.find_volume       ff.o
    0x080058d8   0x080058d8   0x00000074   Code   RO         3176    i.follow_path       ff.o
    0x0800594c   0x0800594c   0x00000018   Code   RO          838    i.fputc             usart.o
    0x08005964   0x08005964   0x00000080   Code   RO         3177    i.gen_numname       ff.o
    0x080059e4   0x080059e4   0x000000be   Code   RO         3178    i.get_fat           ff.o
    0x08005aa2   0x08005aa2   0x00000004   Code   RO          756    i.get_fattime       fatfs.o
    0x08005aa6   0x08005aa6   0x0000003c   Code   RO         3180    i.get_ldnumber      ff.o
    0x08005ae2   0x08005ae2   0x00000002   PAD
    0x08005ae4   0x08005ae4   0x00000080   Code   RO         3181    i.inc_lock          ff.o
    0x08005b64   0x08005b64   0x00000026   Code   RO         3182    i.ld_clust          ff.o
    0x08005b8a   0x08005b8a   0x00000016   Code   RO         3183    i.ld_dword          ff.o
    0x08005ba0   0x08005ba0   0x0000000a   Code   RO         3184    i.ld_word           ff.o
    0x08005baa   0x08005baa   0x00000002   PAD
    0x08005bac   0x08005bac   0x000000c4   Code   RO          408    i.main              main.o
    0x08005c70   0x08005c70   0x00000092   Code   RO           46    i.matAlgorithm      matrix.o
    0x08005d02   0x08005d02   0x00000002   PAD
    0x08005d04   0x08005d04   0x00000030   Code   RO           47    i.matApendDat       matrix.o
    0x08005d34   0x08005d34   0x00000038   Code   RO           48    i.matApendDatU8     matrix.o
    0x08005d6c   0x08005d6c   0x0000008c   Code   RO           49    i.matDot            matrix.o
    0x08005df8   0x08005df8   0x000000e0   Code   RO           50    i.matIteraAlgorithm  matrix.o
    0x08005ed8   0x08005ed8   0x00000040   Code   RO           51    i.matMalloc         matrix.o
    0x08005f18   0x08005f18   0x00000042   Code   RO           53    i.matSigmoid        matrix.o
    0x08005f5a   0x08005f5a   0x00000002   PAD
    0x08005f5c   0x08005f5c   0x00000098   Code   RO           55    i.matSub            matrix.o
    0x08005ff4   0x08005ff4   0x00000194   Code   RO           57    i.matrix_Append     matrix.o
    0x08006188   0x08006188   0x000000f0   Code   RO           58    i.matrix_CutOut     matrix.o
    0x08006278   0x08006278   0x0000003e   Code   RO           59    i.matrix_Num        matrix.o
    0x080062b6   0x080062b6   0x00000008   Code   RO           60    i.matrix_One        matrix.o
    0x080062be   0x080062be   0x00000046   Code   RO           61    i.matrix_T          matrix.o
    0x08006304   0x08006304   0x0000000c   Code   RO           62    i.matrix_Zero       matrix.o
    0x08006310   0x08006310   0x00000012   Code   RO         3185    i.mem_cpy           ff.o
    0x08006322   0x08006322   0x00000002   PAD
    0x08006324   0x08006324   0x0000000e   Code   RO         3186    i.mem_set           ff.o
    0x08006332   0x08006332   0x00000032   Code   RO         3187    i.move_window       ff.o
    0x08006364   0x08006364   0x0000007c   Code   RO           10    i.numpy_Init        numpy.o
    0x080063e0   0x080063e0   0x000000ea   Code   RO         3189    i.put_fat           ff.o
    0x080064ca   0x080064ca   0x00000074   Code   RO         3192    i.remove_chain      ff.o
    0x0800653e   0x0800653e   0x00000002   PAD
    0x08006540   0x08006540   0x00000050   Code   RO           63    i.sigmoid           matrix.o
    0x08006590   0x08006590   0x00000028   Code   RO         3193    i.st_clust          ff.o
    0x080065b8   0x080065b8   0x00000010   Code   RO         3194    i.st_dword          ff.o
    0x080065c8   0x080065c8   0x00000008   Code   RO         3195    i.st_word           ff.o
    0x080065d0   0x080065d0   0x0000001a   Code   RO         3196    i.sum_sfn           ff.o
    0x080065ea   0x080065ea   0x00000002   PAD
    0x080065ec   0x080065ec   0x00000088   Code   RO         3197    i.sync_fs           ff.o
    0x08006674   0x08006674   0x00000052   Code   RO         3198    i.sync_window       ff.o
    0x080066c6   0x080066c6   0x00000032   Code   RO         3199    i.validate          ff.o
    0x080066f8   0x080066f8   0x00000014   Data   RO          691    .constdata          sd_diskio.o
    0x0800670c   0x0800670c   0x00000008   Data   RO         2388    .constdata          stm32f4xx_hal_dma.o
    0x08006714   0x08006714   0x00000010   Data   RO         2991    .constdata          system_stm32f4xx.o
    0x08006724   0x08006724   0x00000008   Data   RO         2992    .constdata          system_stm32f4xx.o
    0x0800672c   0x0800672c   0x000003ae   Data   RO         3053    .constdata          ccsbcs.o
    0x08006ada   0x08006ada   0x000000aa   Data   RO         3201    .constdata          ff.o
    0x08006b84   0x08006b84   0x00000004   PAD
    0x08006b88   0x08006b88   0x00000058   Data   RO         3561    .constdata          m_wm.l(exp.o)
    0x08006be0   0x08006be0   0x00000020   Data   RO         3950    Region$$Table       anon$$obj.o


    Execution Region RW_IRAM1 (Exec base: 0x20000000, Load base: 0x08006c00, Size: 0x00027540, Max: 0x00030000, ABSOLUTE)

    Exec Addr    Load Addr    Size         Type   Attr      Idx    E Section Name        Object

    0x20000000   0x08006c00   0x00000004   Data   RW          363    .data               cui_malloc.o
    0x20000004   0x08006c04   0x0000000c   Data   RW          692    .data               sd_diskio.o
    0x20000010   0x08006c10   0x00000005   Data   RW          759    .data               fatfs.o
    0x20000015   0x08006c15   0x00000003   PAD
    0x20000018   0x08006c18   0x0000000c   Data   RW         2833    .data               stm32f4xx_hal.o
    0x20000024   0x08006c24   0x00000004   Data   RW         2993    .data               system_stm32f4xx.o
    0x20000028   0x08006c28   0x00000008   Data   RW         3202    .data               ff.o
    0x20000030   0x08006c30   0x00000004   Data   RW         3905    .data               mc_w.l(stdout.o)
    0x20000034   0x08006c34   0x00000004   Data   RW         3917    .data               mc_w.l(errno.o)
    0x20000038        -       0x00026b56   Zero   RW          362    .bss                cui_malloc.o
    0x20026b8e   0x08006c38   0x00000002   PAD
    0x20026b90        -       0x00000144   Zero   RW          796    .bss                sdio.o
    0x20026cd4        -       0x00000040   Zero   RW          839    .bss                usart.o
    0x20026d14        -       0x00000020   Zero   RW         3200    .bss                ff.o
    0x20026d34        -       0x0000000c   Zero   RW         3503    .bss                ff_gen_drv.o
    0x20026d40        -       0x00000800   Zero   RW            1    STACK               startup_stm32f429xx.o


==============================================================================

Image component sizes


      Code (inc. data)   RO Data    RW Data    ZI Data      Debug   Object Name

       170         20          0          0          0       5620   bsp_driver_sd.o
       184         22        942          0          0       2323   ccsbcs.o
       588         44          0          4     158550       5763   cui_malloc.o
       148         22          0          0          0       3825   diskio.o
        60          4          0          0          0        794   dma.o
        32         10          0          5          0       1532   fatfs.o
      5986        100        170          8         32      44794   ff.o
        70          6          0          0         12       1679   ff_gen_drv.o
        76          6          0          0          0        875   gpio.o
       424        162          0          0          0       9825   main.o
      2030        394          0          0          0      15936   matrix.o
       750        198          0          0          0     741063   minist.o
       124         62          0          0          0       5681   numpy.o
       388         34         20         12          0       5709   sd_diskio.o
       328         50          0          0        324       1863   sdio.o
        36          8        428          0       2048        848   startup_stm32f429xx.o
       180         28          0         12          0       4689   stm32f4xx_hal.o
       228         14          0          0          0      32289   stm32f4xx_hal_cortex.o
       948         16          8          0          0       6594   stm32f4xx_hal_dma.o
       460         52          0          0          0       1812   stm32f4xx_hal_gpio.o
       132          6          0          0          0        942   stm32f4xx_hal_msp.o
       112         14          0          0          0       1320   stm32f4xx_hal_pwr_ex.o
      1276         86          0          0          0       5736   stm32f4xx_hal_rcc.o
      2816         40          0          0          0      17539   stm32f4xx_hal_sd.o
      1068          8          0          0          0       4216   stm32f4xx_hal_uart.o
       132         74          0          0          0       5716   stm32f4xx_it.o
      1630         42          0          0          0      23195   stm32f4xx_ll_sdmmc.o
         0          0          0          0          0        556   syscall.o
        84         18         24          4          0       1207   system_stm32f4xx.o
       176         40          0          0         64       2222   usart.o

    ----------------------------------------------------------------------
     20672       1580       1628         48     161032     956163   Object Totals
         0          0         32          0          0          0   (incl. Generated)
        36          0          4          3          2          0   (incl. Padding)

    ----------------------------------------------------------------------

      Code (inc. data)   RO Data    RW Data    ZI Data      Debug   Library Member Name

        84         16          0          0          0        372   dunder.o
       856        142         88          0          0        288   exp.o
        48          0          0          0          0        124   fpclassify.o
       248          0          0          0          0        152   poly.o
         0          0          0          0          0          0   entry.o
         0          0          0          0          0          0   entry10a.o
         0          0          0          0          0          0   entry11a.o
         8          4          0          0          0          0   entry2.o
         4          0          0          0          0          0   entry5.o
         0          0          0          0          0          0   entry7b.o
         0          0          0          0          0          0   entry8b.o
         8          4          0          0          0          0   entry9a.o
        12          6          0          4          0         68   errno.o
        30          0          0          0          0          0   handlers.o
        36          8          0          0          0         68   init.o
         0          0          0          0          0          0   iusefp.o
        30          0          0          0          0         68   llshl.o
        36          0          0          0          0         68   llsshr.o
        32          0          0          0          0         68   llushr.o
      2258         90          0          0          0        452   printfa.o
         0          0          0          4          0          0   stdout.o
        44          0          0          0          0         80   uidiv.o
        98          0          0          0          0         92   uldiv.o
        48          0          0          0          0         68   cdcmple.o
        48          0          0          0          0         68   cdrcmple.o
        56          0          0          0          0         88   d2f.o
       334          0          0          0          0        148   dadd.o
       222          0          0          0          0        100   ddiv.o
       186          0          0          0          0        176   depilogue.o
        62          0          0          0          0         80   dfixi.o
        48          0          0          0          0         68   dfixul.o
        34          0          0          0          0         76   dflti.o
       228          0          0          0          0         96   dmul.o
        38          0          0          0          0         68   f2d.o
       110          0          0          0          0        168   fepilogue.o

    ----------------------------------------------------------------------
      5260        270         88          8          0       3104   Library Totals
        14          0          0          0          0          0   (incl. Padding)

    ----------------------------------------------------------------------

      Code (inc. data)   RO Data    RW Data    ZI Data      Debug   Library Name

      1236        158         88          0          0        936   m_wm.l
      2596        112          0          8          0        964   mc_w.l
      1414          0          0          0          0       1204   mf_w.l

    ----------------------------------------------------------------------
      5260        270         88          8          0       3104   Library Totals

    ----------------------------------------------------------------------

==============================================================================


      Code (inc. data)   RO Data    RW Data    ZI Data      Debug   

     25932       1850       1716         56     161032     938579   Grand Totals
     25932       1850       1716         56     161032     938579   ELF Image Totals
     25932       1850       1716         56          0          0   ROM Totals

==============================================================================

    Total RO  Size (Code + RO Data)                27648 (  27.00kB)
    Total RW  Size (RW Data + ZI Data)            161088 ( 157.31kB)
    Total ROM Size (Code + RO Data + RW Data)      27704 (  27.05kB)

==============================================================================

