Component: ARM Compiler 5.06 update 6 (build 750) Tool: armlink [4d35ed]

==============================================================================

Section Cross References

    startup_stm32f429xx.o(RESET) refers to startup_stm32f429xx.o(STACK) for __initial_sp
    startup_stm32f429xx.o(RESET) refers to startup_stm32f429xx.o(.text) for Reset_Handler
    startup_stm32f429xx.o(RESET) refers to stm32f4xx_it.o(i.NMI_Handler) for NMI_Handler
    startup_stm32f429xx.o(RESET) refers to stm32f4xx_it.o(i.HardFault_Handler) for HardFault_Handler
    startup_stm32f429xx.o(RESET) refers to stm32f4xx_it.o(i.MemManage_Handler) for MemManage_Handler
    startup_stm32f429xx.o(RESET) refers to stm32f4xx_it.o(i.BusFault_Handler) for BusFault_Handler
    startup_stm32f429xx.o(RESET) refers to stm32f4xx_it.o(i.UsageFault_Handler) for UsageFault_Handler
    startup_stm32f429xx.o(RESET) refers to stm32f4xx_it.o(i.SVC_Handler) for SVC_Handler
    startup_stm32f429xx.o(RESET) refers to stm32f4xx_it.o(i.DebugMon_Handler) for DebugMon_Handler
    startup_stm32f429xx.o(RESET) refers to stm32f4xx_it.o(i.PendSV_Handler) for PendSV_Handler
    startup_stm32f429xx.o(RESET) refers to stm32f4xx_it.o(i.SysTick_Handler) for SysTick_Handler
    startup_stm32f429xx.o(RESET) refers to stm32f4xx_it.o(i.SDIO_IRQHandler) for SDIO_IRQHandler
    startup_stm32f429xx.o(RESET) refers to stm32f4xx_it.o(i.DMA2_Stream3_IRQHandler) for DMA2_Stream3_IRQHandler
    startup_stm32f429xx.o(RESET) refers to stm32f4xx_it.o(i.DMA2_Stream6_IRQHandler) for DMA2_Stream6_IRQHandler
    startup_stm32f429xx.o(.text) refers to system_stm32f4xx.o(i.SystemInit) for SystemInit
    startup_stm32f429xx.o(.text) refers to entry.o(.ARM.Collect$$$$00000000) for __main
    matrix_2.o(i.GetMat_MultAdd_float_float) refers to matrix_2.o(i.Get_MatAddr) for Get_MatAddr
    matrix_2.o(i.GetMat_MultAdd_float_int) refers to matrix_2.o(i.Get_MatAddr) for Get_MatAddr
    matrix_2.o(i.GetMat_MultAdd_float_u8) refers to matrix_2.o(i.Get_MatAddr) for Get_MatAddr
    matrix_2.o(i.GetMat_MultAdd_int_float) refers to matrix_2.o(i.Get_MatAddr) for Get_MatAddr
    matrix_2.o(i.GetMat_MultAdd_int_int) refers to matrix_2.o(i.Get_MatAddr) for Get_MatAddr
    matrix_2.o(i.GetMat_MultAdd_int_u8) refers to matrix_2.o(i.Get_MatAddr) for Get_MatAddr
    matrix_2.o(i.GetMat_MultAdd_u8_float) refers to matrix_2.o(i.Get_MatAddr) for Get_MatAddr
    matrix_2.o(i.GetMat_MultAdd_u8_int) refers to matrix_2.o(i.Get_MatAddr) for Get_MatAddr
    matrix_2.o(i.GetMat_MultAdd_u8_u8) refers to matrix_2.o(i.Get_MatAddr) for Get_MatAddr
    matrix_2.o(i.Get_MatAddr) refers to matrix_2.o(i.GetTypeEnumSize) for GetTypeEnumSize
    matrix_2.o(i.PrintMat) refers to printfa.o(i.__0printf) for __2printf
    matrix_2.o(i.PrintMat) refers to matrix_2.o(i.SwitchMat) for SwitchMat
    matrix_2.o(i.SwitchMat) refers to matrix_2.o(i.Get_MatAddr) for Get_MatAddr
    matrix_2.o(i.SwitchMat) refers to f2d.o(.text) for __aeabi_f2d
    matrix_2.o(i.SwitchMat) refers to printfa.o(i.__0printf) for __2printf
    matrix_2.o(i.matAddSub) refers to matrix_2.o(i.matMalloc) for matMalloc
    matrix_2.o(i.matAddSub) refers to matrix_2.o(i.Get_MatAddr) for Get_MatAddr
    matrix_2.o(i.matAddSub) refers to printfa.o(i.__0printf) for __2printf
    matrix_2.o(i.matApendDat) refers to matrix_2.o(i.GetTypeEnumSize) for GetTypeEnumSize
    matrix_2.o(i.matDot) refers to matrix_2.o(i.matMalloc) for matMalloc
    matrix_2.o(i.matDot) refers to matrix_2.o(i.GetMat_MultAdd_u8_int) for GetMat_MultAdd_u8_int
    matrix_2.o(i.matDot) refers to matrix_2.o(i.GetMat_MultAdd_u8_float) for GetMat_MultAdd_u8_float
    matrix_2.o(i.matDot) refers to matrix_2.o(i.GetMat_MultAdd_float_u8) for GetMat_MultAdd_float_u8
    matrix_2.o(i.matDot) refers to matrix_2.o(i.GetMat_MultAdd_float_float) for GetMat_MultAdd_float_float
    matrix_2.o(i.matDot) refers to matrix_2.o(i.GetMat_MultAdd_float_int) for GetMat_MultAdd_float_int
    matrix_2.o(i.matDot) refers to matrix_2.o(i.GetMat_MultAdd_int_float) for GetMat_MultAdd_int_float
    matrix_2.o(i.matDot) refers to matrix_2.o(i.GetMat_MultAdd_int_u8) for GetMat_MultAdd_int_u8
    matrix_2.o(i.matDot) refers to matrix_2.o(i.GetMat_MultAdd_int_int) for GetMat_MultAdd_int_int
    matrix_2.o(i.matDot) refers to printfa.o(i.__0printf) for __2printf
    matrix_2.o(i.matIteraAlgorithm) refers to printfa.o(i.__0printf) for __2printf
    matrix_2.o(i.matIteraAlgorithm) refers to matrix_2.o(i.Get_MatAddr) for Get_MatAddr
    matrix_2.o(i.matMalloc) refers to matrix_2.o(i.GetTypeEnumSize) for GetTypeEnumSize
    matrix_2.o(i.matMalloc) refers to cui_malloc.o(i.CUI_MALLOC) for CUI_MALLOC
    matrix_2.o(i.matMalloc) refers to printfa.o(i.__0printf) for __2printf
    matrix_2.o(i.matrix_Append) refers to matrix_2.o(i.matMalloc) for matMalloc
    matrix_2.o(i.matrix_Append) refers to matrix_2.o(i.Get_MatAddr) for Get_MatAddr
    matrix_2.o(i.matrix_Append) refers to printfa.o(i.__0printf) for __2printf
[...]
    ../clib/microlib/printf/printf.c         0x00000000   Number         0  printfa.o ABSOLUTE
    ../clib/microlib/printf/printf.c         0x00000000   Number         0  printf8.o ABSOLUTE
    ../clib/microlib/printf/printf.c         0x00000000   Number         0  printf7.o ABSOLUTE
    ../clib/microlib/printf/stubs.s          0x00000000   Number         0  stubs.o ABSOLUTE
    ../clib/microlib/stdio/streams.c         0x00000000   Number         0  stdout.o ABSOLUTE
    ../clib/microlib/string/memcpy.c         0x00000000   Number         0  memcpya.o ABSOLUTE
    ../clib/microlib/string/memcpy.c         0x00000000   Number         0  memcpyb.o ABSOLUTE
    ../clib/microlib/stubs.s                 0x00000000   Number         0  iusefp.o ABSOLUTE
    ../fplib/microlib/f2d.c                  0x00000000   Number         0  f2d.o ABSOLUTE
    ../fplib/microlib/fpadd.c                0x00000000   Number         0  dadd.o ABSOLUTE
    ../fplib/microlib/fpdiv.c                0x00000000   Number         0  ddiv.o ABSOLUTE
    ../fplib/microlib/fpepilogue.c           0x00000000   Number         0  depilogue.o ABSOLUTE
    ../fplib/microlib/fpfix.c                0x00000000   Number         0  dfixul.o ABSOLUTE
    ../fplib/microlib/fpmul.c                0x00000000   Number         0  dmul.o ABSOLUTE
    ..\..\MyFun\NUMPY\matrix_2.c             0x00000000   Number         0  matrix_2.o ABSOLUTE
    ..\..\MyFun\malloc\CUI_MALLOC.C          0x00000000   Number         0  cui_malloc.o ABSOLUTE
    ..\Drivers\STM32F4xx_HAL_Driver\Src\stm32f4xx_hal.c 0x00000000   Number         0  stm32f4xx_hal.o ABSOLUTE
    ..\Drivers\STM32F4xx_HAL_Driver\Src\stm32f4xx_hal_cortex.c 0x00000000   Number         0  stm32f4xx_hal_cortex.o ABSOLUTE
    ..\Drivers\STM32F4xx_HAL_Driver\Src\stm32f4xx_hal_dma.c 0x00000000   Number         0  stm32f4xx_hal_dma.o ABSOLUTE
    ..\Drivers\STM32F4xx_HAL_Driver\Src\stm32f4xx_hal_dma_ex.c 0x00000000   Number         0  stm32f4xx_hal_dma_ex.o ABSOLUTE
    ..\Drivers\STM32F4xx_HAL_Driver\Src\stm32f4xx_hal_flash.c 0x00000000   Number         0  stm32f4xx_hal_flash.o ABSOLUTE
    ..\Drivers\STM32F4xx_HAL_Driver\Src\stm32f4xx_hal_flash_ex.c 0x00000000   Number         0  stm32f4xx_hal_flash_ex.o ABSOLUTE
    ..\Drivers\STM32F4xx_HAL_Driver\Src\stm32f4xx_hal_flash_ramfunc.c 0x00000000   Number         0  stm32f4xx_hal_flash_ramfunc.o ABSOLUTE
    ..\Drivers\STM32F4xx_HAL_Driver\Src\stm32f4xx_hal_gpio.c 0x00000000   Number         0  stm32f4xx_hal_gpio.o ABSOLUTE
    ..\Drivers\STM32F4xx_HAL_Driver\Src\stm32f4xx_hal_pwr.c 0x00000000   Number         0  stm32f4xx_hal_pwr.o ABSOLUTE
    ..\Drivers\STM32F4xx_HAL_Driver\Src\stm32f4xx_hal_pwr_ex.c 0x00000000   Number         0  stm32f4xx_hal_pwr_ex.o ABSOLUTE
    ..\Drivers\STM32F4xx_HAL_Driver\Src\stm32f4xx_hal_rcc.c 0x00000000   Number         0  stm32f4xx_hal_rcc.o ABSOLUTE
    ..\Drivers\STM32F4xx_HAL_Driver\Src\stm32f4xx_hal_rcc_ex.c 0x00000000   Number         0  stm32f4xx_hal_rcc_ex.o ABSOLUTE
    ..\Drivers\STM32F4xx_HAL_Driver\Src\stm32f4xx_hal_sd.c 0x00000000   Number         0  stm32f4xx_hal_sd.o ABSOLUTE
    ..\Drivers\STM32F4xx_HAL_Driver\Src\stm32f4xx_hal_tim.c 0x00000000   Number         0  stm32f4xx_hal_tim.o ABSOLUTE
    ..\Drivers\STM32F4xx_HAL_Driver\Src\stm32f4xx_hal_tim_ex.c 0x00000000   Number         0  stm32f4xx_hal_tim_ex.o ABSOLUTE
    ..\Drivers\STM32F4xx_HAL_Driver\Src\stm32f4xx_hal_uart.c 0x00000000   Number         0  stm32f4xx_hal_uart.o ABSOLUTE
    ..\Drivers\STM32F4xx_HAL_Driver\Src\stm32f4xx_ll_sdmmc.c 0x00000000   Number         0  stm32f4xx_ll_sdmmc.o ABSOLUTE
    ..\Middlewares\Third_Party\FatFs\src\diskio.c 0x00000000   Number         0  diskio.o ABSOLUTE
    ..\Middlewares\Third_Party\FatFs\src\ff.c 0x00000000   Number         0  ff.o ABSOLUTE
    ..\Middlewares\Third_Party\FatFs\src\ff_gen_drv.c 0x00000000   Number         0  ff_gen_drv.o ABSOLUTE
    ..\Middlewares\Third_Party\FatFs\src\option\ccsbcs.c 0x00000000   Number         0  ccsbcs.o ABSOLUTE
    ..\Middlewares\Third_Party\FatFs\src\option\syscall.c 0x00000000   Number         0  syscall.o ABSOLUTE
    ..\Src\bsp_driver_sd.c                   0x00000000   Number         0  bsp_driver_sd.o ABSOLUTE
    ..\Src\dma.c                             0x00000000   Number         0  dma.o ABSOLUTE
    ..\Src\fatfs.c                           0x00000000   Number         0  fatfs.o ABSOLUTE
    ..\Src\gpio.c                            0x00000000   Number         0  gpio.o ABSOLUTE
    ..\Src\main.c                            0x00000000   Number         0  main.o ABSOLUTE
    ..\Src\sd_diskio.c                       0x00000000   Number         0  sd_diskio.o ABSOLUTE
    ..\Src\sdio.c                            0x00000000   Number         0  sdio.o ABSOLUTE
    ..\Src\stm32f4xx_hal_msp.c               0x00000000   Number         0  stm32f4xx_hal_msp.o ABSOLUTE
    ..\Src\stm32f4xx_it.c                    0x00000000   Number         0  stm32f4xx_it.o ABSOLUTE
    ..\Src\usart.c                           0x00000000   Number         0  usart.o ABSOLUTE
    ..\\Src\system_stm32f4xx.c               0x00000000   Number         0  system_stm32f4xx.o ABSOLUTE
    cdrcmple.s                               0x00000000   Number         0  cdrcmple.o ABSOLUTE
    dc.s                                     0x00000000   Number         0  dc.o ABSOLUTE
    handlers.s                               0x00000000   Number         0  handlers.o ABSOLUTE
    init.s                                   0x00000000   Number         0  init.o ABSOLUTE
    startup_stm32f429xx.s                    0x00000000   Number         0  startup_stm32f429xx.o ABSOLUTE
    RESET                                    0x08000000   Section      428  startup_stm32f429xx.o(RESET)
    .ARM.Collect$$$$00000000                 0x080001ac   Section        0  entry.o(.ARM.Collect$$$$00000000)
    .ARM.Collect$$$$00000001                 0x080001ac   Section        4  entry2.o(.ARM.Collect$$$$00000001)
    .ARM.Collect$$$$00000004                 0x080001b0   Section        4  entry5.o(.ARM.Collect$$$$00000004)
    .ARM.Collect$$$$00000008                 0x080001b4   Section        0  entry7b.o(.ARM.Collect$$$$00000008)
    .ARM.Collect$$$$0000000A                 0x080001b4   Section        0  entry8b.o(.ARM.Collect$$$$0000000A)
    .ARM.Collect$$$$0000000B                 0x080001b4   Section        8  entry9a.o(.ARM.Collect$$$$0000000B)
    .ARM.Collect$$$$0000000D                 0x080001bc   Section        0  entry10a.o(.ARM.Collect$$$$0000000D)
    .ARM.Collect$$$$0000000F                 0x080001bc   Section        0  entry11a.o(.ARM.Collect$$$$0000000F)
    .ARM.Collect$$$$00002712                 0x080001bc   Section        4  entry2.o(.ARM.Collect$$$$00002712)
    __lit__00000000                          0x080001bc   Data           4  entry2.o(.ARM.Collect$$$$00002712)
    .text                                    0x080001c0   Section       36  startup_stm32f429xx.o(.text)
    $v0                                      0x080001c0   Number         0  startup_stm32f429xx.o(.text)
    .text                                    0x080001e4   Section        0  uldiv.o(.text)
    .text                                    0x08000246   Section        0  memcpya.o(.text)
    .text                                    0x0800026a   Section        0  f2d.o(.text)
    .text                                    0x08000290   Section        0  uidiv.o(.text)
    .text                                    0x080002bc   Section        0  llshl.o(.text)
    .text                                    0x080002da   Section        0  llushr.o(.text)
    .text                                    0x080002fa   Section        0  iusefp.o(.text)
    .text                                    0x080002fa   Section        0  dadd.o(.text)
    .text                                    0x08000448   Section        0  dmul.o(.text)
    .text                                    0x0800052c   Section        0  ddiv.o(.text)
    .text                                    0x0800060a   Section        0  dfixul.o(.text)
    .text                                    0x0800063c   Section       48  cdrcmple.o(.text)
    .text                                    0x0800066c   Section       36  init.o(.text)
    .text                                    0x08000690   Section        0  llsshr.o(.text)
    .text                                    0x080006b4   Section        0  depilogue.o(.text)
    i.BSP_SD_AbortCallback                   0x0800076e   Section        0  bsp_driver_sd.o(i.BSP_SD_AbortCallback)
    i.BSP_SD_GetCardInfo                     0x08000770   Section        0  bsp_driver_sd.o(i.BSP_SD_GetCardInfo)
    i.BSP_SD_GetCardState                    0x0800077c   Section        0  bsp_driver_sd.o(i.BSP_SD_GetCardState)
    i.BSP_SD_Init                            0x08000794   Section        0  bsp_driver_sd.o(i.BSP_SD_Init)
    i.BSP_SD_ReadBlocks_DMA                  0x080007c8   Section        0  bsp_driver_sd.o(i.BSP_SD_ReadBlocks_DMA)
    i.BSP_SD_ReadCpltCallback                0x080007e4   Section        0  sd_diskio.o(i.BSP_SD_ReadCpltCallback)
    i.BSP_SD_WriteBlocks_DMA                 0x080007f0   Section        0  bsp_driver_sd.o(i.BSP_SD_WriteBlocks_DMA)
    i.BSP_SD_WriteCpltCallback               0x0800080c   Section        0  sd_diskio.o(i.BSP_SD_WriteCpltCallback)
    i.BusFault_Handler                       0x08000818   Section        0  stm32f4xx_it.o(i.BusFault_Handler)
    i.CUI_MALLOC                             0x0800081c   Section        0  cui_malloc.o(i.CUI_MALLOC)
    i.CUI_MALLOCMini                         0x08000844   Section        0  cui_malloc.o(i.CUI_MALLOCMini)
    i.DMA2_Stream3_IRQHandler                0x080008d8   Section        0  stm32f4xx_it.o(i.DMA2_Stream3_IRQHandler)
    i.DMA2_Stream6_IRQHandler                0x080008e4   Section        0  stm32f4xx_it.o(i.DMA2_Stream6_IRQHandler)
    i.DMA_CalcBaseAndBitshift                0x080008f0   Section        0  stm32f4xx_hal_dma.o(i.DMA_CalcBaseAndBitshift)
    DMA_CalcBaseAndBitshift                  0x080008f1   Thumb Code    34  stm32f4xx_hal_dma.o(i.DMA_CalcBaseAndBitshift)
    i.DMA_CheckFifoParam                     0x08000918   Section        0  stm32f4xx_hal_dma.o(i.DMA_CheckFifoParam)
    DMA_CheckFifoParam                       0x08000919   Thumb Code    84  stm32f4xx_hal_dma.o(i.DMA_CheckFifoParam)
    i.DMA_SetConfig                          0x0800096c   Section        0  stm32f4xx_hal_dma.o(i.DMA_SetConfig)
    DMA_SetConfig                            0x0800096d   Thumb Code    40  stm32f4xx_hal_dma.o(i.DMA_SetConfig)
    i.DebugMon_Handler                       0x08000994   Section        0  stm32f4xx_it.o(i.DebugMon_Handler)
    i.FATFS_LinkDriver                       0x08000996   Section        0  ff_gen_drv.o(i.FATFS_LinkDriver)
    i.FATFS_LinkDriverEx                     0x0800099c   Section        0  ff_gen_drv.o(i.FATFS_LinkDriverEx)
    i.GetMat_MultAdd_float_float             0x080009dc   Section        0  matrix_2.o(i.GetMat_MultAdd_float_float)
    i.GetMat_MultAdd_float_int               0x08000a20   Section        0  matrix_2.o(i.GetMat_MultAdd_float_int)
    i.GetMat_MultAdd_float_u8                0x08000a68   Section        0  matrix_2.o(i.GetMat_MultAdd_float_u8)
    i.GetMat_MultAdd_int_float               0x08000ab4   Section        0  matrix_2.o(i.GetMat_MultAdd_int_float)
    i.GetMat_MultAdd_int_int                 0x08000afc   Section        0  matrix_2.o(i.GetMat_MultAdd_int_int)
    i.GetMat_MultAdd_int_u8                  0x08000b38   Section        0  matrix_2.o(i.GetMat_MultAdd_int_u8)
    i.GetMat_MultAdd_u8_float                0x08000b74   Section        0  matrix_2.o(i.GetMat_MultAdd_u8_float)
    i.GetMat_MultAdd_u8_int                  0x08000bc0   Section        0  matrix_2.o(i.GetMat_MultAdd_u8_int)
    i.GetTypeEnumSize                        0x08000bfc   Section        0  matrix_2.o(i.GetTypeEnumSize)
    i.Get_MatAddr                            0x08000c06   Section        0  matrix_2.o(i.Get_MatAddr)
    i.HAL_DMA_Abort_IT                       0x08000c2e   Section        0  stm32f4xx_hal_dma.o(i.HAL_DMA_Abort_IT)
    i.HAL_DMA_IRQHandler                     0x08000c54   Section        0  stm32f4xx_hal_dma.o(i.HAL_DMA_IRQHandler)
    i.HAL_DMA_Init                           0x08000df4   Section        0  stm32f4xx_hal_dma.o(i.HAL_DMA_Init)
    i.HAL_DMA_Start_IT                       0x08000ec8   Section        0  stm32f4xx_hal_dma.o(i.HAL_DMA_Start_IT)
    i.HAL_Delay                              0x08000f40   Section        0  stm32f4xx_hal.o(i.HAL_Delay)
    i.HAL_GPIO_Init                          0x08000f64   Section        0  stm32f4xx_hal_gpio.o(i.HAL_GPIO_Init)
    i.HAL_GetTick                            0x08001130   Section        0  stm32f4xx_hal.o(i.HAL_GetTick)
    i.HAL_IncTick                            0x0800113c   Section        0  stm32f4xx_hal.o(i.HAL_IncTick)
    i.HAL_Init                               0x0800114c   Section        0  stm32f4xx_hal.o(i.HAL_Init)
    i.HAL_InitTick                           0x08001180   Section        0  stm32f4xx_hal.o(i.HAL_InitTick)
    i.HAL_MspInit                            0x080011c0   Section        0  stm32f4xx_hal_msp.o(i.HAL_MspInit)
    i.HAL_NVIC_EnableIRQ                     0x08001244   Section        0  stm32f4xx_hal_cortex.o(i.HAL_NVIC_EnableIRQ)
    i.HAL_NVIC_SetPriority                   0x0800125c   Section        0  stm32f4xx_hal_cortex.o(i.HAL_NVIC_SetPriority)
    i.HAL_NVIC_SetPriorityGrouping           0x0800129c   Section        0  stm32f4xx_hal_cortex.o(i.HAL_NVIC_SetPriorityGrouping)
    i.HAL_PWREx_EnableOverDrive              0x080012c0   Section        0  stm32f4xx_hal_pwr_ex.o(i.HAL_PWREx_EnableOverDrive)
    i.HAL_RCC_ClockConfig                    0x08001330   Section        0  stm32f4xx_hal_rcc.o(i.HAL_RCC_ClockConfig)
    i.HAL_RCC_GetHCLKFreq                    0x08001460   Section        0  stm32f4xx_hal_rcc.o(i.HAL_RCC_GetHCLKFreq)
    i.HAL_RCC_GetPCLK1Freq                   0x0800146c   Section        0  stm32f4xx_hal_rcc.o(i.HAL_RCC_GetPCLK1Freq)
    i.HAL_RCC_GetPCLK2Freq                   0x0800148c   Section        0  stm32f4xx_hal_rcc.o(i.HAL_RCC_GetPCLK2Freq)
    i.HAL_RCC_GetSysClockFreq                0x080014ac   Section        0  stm32f4xx_hal_rcc.o(i.HAL_RCC_GetSysClockFreq)
    i.HAL_RCC_OscConfig                      0x08001510   Section        0  stm32f4xx_hal_rcc.o(i.HAL_RCC_OscConfig)
    i.HAL_SD_AbortCallback                   0x0800182c   Section        0  bsp_driver_sd.o(i.HAL_SD_AbortCallback)
    i.HAL_SD_ConfigWideBusOperation          0x08001834   Section        0  stm32f4xx_hal_sd.o(i.HAL_SD_ConfigWideBusOperation)
    i.HAL_SD_ErrorCallback                   0x080018ac   Section        0  stm32f4xx_hal_sd.o(i.HAL_SD_ErrorCallback)
    i.HAL_SD_GetCardCSD                      0x080018ae   Section        0  stm32f4xx_hal_sd.o(i.HAL_SD_GetCardCSD)
    i.HAL_SD_GetCardInfo                     0x08001a88   Section        0  stm32f4xx_hal_sd.o(i.HAL_SD_GetCardInfo)
    i.HAL_SD_GetCardState                    0x08001aac   Section        0  stm32f4xx_hal_sd.o(i.HAL_SD_GetCardState)
    i.HAL_SD_IRQHandler                      0x08001ad8   Section        0  stm32f4xx_hal_sd.o(i.HAL_SD_IRQHandler)
    i.HAL_SD_Init                            0x08001c98   Section        0  stm32f4xx_hal_sd.o(i.HAL_SD_Init)
    i.HAL_SD_InitCard                        0x08001cd0   Section        0  stm32f4xx_hal_sd.o(i.HAL_SD_InitCard)
    i.HAL_SD_MspInit                         0x08001d24   Section        0  sdio.o(i.HAL_SD_MspInit)
    i.HAL_SD_ReadBlocks_DMA                  0x08001e4c   Section        0  stm32f4xx_hal_sd.o(i.HAL_SD_ReadBlocks_DMA)
    i.HAL_SD_RxCpltCallback                  0x08001f40   Section        0  bsp_driver_sd.o(i.HAL_SD_RxCpltCallback)
    i.HAL_SD_TxCpltCallback                  0x08001f48   Section        0  bsp_driver_sd.o(i.HAL_SD_TxCpltCallback)
    i.HAL_SD_WriteBlocks_DMA                 0x08001f50   Section        0  stm32f4xx_hal_sd.o(i.HAL_SD_WriteBlocks_DMA)
    i.HAL_SYSTICK_CLKSourceConfig            0x08002044   Section        0  stm32f4xx_hal_cortex.o(i.HAL_SYSTICK_CLKSourceConfig)
    i.HAL_SYSTICK_Callback                   0x0800205c   Section        0  stm32f4xx_hal_cortex.o(i.HAL_SYSTICK_Callback)
    i.HAL_SYSTICK_Config                     0x0800205e   Section        0  stm32f4xx_hal_cortex.o(i.HAL_SYSTICK_Config)
    i.HAL_SYSTICK_IRQHandler                 0x08002086   Section        0  stm32f4xx_hal_cortex.o(i.HAL_SYSTICK_IRQHandler)
    i.HAL_UART_Init                          0x0800208e   Section        0  stm32f4xx_hal_uart.o(i.HAL_UART_Init)
    i.HAL_UART_MspInit                       0x080020f0   Section        0  usart.o(i.HAL_UART_MspInit)
    i.HAL_UART_Transmit                      0x0800213c   Section        0  stm32f4xx_hal_uart.o(i.HAL_UART_Transmit)
    i.HardFault_Handler                      0x080021f6   Section        0  stm32f4xx_it.o(i.HardFault_Handler)
    i.MX_DMA_Init                            0x080021f8   Section        0  dma.o(i.MX_DMA_Init)
    i.MX_FATFS_Init                          0x08002234   Section        0  fatfs.o(i.MX_FATFS_Init)
    i.MX_GPIO_Init                           0x08002250   Section        0  gpio.o(i.MX_GPIO_Init)
    i.MX_SDIO_SD_Init                        0x0800229c   Section        0  sdio.o(i.MX_SDIO_SD_Init)
    i.MX_USART1_UART_Init                    0x080022bc   Section        0  usart.o(i.MX_USART1_UART_Init)
    i.MallocGE                               0x08002308   Section        0  cui_malloc.o(i.MallocGE)
    i.MemManage_Handler                      0x080023b6   Section        0  stm32f4xx_it.o(i.MemManage_Handler)
    i.NMI_Handler                            0x080023b8   Section        0  stm32f4xx_it.o(i.NMI_Handler)
    i.NVIC_SetPriority                       0x080023ba   Section        0  stm32f4xx_hal_cortex.o(i.NVIC_SetPriority)
    NVIC_SetPriority                         0x080023bb   Thumb Code    32  stm32f4xx_hal_cortex.o(i.NVIC_SetPriority)
    i.PendSV_Handler                         0x080023da   Section        0  stm32f4xx_it.o(i.PendSV_Handler)
    i.PrintMat                               0x080023dc   Section        0  matrix_2.o(i.PrintMat)
    i.SDIO_ConfigData                        0x08002434   Section        0  stm32f4xx_ll_sdmmc.o(i.SDIO_ConfigData)
    i.SDIO_GetPowerState                     0x08002458   Section        0  stm32f4xx_ll_sdmmc.o(i.SDIO_GetPowerState)
    i.SDIO_GetResponse                       0x08002460   Section        0  stm32f4xx_ll_sdmmc.o(i.SDIO_GetResponse)
    i.SDIO_IRQHandler                        0x0800246c   Section        0  stm32f4xx_it.o(i.SDIO_IRQHandler)
    i.SDIO_Init                              0x08002478   Section        0  stm32f4xx_ll_sdmmc.o(i.SDIO_Init)
    i.SDIO_PowerState_ON                     0x0800249c   Section        0  stm32f4xx_ll_sdmmc.o(i.SDIO_PowerState_ON)
    i.SDIO_ReadFIFO                          0x080024a4   Section        0  stm32f4xx_ll_sdmmc.o(i.SDIO_ReadFIFO)
    i.SDIO_SendCommand                       0x080024aa   Section        0  stm32f4xx_ll_sdmmc.o(i.SDIO_SendCommand)
    i.SDIO_WriteFIFO                         0x080024ca   Section        0  stm32f4xx_ll_sdmmc.o(i.SDIO_WriteFIFO)
    i.SDMMC_CmdAppCommand                    0x080024d4   Section        0  stm32f4xx_ll_sdmmc.o(i.SDMMC_CmdAppCommand)
    i.SDMMC_CmdAppOperCommand                0x08002508   Section        0  stm32f4xx_ll_sdmmc.o(i.SDMMC_CmdAppOperCommand)
    i.SDMMC_CmdBlockLength                   0x0800253c   Section        0  stm32f4xx_ll_sdmmc.o(i.SDMMC_CmdBlockLength)
    i.SDMMC_CmdBusWidth                      0x0800256e   Section        0  stm32f4xx_ll_sdmmc.o(i.SDMMC_CmdBusWidth)
    i.SDMMC_CmdGoIdleState                   0x080025a0   Section        0  stm32f4xx_ll_sdmmc.o(i.SDMMC_CmdGoIdleState)
    i.SDMMC_CmdOperCond                      0x080025f0   Section        0  stm32f4xx_ll_sdmmc.o(i.SDMMC_CmdOperCond)
    i.SDMMC_CmdReadMultiBlock                0x08002658   Section        0  stm32f4xx_ll_sdmmc.o(i.SDMMC_CmdReadMultiBlock)
    i.SDMMC_CmdReadSingleBlock               0x0800268a   Section        0  stm32f4xx_ll_sdmmc.o(i.SDMMC_CmdReadSingleBlock)
    i.SDMMC_CmdSelDesel                      0x080026bc   Section        0  stm32f4xx_ll_sdmmc.o(i.SDMMC_CmdSelDesel)
    i.SDMMC_CmdSendCID                       0x080026ee   Section        0  stm32f4xx_ll_sdmmc.o(i.SDMMC_CmdSendCID)
    i.SDMMC_CmdSendCSD                       0x0800271a   Section        0  stm32f4xx_ll_sdmmc.o(i.SDMMC_CmdSendCSD)
    i.SDMMC_CmdSendSCR                       0x08002746   Section        0  stm32f4xx_ll_sdmmc.o(i.SDMMC_CmdSendSCR)
    i.SDMMC_CmdSendStatus                    0x08002776   Section        0  stm32f4xx_ll_sdmmc.o(i.SDMMC_CmdSendStatus)
    i.SDMMC_CmdSetRelAdd                     0x080027a8   Section        0  stm32f4xx_ll_sdmmc.o(i.SDMMC_CmdSetRelAdd)
    i.SDMMC_CmdStopTransfer                  0x080027d8   Section        0  stm32f4xx_ll_sdmmc.o(i.SDMMC_CmdStopTransfer)
    i.SDMMC_CmdWriteMultiBlock               0x0800280c   Section        0  stm32f4xx_ll_sdmmc.o(i.SDMMC_CmdWriteMultiBlock)
    i.SDMMC_CmdWriteSingleBlock              0x0800283e   Section        0  stm32f4xx_ll_sdmmc.o(i.SDMMC_CmdWriteSingleBlock)
    i.SDMMC_GetCmdResp1                      0x08002870   Section        0  stm32f4xx_ll_sdmmc.o(i.SDMMC_GetCmdResp1)
    SDMMC_GetCmdResp1                        0x08002871   Thumb Code   276  stm32f4xx_ll_sdmmc.o(i.SDMMC_GetCmdResp1)
    i.SDMMC_GetCmdResp2                      0x0800298c   Section        0  stm32f4xx_ll_sdmmc.o(i.SDMMC_GetCmdResp2)
    SDMMC_GetCmdResp2                        0x0800298d   Thumb Code    74  stm32f4xx_ll_sdmmc.o(i.SDMMC_GetCmdResp2)
    i.SDMMC_GetCmdResp3                      0x080029dc   Section        0  stm32f4xx_ll_sdmmc.o(i.SDMMC_GetCmdResp3)
    SDMMC_GetCmdResp3                        0x080029dd   Thumb Code    60  stm32f4xx_ll_sdmmc.o(i.SDMMC_GetCmdResp3)
    i.SDMMC_GetCmdResp6                      0x08002a1c   Section        0  stm32f4xx_ll_sdmmc.o(i.SDMMC_GetCmdResp6)
    SDMMC_GetCmdResp6                        0x08002a1d   Thumb Code   128  stm32f4xx_ll_sdmmc.o(i.SDMMC_GetCmdResp6)
    i.SD_CheckStatus                         0x08002aa0   Section        0  sd_diskio.o(i.SD_CheckStatus)
    SD_CheckStatus                           0x08002aa1   Thumb Code    26  sd_diskio.o(i.SD_CheckStatus)
    i.SD_DMAError                            0x08002ac0   Section        0  stm32f4xx_hal_sd.o(i.SD_DMAError)
    SD_DMAError                              0x08002ac1   Thumb Code    86  stm32f4xx_hal_sd.o(i.SD_DMAError)
    i.SD_DMAReceiveCplt                      0x08002b16   Section        0  stm32f4xx_hal_sd.o(i.SD_DMAReceiveCplt)
    SD_DMAReceiveCplt                        0x08002b17   Thumb Code    62  stm32f4xx_hal_sd.o(i.SD_DMAReceiveCplt)
    i.SD_DMARxAbort                          0x08002b54   Section        0  stm32f4xx_hal_sd.o(i.SD_DMARxAbort)
    SD_DMARxAbort                            0x08002b55   Thumb Code    72  stm32f4xx_hal_sd.o(i.SD_DMARxAbort)
    i.SD_DMATransmitCplt                     0x08002b9c   Section        0  stm32f4xx_hal_sd.o(i.SD_DMATransmitCplt)
    SD_DMATransmitCplt                       0x08002b9d   Thumb Code    14  stm32f4xx_hal_sd.o(i.SD_DMATransmitCplt)
    i.SD_DMATxAbort                          0x08002baa   Section        0  stm32f4xx_hal_sd.o(i.SD_DMATxAbort)
    SD_DMATxAbort                            0x08002bab   Thumb Code    72  stm32f4xx_hal_sd.o(i.SD_DMATxAbort)
    i.SD_FindSCR                             0x08002bf2   Section        0  stm32f4xx_hal_sd.o(i.SD_FindSCR)
    SD_FindSCR                               0x08002bf3   Thumb Code   212  stm32f4xx_hal_sd.o(i.SD_FindSCR)
    i.SD_InitCard                            0x08002cc6   Section        0  stm32f4xx_hal_sd.o(i.SD_InitCard)
    SD_InitCard                              0x08002cc7   Thumb Code   230  stm32f4xx_hal_sd.o(i.SD_InitCard)
    i.SD_PowerON                             0x08002dac   Section        0  stm32f4xx_hal_sd.o(i.SD_PowerON)
    SD_PowerON                               0x08002dad   Thumb Code   162  stm32f4xx_hal_sd.o(i.SD_PowerON)
    i.SD_WideBus_Disable                     0x08002e4e   Section        0  stm32f4xx_hal_sd.o(i.SD_WideBus_Disable)
    SD_WideBus_Disable                       0x08002e4f   Thumb Code    78  stm32f4xx_hal_sd.o(i.SD_WideBus_Disable)
    i.SD_WideBus_Enable                      0x08002e9c   Section        0  stm32f4xx_hal_sd.o(i.SD_WideBus_Enable)
    SD_WideBus_Enable                        0x08002e9d   Thumb Code    78  stm32f4xx_hal_sd.o(i.SD_WideBus_Enable)
    i.SD_initialize                          0x08002eec   Section        0  sd_diskio.o(i.SD_initialize)
    i.SD_ioctl                               0x08002f0c   Section        0  sd_diskio.o(i.SD_ioctl)
    i.SD_read                                0x08002f5c   Section        0  sd_diskio.o(i.SD_read)
    i.SD_status                              0x08002fc8   Section        0  sd_diskio.o(i.SD_status)
    i.SD_write                               0x08002fcc   Section        0  sd_diskio.o(i.SD_write)
    i.SVC_Handler                            0x08003038   Section        0  stm32f4xx_it.o(i.SVC_Handler)
    i.SwitchMat                              0x0800303c   Section        0  matrix_2.o(i.SwitchMat)
    i.SysTick_Handler                        0x08003090   Section        0  stm32f4xx_it.o(i.SysTick_Handler)
    i.SystemClock_Config                     0x080030a0   Section        0  main.o(i.SystemClock_Config)
    i.SystemInit                             0x08003160   Section        0  system_stm32f4xx.o(i.SystemInit)
    i.UART_SetConfig                         0x080031b4   Section        0  stm32f4xx_hal_uart.o(i.UART_SetConfig)
    UART_SetConfig                           0x080031b5   Thumb Code   676  stm32f4xx_hal_uart.o(i.UART_SetConfig)
    i.UART_WaitOnFlagUntilTimeout            0x08003460   Section        0  stm32f4xx_hal_uart.o(i.UART_WaitOnFlagUntilTimeout)
    UART_WaitOnFlagUntilTimeout              0x08003461   Thumb Code   100  stm32f4xx_hal_uart.o(i.UART_WaitOnFlagUntilTimeout)
    i.UsageFault_Handler                     0x080034c4   Section        0  stm32f4xx_it.o(i.UsageFault_Handler)
    i._Error_Handler                         0x080034c8   Section        0  main.o(i._Error_Handler)
    i.__0printf                              0x080034ec   Section        0  printfa.o(i.__0printf)
    i.__scatterload_copy                     0x0800350c   Section       14  handlers.o(i.__scatterload_copy)
    i.__scatterload_null                     0x0800351a   Section        2  handlers.o(i.__scatterload_null)
    i.__scatterload_zeroinit                 0x0800351c   Section       14  handlers.o(i.__scatterload_zeroinit)
    i._fp_digits                             0x0800352c   Section        0  printfa.o(i._fp_digits)
    _fp_digits                               0x0800352d   Thumb Code   366  printfa.o(i._fp_digits)
    i._printf_core                           0x080036b0   Section        0  printfa.o(i._printf_core)
    _printf_core                             0x080036b1   Thumb Code  1744  printfa.o(i._printf_core)
    i._printf_post_padding                   0x08003d8c   Section        0  printfa.o(i._printf_post_padding)
    _printf_post_padding                     0x08003d8d   Thumb Code    36  printfa.o(i._printf_post_padding)
    i._printf_pre_padding                    0x08003db0   Section        0  printfa.o(i._printf_pre_padding)
    _printf_pre_padding                      0x08003db1   Thumb Code    46  printfa.o(i._printf_pre_padding)
    i.fputc                                  0x08003de0   Section        0  usart.o(i.fputc)
    i.main                                   0x08003df8   Section        0  main.o(i.main)
    i.matApendDat                            0x08003f24   Section        0  matrix_2.o(i.matApendDat)
    i.matDot                                 0x08003f48   Section        0  matrix_2.o(i.matDot)
    i.matIteraAlgorithm                      0x08004074   Section        0  matrix_2.o(i.matIteraAlgorithm)
    i.matMalloc                              0x080042b8   Section        0  matrix_2.o(i.matMalloc)
    i.matrix_Append                          0x08004304   Section        0  matrix_2.o(i.matrix_Append)
    i.matrix_CutOut                          0x08004874   Section        0  matrix_2.o(i.matrix_CutOut)
    i.matrix_Num                             0x08004b20   Section        0  matrix_2.o(i.matrix_Num)
    i.matrix_One                             0x08004b58   Section        0  matrix_2.o(i.matrix_One)
    i.matrix_T                               0x08004b5e   Section        0  matrix_2.o(i.matrix_T)
    .constdata                               0x08004c80   Section       48  main.o(.constdata)
    .constdata                               0x08004cb0   Section       20  sd_diskio.o(.constdata)
    .constdata                               0x08004cc4   Section        8  stm32f4xx_hal_dma.o(.constdata)
    flagBitshiftOffset                       0x08004cc4   Data           8  stm32f4xx_hal_dma.o(.constdata)
    .constdata                               0x08004ccc   Section       16  system_stm32f4xx.o(.constdata)
    .constdata                               0x08004cdc   Section        8  system_stm32f4xx.o(.constdata)
    .data                                    0x20000000   Section        4  cui_malloc.o(.data)
    .data                                    0x20000004   Section       12  sd_diskio.o(.data)
    Stat                                     0x20000004   Data           1  sd_diskio.o(.data)
    WriteStatus                              0x20000008   Data           4  sd_diskio.o(.data)
    ReadStatus                               0x2000000c   Data           4  sd_diskio.o(.data)
    .data                                    0x20000010   Section        5  fatfs.o(.data)
    .data                                    0x20000018   Section       12  stm32f4xx_hal.o(.data)
    .data                                    0x20000024   Section        4  system_stm32f4xx.o(.data)
    .data                                    0x20000028   Section        4  stdout.o(.data)
    .bss                                     0x2000002c   Section    158550  cui_malloc.o(.bss)
    .bss                                     0x20026b84   Section      324  sdio.o(.bss)
    .bss                                     0x20026cc8   Section       64  usart.o(.bss)
    .bss                                     0x20026d08   Section       12  ff_gen_drv.o(.bss)
    STACK                                    0x20026d18   Section     2048  startup_stm32f429xx.o(STACK)

    Global Symbols

    Symbol Name                              Value     Ov Type        Size  Object(Section)

    BuildAttributes$$THM_ISAv4$E$P$D$K$B$S$7EM$VFPi3$EXTD16$VFPS$VFMA$PE$A:L22UL41UL21$X:L11$S22US41US21$IEEE1$IW$USESV6$~STKCKD$USESV7$~SHL$OSPACE$ROPI$EBA8$MICROLIB$REQ8$PRES8$EABIv2 0x00000000   Number         0  anon$$obj.o ABSOLUTE
    __ARM_use_no_argv                        0x00000000   Number         0  main.o ABSOLUTE
    _printf_a                                0x00000000   Number         0  stubs.o ABSOLUTE
    _printf_c                                0x00000000   Number         0  stubs.o ABSOLUTE
    _printf_charcount                        0x00000000   Number         0  stubs.o ABSOLUTE
    _printf_d                                0x00000000   Number         0  stubs.o ABSOLUTE
    _printf_e                                0x00000000   Number         0  stubs.o ABSOLUTE
    _printf_f                                0x00000000   Number         0  stubs.o ABSOLUTE
    _printf_flags                            0x00000000   Number         0  stubs.o ABSOLUTE
    _printf_fp_dec                           0x00000000   Number         0  stubs.o ABSOLUTE
    _printf_fp_hex                           0x00000000   Number         0  stubs.o ABSOLUTE
    _printf_g                                0x00000000   Number         0  stubs.o ABSOLUTE
    _printf_i                                0x00000000   Number         0  stubs.o ABSOLUTE
    _printf_int_dec                          0x00000000   Number         0  stubs.o ABSOLUTE
    _printf_l                                0x00000000   Number         0  stubs.o ABSOLUTE
    _printf_lc                               0x00000000   Number         0  stubs.o ABSOLUTE
    _printf_ll                               0x00000000   Number         0  stubs.o ABSOLUTE
    _printf_lld                              0x00000000   Number         0  stubs.o ABSOLUTE
    _printf_lli                              0x00000000   Number         0  stubs.o ABSOLUTE
    _printf_llo                              0x00000000   Number         0  stubs.o ABSOLUTE
    _printf_llu                              0x00000000   Number         0  stubs.o ABSOLUTE
    _printf_llx                              0x00000000   Number         0  stubs.o ABSOLUTE
    _printf_longlong_dec                     0x00000000   Number         0  stubs.o ABSOLUTE
    _printf_longlong_hex                     0x00000000   Number         0  stubs.o ABSOLUTE
    _printf_longlong_oct                     0x00000000   Number         0  stubs.o ABSOLUTE
    _printf_ls                               0x00000000   Number         0  stubs.o ABSOLUTE
    _printf_mbtowc                           0x00000000   Number         0  stubs.o ABSOLUTE
    _printf_n                                0x00000000   Number         0  stubs.o ABSOLUTE
    _printf_o                                0x00000000   Number         0  stubs.o ABSOLUTE
    _printf_p                                0x00000000   Number         0  stubs.o ABSOLUTE
    _printf_percent                          0x00000000   Number         0  stubs.o ABSOLUTE
    _printf_pre_padding                      0x00000000   Number         0  stubs.o ABSOLUTE
    _printf_return_value                     0x00000000   Number         0  stubs.o ABSOLUTE
    _printf_s                                0x00000000   Number         0  stubs.o ABSOLUTE
    _printf_sizespec                         0x00000000   Number         0  stubs.o ABSOLUTE
    _printf_str                              0x00000000   Number         0  stubs.o ABSOLUTE
    _printf_truncate_signed                  0x00000000   Number         0  stubs.o ABSOLUTE
    _printf_truncate_unsigned                0x00000000   Number         0  stubs.o ABSOLUTE
    _printf_u                                0x00000000   Number         0  stubs.o ABSOLUTE
    _printf_wc                               0x00000000   Number         0  stubs.o ABSOLUTE
    _printf_wctomb                           0x00000000   Number         0  stubs.o ABSOLUTE
    _printf_widthprec                        0x00000000   Number         0  stubs.o ABSOLUTE
    _printf_x                                0x00000000   Number         0  stubs.o ABSOLUTE
    __cpp_initialize__aeabi_                  - Undefined Weak Reference
    __cxa_finalize                            - Undefined Weak Reference
    __decompress                              - Undefined Weak Reference
    _clock_init                               - Undefined Weak Reference
    _microlib_exit                            - Undefined Weak Reference
    __Vectors_Size                           0x000001ac   Number         0  startup_stm32f429xx.o ABSOLUTE
    __Vectors                                0x08000000   Data           4  startup_stm32f429xx.o(RESET)
    __Vectors_End                            0x080001ac   Data           0  startup_stm32f429xx.o(RESET)
    __main                                   0x080001ad   Thumb Code     0  entry.o(.ARM.Collect$$$$00000000)
    _main_stk                                0x080001ad   Thumb Code     0  entry2.o(.ARM.Collect$$$$00000001)
    _main_scatterload                        0x080001b1   Thumb Code     0  entry5.o(.ARM.Collect$$$$00000004)
    __main_after_scatterload                 0x080001b5   Thumb Code     0  entry5.o(.ARM.Collect$$$$00000004)
    _main_clock                              0x080001b5   Thumb Code     0  entry7b.o(.ARM.Collect$$$$00000008)
    _main_cpp_init                           0x080001b5   Thumb Code     0  entry8b.o(.ARM.Collect$$$$0000000A)
    _main_init                               0x080001b5   Thumb Code     0  entry9a.o(.ARM.Collect$$$$0000000B)
    __rt_final_cpp                           0x080001bd   Thumb Code     0  entry10a.o(.ARM.Collect$$$$0000000D)
    __rt_final_exit                          0x080001bd   Thumb Code     0  entry11a.o(.ARM.Collect$$$$0000000F)
    Reset_Handler                            0x080001c1   Thumb Code     8  startup_stm32f429xx.o(.text)
    ADC_IRQHandler                           0x080001db   Thumb Code     0  startup_stm32f429xx.o(.text)
    CAN1_RX0_IRQHandler                      0x080001db   Thumb Code     0  startup_stm32f429xx.o(.text)
    CAN1_RX1_IRQHandler                      0x080001db   Thumb Code     0  startup_stm32f429xx.o(.text)
    CAN1_SCE_IRQHandler                      0x080001db   Thumb Code     0  startup_stm32f429xx.o(.text)
    CAN1_TX_IRQHandler                       0x080001db   Thumb Code     0  startup_stm32f429xx.o(.text)
    CAN2_RX0_IRQHandler                      0x080001db   Thumb Code     0  startup_stm32f429xx.o(.text)
    CAN2_RX1_IRQHandler                      0x080001db   Thumb Code     0  startup_stm32f429xx.o(.text)
    CAN2_SCE_IRQHandler                      0x080001db   Thumb Code     0  startup_stm32f429xx.o(.text)
    CAN2_TX_IRQHandler                       0x080001db   Thumb Code     0  startup_stm32f429xx.o(.text)
    DCMI_IRQHandler                          0x080001db   Thumb Code     0  startup_stm32f429xx.o(.text)
    DMA1_Stream0_IRQHandler                  0x080001db   Thumb Code     0  startup_stm32f429xx.o(.text)
    DMA1_Stream1_IRQHandler                  0x080001db   Thumb Code     0  startup_stm32f429xx.o(.text)
    DMA1_Stream2_IRQHandler                  0x080001db   Thumb Code     0  startup_stm32f429xx.o(.text)
    DMA1_Stream3_IRQHandler                  0x080001db   Thumb Code     0  startup_stm32f429xx.o(.text)
    DMA1_Stream4_IRQHandler                  0x080001db   Thumb Code     0  startup_stm32f429xx.o(.text)
    DMA1_Stream5_IRQHandler                  0x080001db   Thumb Code     0  startup_stm32f429xx.o(.text)
    DMA1_Stream6_IRQHandler                  0x080001db   Thumb Code     0  startup_stm32f429xx.o(.text)
    DMA1_Stream7_IRQHandler                  0x080001db   Thumb Code     0  startup_stm32f429xx.o(.text)
    DMA2D_IRQHandler                         0x080001db   Thumb Code     0  startup_stm32f429xx.o(.text)
    DMA2_Stream0_IRQHandler                  0x080001db   Thumb Code     0  startup_stm32f429xx.o(.text)
    DMA2_Stream1_IRQHandler                  0x080001db   Thumb Code     0  startup_stm32f429xx.o(.text)
    DMA2_Stream2_IRQHandler                  0x080001db   Thumb Code     0  startup_stm32f429xx.o(.text)
    DMA2_Stream4_IRQHandler                  0x080001db   Thumb Code     0  startup_stm32f429xx.o(.text)
    DMA2_Stream5_IRQHandler                  0x080001db   Thumb Code     0  startup_stm32f429xx.o(.text)
    DMA2_Stream7_IRQHandler                  0x080001db   Thumb Code     0  startup_stm32f429xx.o(.text)
    ETH_IRQHandler                           0x080001db   Thumb Code     0  startup_stm32f429xx.o(.text)
    ETH_WKUP_IRQHandler                      0x080001db   Thumb Code     0  startup_stm32f429xx.o(.text)
    EXTI0_IRQHandler                         0x080001db   Thumb Code     0  startup_stm32f429xx.o(.text)
    EXTI15_10_IRQHandler                     0x080001db   Thumb Code     0  startup_stm32f429xx.o(.text)
    EXTI1_IRQHandler                         0x080001db   Thumb Code     0  startup_stm32f429xx.o(.text)
    EXTI2_IRQHandler                         0x080001db   Thumb Code     0  startup_stm32f429xx.o(.text)
    EXTI3_IRQHandler                         0x080001db   Thumb Code     0  startup_stm32f429xx.o(.text)
    EXTI4_IRQHandler                         0x080001db   Thumb Code     0  startup_stm32f429xx.o(.text)
    EXTI9_5_IRQHandler                       0x080001db   Thumb Code     0  startup_stm32f429xx.o(.text)
    FLASH_IRQHandler                         0x080001db   Thumb Code     0  startup_stm32f429xx.o(.text)
    FMC_IRQHandler                           0x080001db   Thumb Code     0  startup_stm32f429xx.o(.text)
    FPU_IRQHandler                           0x080001db   Thumb Code     0  startup_stm32f429xx.o(.text)
    HASH_RNG_IRQHandler                      0x080001db   Thumb Code     0  startup_stm32f429xx.o(.text)
    I2C1_ER_IRQHandler                       0x080001db   Thumb Code     0  startup_stm32f429xx.o(.text)
    I2C1_EV_IRQHandler                       0x080001db   Thumb Code     0  startup_stm32f429xx.o(.text)
    I2C2_ER_IRQHandler                       0x080001db   Thumb Code     0  startup_stm32f429xx.o(.text)
    I2C2_EV_IRQHandler                       0x080001db   Thumb Code     0  startup_stm32f429xx.o(.text)
    I2C3_ER_IRQHandler                       0x080001db   Thumb Code     0  startup_stm32f429xx.o(.text)
    I2C3_EV_IRQHandler                       0x080001db   Thumb Code     0  startup_stm32f429xx.o(.text)
    LTDC_ER_IRQHandler                       0x080001db   Thumb Code     0  startup_stm32f429xx.o(.text)
    LTDC_IRQHandler                          0x080001db   Thumb Code     0  startup_stm32f429xx.o(.text)
    OTG_FS_IRQHandler                        0x080001db   Thumb Code     0  startup_stm32f429xx.o(.text)
    OTG_FS_WKUP_IRQHandler                   0x080001db   Thumb Code     0  startup_stm32f429xx.o(.text)
    OTG_HS_EP1_IN_IRQHandler                 0x080001db   Thumb Code     0  startup_stm32f429xx.o(.text)
    OTG_HS_EP1_OUT_IRQHandler                0x080001db   Thumb Code     0  startup_stm32f429xx.o(.text)
    OTG_HS_IRQHandler                        0x080001db   Thumb Code     0  startup_stm32f429xx.o(.text)
    OTG_HS_WKUP_IRQHandler                   0x080001db   Thumb Code     0  startup_stm32f429xx.o(.text)
    PVD_IRQHandler                           0x080001db   Thumb Code     0  startup_stm32f429xx.o(.text)
    RCC_IRQHandler                           0x080001db   Thumb Code     0  startup_stm32f429xx.o(.text)
    RTC_Alarm_IRQHandler                     0x080001db   Thumb Code     0  startup_stm32f429xx.o(.text)
    RTC_WKUP_IRQHandler                      0x080001db   Thumb Code     0  startup_stm32f429xx.o(.text)
    SAI1_IRQHandler                          0x080001db   Thumb Code     0  startup_stm32f429xx.o(.text)
    SPI1_IRQHandler                          0x080001db   Thumb Code     0  startup_stm32f429xx.o(.text)
    SPI2_IRQHandler                          0x080001db   Thumb Code     0  startup_stm32f429xx.o(.text)
    SPI3_IRQHandler                          0x080001db   Thumb Code     0  startup_stm32f429xx.o(.text)
    SPI4_IRQHandler                          0x080001db   Thumb Code     0  startup_stm32f429xx.o(.text)
    SPI5_IRQHandler                          0x080001db   Thumb Code     0  startup_stm32f429xx.o(.text)
    SPI6_IRQHandler                          0x080001db   Thumb Code     0  startup_stm32f429xx.o(.text)
    TAMP_STAMP_IRQHandler                    0x080001db   Thumb Code     0  startup_stm32f429xx.o(.text)
    TIM1_BRK_TIM9_IRQHandler                 0x080001db   Thumb Code     0  startup_stm32f429xx.o(.text)
    TIM1_CC_IRQHandler                       0x080001db   Thumb Code     0  startup_stm32f429xx.o(.text)
    TIM1_TRG_COM_TIM11_IRQHandler            0x080001db   Thumb Code     0  startup_stm32f429xx.o(.text)
    TIM1_UP_TIM10_IRQHandler                 0x080001db   Thumb Code     0  startup_stm32f429xx.o(.text)
    TIM2_IRQHandler                          0x080001db   Thumb Code     0  startup_stm32f429xx.o(.text)
    TIM3_IRQHandler                          0x080001db   Thumb Code     0  startup_stm32f429xx.o(.text)
    TIM4_IRQHandler                          0x080001db   Thumb Code     0  startup_stm32f429xx.o(.text)
    TIM5_IRQHandler                          0x080001db   Thumb Code     0  startup_stm32f429xx.o(.text)
    TIM6_DAC_IRQHandler                      0x080001db   Thumb Code     0  startup_stm32f429xx.o(.text)
    TIM7_IRQHandler                          0x080001db   Thumb Code     0  startup_stm32f429xx.o(.text)
    TIM8_BRK_TIM12_IRQHandler                0x080001db   Thumb Code     0  startup_stm32f429xx.o(.text)
    TIM8_CC_IRQHandler                       0x080001db   Thumb Code     0  startup_stm32f429xx.o(.text)
    TIM8_TRG_COM_TIM14_IRQHandler            0x080001db   Thumb Code     0  startup_stm32f429xx.o(.text)
    TIM8_UP_TIM13_IRQHandler                 0x080001db   Thumb Code     0  startup_stm32f429xx.o(.text)
    UART4_IRQHandler                         0x080001db   Thumb Code     0  startup_stm32f429xx.o(.text)
    UART5_IRQHandler                         0x080001db   Thumb Code     0  startup_stm32f429xx.o(.text)
    UART7_IRQHandler                         0x080001db   Thumb Code     0  startup_stm32f429xx.o(.text)
    UART8_IRQHandler                         0x080001db   Thumb Code     0  startup_stm32f429xx.o(.text)
    USART1_IRQHandler                        0x080001db   Thumb Code     0  startup_stm32f429xx.o(.text)
    USART2_IRQHandler                        0x080001db   Thumb Code     0  startup_stm32f429xx.o(.text)
    USART3_IRQHandler                        0x080001db   Thumb Code     0  startup_stm32f429xx.o(.text)
    USART6_IRQHandler                        0x080001db   Thumb Code     0  startup_stm32f429xx.o(.text)
    WWDG_IRQHandler                          0x080001db   Thumb Code     0  startup_stm32f429xx.o(.text)
    __aeabi_uldivmod                         0x080001e5   Thumb Code    98  uldiv.o(.text)
    __aeabi_memcpy                           0x08000247   Thumb Code    36  memcpya.o(.text)
    __aeabi_memcpy4                          0x08000247   Thumb Code     0  memcpya.o(.text)
    __aeabi_memcpy8                          0x08000247   Thumb Code     0  memcpya.o(.text)
    __aeabi_f2d                              0x0800026b   Thumb Code    38  f2d.o(.text)
    __aeabi_uidiv                            0x08000291   Thumb Code     0  uidiv.o(.text)
    __aeabi_uidivmod                         0x08000291   Thumb Code    44  uidiv.o(.text)
    __aeabi_llsl                             0x080002bd   Thumb Code    30  llshl.o(.text)
    _ll_shift_l                              0x080002bd   Thumb Code     0  llshl.o(.text)
    __aeabi_llsr                             0x080002db   Thumb Code    32  llushr.o(.text)
    _ll_ushift_r                             0x080002db   Thumb Code     0  llushr.o(.text)
    __I$use$fp                               0x080002fb   Thumb Code     0  iusefp.o(.text)
    __aeabi_dadd                             0x080002fb   Thumb Code   322  dadd.o(.text)
    __aeabi_dsub                             0x0800043d   Thumb Code     6  dadd.o(.text)
    __aeabi_drsub                            0x08000443   Thumb Code     6  dadd.o(.text)
    __aeabi_dmul                             0x08000449   Thumb Code   228  dmul.o(.text)
    __aeabi_ddiv                             0x0800052d   Thumb Code   222  ddiv.o(.text)
    __aeabi_d2ulz                            0x0800060b   Thumb Code    48  dfixul.o(.text)
    __aeabi_cdrcmple                         0x0800063d   Thumb Code    48  cdrcmple.o(.text)
    __scatterload                            0x0800066d   Thumb Code    28  init.o(.text)
    __scatterload_rt2                        0x0800066d   Thumb Code     0  init.o(.text)
    __aeabi_lasr                             0x08000691   Thumb Code    36  llsshr.o(.text)
    _ll_sshift_r                             0x08000691   Thumb Code     0  llsshr.o(.text)
    _double_round                            0x080006b5   Thumb Code    30  depilogue.o(.text)
    _double_epilogue                         0x080006d3   Thumb Code   156  depilogue.o(.text)
    BSP_SD_AbortCallback                     0x0800076f   Thumb Code     2  bsp_driver_sd.o(i.BSP_SD_AbortCallback)
    BSP_SD_GetCardInfo                       0x08000771   Thumb Code     8  bsp_driver_sd.o(i.BSP_SD_GetCardInfo)
    BSP_SD_GetCardState                      0x0800077d   Thumb Code    20  bsp_driver_sd.o(i.BSP_SD_GetCardState)
    BSP_SD_Init                              0x08000795   Thumb Code    48  bsp_driver_sd.o(i.BSP_SD_Init)
    BSP_SD_ReadBlocks_DMA                    0x080007c9   Thumb Code    24  bsp_driver_sd.o(i.BSP_SD_ReadBlocks_DMA)
    BSP_SD_ReadCpltCallback                  0x080007e5   Thumb Code     8  sd_diskio.o(i.BSP_SD_ReadCpltCallback)
    BSP_SD_WriteBlocks_DMA                   0x080007f1   Thumb Code    24  bsp_driver_sd.o(i.BSP_SD_WriteBlocks_DMA)
    BSP_SD_WriteCpltCallback                 0x0800080d   Thumb Code     8  sd_diskio.o(i.BSP_SD_WriteCpltCallback)
    BusFault_Handler                         0x08000819   Thumb Code     2  stm32f4xx_it.o(i.BusFault_Handler)
    CUI_MALLOC                               0x0800081d   Thumb Code    30  cui_malloc.o(i.CUI_MALLOC)
    CUI_MALLOCMini                           0x08000845   Thumb Code   132  cui_malloc.o(i.CUI_MALLOCMini)
    DMA2_Stream3_IRQHandler                  0x080008d9   Thumb Code     6  stm32f4xx_it.o(i.DMA2_Stream3_IRQHandler)
    DMA2_Stream6_IRQHandler                  0x080008e5   Thumb Code     6  stm32f4xx_it.o(i.DMA2_Stream6_IRQHandler)
    DebugMon_Handler                         0x08000995   Thumb Code     2  stm32f4xx_it.o(i.DebugMon_Handler)
    FATFS_LinkDriver                         0x08000997   Thumb Code     6  ff_gen_drv.o(i.FATFS_LinkDriver)
    FATFS_LinkDriverEx                       0x0800099d   Thumb Code    58  ff_gen_drv.o(i.FATFS_LinkDriverEx)
    GetMat_MultAdd_float_float               0x080009dd   Thumb Code    64  matrix_2.o(i.GetMat_MultAdd_float_float)
    GetMat_MultAdd_float_int                 0x08000a21   Thumb Code    68  matrix_2.o(i.GetMat_MultAdd_float_int)
    GetMat_MultAdd_float_u8                  0x08000a69   Thumb Code    70  matrix_2.o(i.GetMat_MultAdd_float_u8)
    GetMat_MultAdd_int_float                 0x08000ab5   Thumb Code    68  matrix_2.o(i.GetMat_MultAdd_int_float)
    GetMat_MultAdd_int_int                   0x08000afd   Thumb Code    60  matrix_2.o(i.GetMat_MultAdd_int_int)
    GetMat_MultAdd_int_u8                    0x08000b39   Thumb Code    60  matrix_2.o(i.GetMat_MultAdd_int_u8)
    GetMat_MultAdd_u8_float                  0x08000b75   Thumb Code    70  matrix_2.o(i.GetMat_MultAdd_u8_float)
    GetMat_MultAdd_u8_int                    0x08000bc1   Thumb Code    60  matrix_2.o(i.GetMat_MultAdd_u8_int)
    GetTypeEnumSize                          0x08000bfd   Thumb Code    10  matrix_2.o(i.GetTypeEnumSize)
    Get_MatAddr                              0x08000c07   Thumb Code    40  matrix_2.o(i.Get_MatAddr)
    HAL_DMA_Abort_IT                         0x08000c2f   Thumb Code    36  stm32f4xx_hal_dma.o(i.HAL_DMA_Abort_IT)
    HAL_DMA_IRQHandler                       0x08000c55   Thumb Code   412  stm32f4xx_hal_dma.o(i.HAL_DMA_IRQHandler)
    HAL_DMA_Init                             0x08000df5   Thumb Code   206  stm32f4xx_hal_dma.o(i.HAL_DMA_Init)
    HAL_DMA_Start_IT                         0x08000ec9   Thumb Code   120  stm32f4xx_hal_dma.o(i.HAL_DMA_Start_IT)
    HAL_Delay                                0x08000f41   Thumb Code    32  stm32f4xx_hal.o(i.HAL_Delay)
    HAL_GPIO_Init                            0x08000f65   Thumb Code   408  stm32f4xx_hal_gpio.o(i.HAL_GPIO_Init)
    HAL_GetTick                              0x08001131   Thumb Code     6  stm32f4xx_hal.o(i.HAL_GetTick)
    HAL_IncTick                              0x0800113d   Thumb Code    12  stm32f4xx_hal.o(i.HAL_IncTick)
    HAL_Init                                 0x0800114d   Thumb Code    48  stm32f4xx_hal.o(i.HAL_Init)
    HAL_InitTick                             0x08001181   Thumb Code    54  stm32f4xx_hal.o(i.HAL_InitTick)
    HAL_MspInit                              0x080011c1   Thumb Code   126  stm32f4xx_hal_msp.o(i.HAL_MspInit)
    HAL_NVIC_EnableIRQ                       0x08001245   Thumb Code    22  stm32f4xx_hal_cortex.o(i.HAL_NVIC_EnableIRQ)
    HAL_NVIC_SetPriority                     0x0800125d   Thumb Code    60  stm32f4xx_hal_cortex.o(i.HAL_NVIC_SetPriority)
    HAL_NVIC_SetPriorityGrouping             0x0800129d   Thumb Code    26  stm32f4xx_hal_cortex.o(i.HAL_NVIC_SetPriorityGrouping)
    HAL_PWREx_EnableOverDrive                0x080012c1   Thumb Code    98  stm32f4xx_hal_pwr_ex.o(i.HAL_PWREx_EnableOverDrive)
    HAL_RCC_ClockConfig                      0x08001331   Thumb Code   286  stm32f4xx_hal_rcc.o(i.HAL_RCC_ClockConfig)
    HAL_RCC_GetHCLKFreq                      0x08001461   Thumb Code     6  stm32f4xx_hal_rcc.o(i.HAL_RCC_GetHCLKFreq)
    HAL_RCC_GetPCLK1Freq                     0x0800146d   Thumb Code    20  stm32f4xx_hal_rcc.o(i.HAL_RCC_GetPCLK1Freq)
    HAL_RCC_GetPCLK2Freq                     0x0800148d   Thumb Code    20  stm32f4xx_hal_rcc.o(i.HAL_RCC_GetPCLK2Freq)
    HAL_RCC_GetSysClockFreq                  0x080014ad   Thumb Code    88  stm32f4xx_hal_rcc.o(i.HAL_RCC_GetSysClockFreq)
    HAL_RCC_OscConfig                        0x08001511   Thumb Code   770  stm32f4xx_hal_rcc.o(i.HAL_RCC_OscConfig)
    HAL_SD_AbortCallback                     0x0800182d   Thumb Code     8  bsp_driver_sd.o(i.HAL_SD_AbortCallback)
    HAL_SD_ConfigWideBusOperation            0x08001835   Thumb Code   120  stm32f4xx_hal_sd.o(i.HAL_SD_ConfigWideBusOperation)
    HAL_SD_ErrorCallback                     0x080018ad   Thumb Code     2  stm32f4xx_hal_sd.o(i.HAL_SD_ErrorCallback)
    HAL_SD_GetCardCSD                        0x080018af   Thumb Code   474  stm32f4xx_hal_sd.o(i.HAL_SD_GetCardCSD)
    HAL_SD_GetCardInfo                       0x08001a89   Thumb Code    36  stm32f4xx_hal_sd.o(i.HAL_SD_GetCardInfo)
    HAL_SD_GetCardState                      0x08001aad   Thumb Code    44  stm32f4xx_hal_sd.o(i.HAL_SD_GetCardState)
    HAL_SD_IRQHandler                        0x08001ad9   Thumb Code   438  stm32f4xx_hal_sd.o(i.HAL_SD_IRQHandler)
    HAL_SD_Init                              0x08001c99   Thumb Code    54  stm32f4xx_hal_sd.o(i.HAL_SD_Init)
    HAL_SD_InitCard                          0x08001cd1   Thumb Code    80  stm32f4xx_hal_sd.o(i.HAL_SD_InitCard)
    HAL_SD_MspInit                           0x08001d25   Thumb Code   256  sdio.o(i.HAL_SD_MspInit)
    HAL_SD_ReadBlocks_DMA                    0x08001e4d   Thumb Code   230  stm32f4xx_hal_sd.o(i.HAL_SD_ReadBlocks_DMA)
    HAL_SD_RxCpltCallback                    0x08001f41   Thumb Code     8  bsp_driver_sd.o(i.HAL_SD_RxCpltCallback)
    HAL_SD_TxCpltCallback                    0x08001f49   Thumb Code     8  bsp_driver_sd.o(i.HAL_SD_TxCpltCallback)
    HAL_SD_WriteBlocks_DMA                   0x08001f51   Thumb Code   232  stm32f4xx_hal_sd.o(i.HAL_SD_WriteBlocks_DMA)
    HAL_SYSTICK_CLKSourceConfig              0x08002045   Thumb Code    24  stm32f4xx_hal_cortex.o(i.HAL_SYSTICK_CLKSourceConfig)
    HAL_SYSTICK_Callback                     0x0800205d   Thumb Code     2  stm32f4xx_hal_cortex.o(i.HAL_SYSTICK_Callback)
    HAL_SYSTICK_Config                       0x0800205f   Thumb Code    40  stm32f4xx_hal_cortex.o(i.HAL_SYSTICK_Config)
    HAL_SYSTICK_IRQHandler                   0x08002087   Thumb Code     8  stm32f4xx_hal_cortex.o(i.HAL_SYSTICK_IRQHandler)
    HAL_UART_Init                            0x0800208f   Thumb Code    98  stm32f4xx_hal_uart.o(i.HAL_UART_Init)
    HAL_UART_MspInit                         0x080020f1   Thumb Code    64  usart.o(i.HAL_UART_MspInit)
    HAL_UART_Transmit                        0x0800213d   Thumb Code   186  stm32f4xx_hal_uart.o(i.HAL_UART_Transmit)
    HardFault_Handler                        0x080021f7   Thumb Code     2  stm32f4xx_it.o(i.HardFault_Handler)
    MX_DMA_Init                              0x080021f9   Thumb Code    56  dma.o(i.MX_DMA_Init)
    MX_FATFS_Init                            0x08002235   Thumb Code    18  fatfs.o(i.MX_FATFS_Init)
    MX_GPIO_Init                             0x08002251   Thumb Code    70  gpio.o(i.MX_GPIO_Init)
    MX_SDIO_SD_Init                          0x0800229d   Thumb Code    22  sdio.o(i.MX_SDIO_SD_Init)
    MX_USART1_UART_Init                      0x080022bd   Thumb Code    52  usart.o(i.MX_USART1_UART_Init)
    MallocGE                                 0x08002309   Thumb Code   174  cui_malloc.o(i.MallocGE)
    MemManage_Handler                        0x080023b7   Thumb Code     2  stm32f4xx_it.o(i.MemManage_Handler)
    NMI_Handler                              0x080023b9   Thumb Code     2  stm32f4xx_it.o(i.NMI_Handler)
    PendSV_Handler                           0x080023db   Thumb Code     2  stm32f4xx_it.o(i.PendSV_Handler)
    PrintMat                                 0x080023dd   Thumb Code    66  matrix_2.o(i.PrintMat)
    SDIO_ConfigData                          0x08002435   Thumb Code    36  stm32f4xx_ll_sdmmc.o(i.SDIO_ConfigData)
    SDIO_GetPowerState                       0x08002459   Thumb Code     8  stm32f4xx_ll_sdmmc.o(i.SDIO_GetPowerState)
    SDIO_GetResponse                         0x08002461   Thumb Code    12  stm32f4xx_ll_sdmmc.o(i.SDIO_GetResponse)
    SDIO_IRQHandler                          0x0800246d   Thumb Code     6  stm32f4xx_it.o(i.SDIO_IRQHandler)
    SDIO_Init                                0x08002479   Thumb Code    36  stm32f4xx_ll_sdmmc.o(i.SDIO_Init)
    SDIO_PowerState_ON                       0x0800249d   Thumb Code     8  stm32f4xx_ll_sdmmc.o(i.SDIO_PowerState_ON)
    SDIO_ReadFIFO                            0x080024a5   Thumb Code     6  stm32f4xx_ll_sdmmc.o(i.SDIO_ReadFIFO)
    SDIO_SendCommand                         0x080024ab   Thumb Code    32  stm32f4xx_ll_sdmmc.o(i.SDIO_SendCommand)
    SDIO_WriteFIFO                           0x080024cb   Thumb Code    10  stm32f4xx_ll_sdmmc.o(i.SDIO_WriteFIFO)
    SDMMC_CmdAppCommand                      0x080024d5   Thumb Code    50  stm32f4xx_ll_sdmmc.o(i.SDMMC_CmdAppCommand)
    SDMMC_CmdAppOperCommand                  0x08002509   Thumb Code    48  stm32f4xx_ll_sdmmc.o(i.SDMMC_CmdAppOperCommand)
    SDMMC_CmdBlockLength                     0x0800253d   Thumb Code    50  stm32f4xx_ll_sdmmc.o(i.SDMMC_CmdBlockLength)
    SDMMC_CmdBusWidth                        0x0800256f   Thumb Code    50  stm32f4xx_ll_sdmmc.o(i.SDMMC_CmdBusWidth)
    SDMMC_CmdGoIdleState                     0x080025a1   Thumb Code    76  stm32f4xx_ll_sdmmc.o(i.SDMMC_CmdGoIdleState)
    SDMMC_CmdOperCond                        0x080025f1   Thumb Code    98  stm32f4xx_ll_sdmmc.o(i.SDMMC_CmdOperCond)
    SDMMC_CmdReadMultiBlock                  0x08002659   Thumb Code    50  stm32f4xx_ll_sdmmc.o(i.SDMMC_CmdReadMultiBlock)
    SDMMC_CmdReadSingleBlock                 0x0800268b   Thumb Code    50  stm32f4xx_ll_sdmmc.o(i.SDMMC_CmdReadSingleBlock)
    SDMMC_CmdSelDesel                        0x080026bd   Thumb Code    50  stm32f4xx_ll_sdmmc.o(i.SDMMC_CmdSelDesel)
    SDMMC_CmdSendCID                         0x080026ef   Thumb Code    44  stm32f4xx_ll_sdmmc.o(i.SDMMC_CmdSendCID)
    SDMMC_CmdSendCSD                         0x0800271b   Thumb Code    44  stm32f4xx_ll_sdmmc.o(i.SDMMC_CmdSendCSD)
    SDMMC_CmdSendSCR                         0x08002747   Thumb Code    48  stm32f4xx_ll_sdmmc.o(i.SDMMC_CmdSendSCR)
    SDMMC_CmdSendStatus                      0x08002777   Thumb Code    50  stm32f4xx_ll_sdmmc.o(i.SDMMC_CmdSendStatus)
    SDMMC_CmdSetRelAdd                       0x080027a9   Thumb Code    48  stm32f4xx_ll_sdmmc.o(i.SDMMC_CmdSetRelAdd)
    SDMMC_CmdStopTransfer                    0x080027d9   Thumb Code    46  stm32f4xx_ll_sdmmc.o(i.SDMMC_CmdStopTransfer)
    SDMMC_CmdWriteMultiBlock                 0x0800280d   Thumb Code    50  stm32f4xx_ll_sdmmc.o(i.SDMMC_CmdWriteMultiBlock)
    SDMMC_CmdWriteSingleBlock                0x0800283f   Thumb Code    50  stm32f4xx_ll_sdmmc.o(i.SDMMC_CmdWriteSingleBlock)
    SD_initialize                            0x08002eed   Thumb Code    28  sd_diskio.o(i.SD_initialize)
    SD_ioctl                                 0x08002f0d   Thumb Code    76  sd_diskio.o(i.SD_ioctl)
    SD_read                                  0x08002f5d   Thumb Code   102  sd_diskio.o(i.SD_read)
    SD_status                                0x08002fc9   Thumb Code     4  sd_diskio.o(i.SD_status)
    SD_write                                 0x08002fcd   Thumb Code   102  sd_diskio.o(i.SD_write)
    SVC_Handler                              0x08003039   Thumb Code     2  stm32f4xx_it.o(i.SVC_Handler)
    SwitchMat                                0x0800303d   Thumb Code    68  matrix_2.o(i.SwitchMat)
    SysTick_Handler                          0x08003091   Thumb Code    14  stm32f4xx_it.o(i.SysTick_Handler)
    SystemClock_Config                       0x080030a1   Thumb Code   166  main.o(i.SystemClock_Config)
    SystemInit                               0x08003161   Thumb Code    66  system_stm32f4xx.o(i.SystemInit)
    UsageFault_Handler                       0x080034c5   Thumb Code     2  stm32f4xx_it.o(i.UsageFault_Handler)
    _Error_Handler                           0x080034c9   Thumb Code    12  main.o(i._Error_Handler)
    __0printf                                0x080034ed   Thumb Code    22  printfa.o(i.__0printf)
    __1printf                                0x080034ed   Thumb Code     0  printfa.o(i.__0printf)
    __2printf                                0x080034ed   Thumb Code     0  printfa.o(i.__0printf)
    __c89printf                              0x080034ed   Thumb Code     0  printfa.o(i.__0printf)
    printf                                   0x080034ed   Thumb Code     0  printfa.o(i.__0printf)
    __scatterload_copy                       0x0800350d   Thumb Code    14  handlers.o(i.__scatterload_copy)
    __scatterload_null                       0x0800351b   Thumb Code     2  handlers.o(i.__scatterload_null)
    __scatterload_zeroinit                   0x0800351d   Thumb Code    14  handlers.o(i.__scatterload_zeroinit)
    fputc                                    0x08003de1   Thumb Code    20  usart.o(i.fputc)
    main                                     0x08003df9   Thumb Code   248  main.o(i.main)
    matApendDat                              0x08003f25   Thumb Code    34  matrix_2.o(i.matApendDat)
    matDot                                   0x08003f49   Thumb Code   254  matrix_2.o(i.matDot)
    matIteraAlgorithm                        0x08004075   Thumb Code   512  matrix_2.o(i.matIteraAlgorithm)
    matMalloc                                0x080042b9   Thumb Code    46  matrix_2.o(i.matMalloc)
    matrix_Append                            0x08004305   Thumb Code  1390  matrix_2.o(i.matrix_Append)
    matrix_CutOut                            0x08004875   Thumb Code   630  matrix_2.o(i.matrix_CutOut)
    matrix_Num                               0x08004b21   Thumb Code    56  matrix_2.o(i.matrix_Num)
    matrix_One                               0x08004b59   Thumb Code     6  matrix_2.o(i.matrix_One)
    matrix_T                                 0x08004b5f   Thumb Code   290  matrix_2.o(i.matrix_T)
    SD_Driver                                0x08004cb0   Data          20  sd_diskio.o(.constdata)
    AHBPrescTable                            0x08004ccc   Data          16  system_stm32f4xx.o(.constdata)
    APBPrescTable                            0x08004cdc   Data           8  system_stm32f4xx.o(.constdata)
    Region$$Table$$Base                      0x08004ce4   Number         0  anon$$obj.o(Region$$Table)
    Region$$Table$$Limit                     0x08004d04   Number         0  anon$$obj.o(Region$$Table)
    pFirstMini                               0x20000000   Data           4  cui_malloc.o(.data)
    retSD                                    0x20000010   Data           1  fatfs.o(.data)
    SDPath                                   0x20000011   Data           4  fatfs.o(.data)
    uwTickFreq                               0x20000018   Data           1  stm32f4xx_hal.o(.data)
    uwTickPrio                               0x2000001c   Data           4  stm32f4xx_hal.o(.data)
    uwTick                                   0x20000020   Data           4  stm32f4xx_hal.o(.data)
    SystemCoreClock                          0x20000024   Data           4  system_stm32f4xx.o(.data)
    __stdout                                 0x20000028   Data           4  stdout.o(.data)
    CUI_MALLOCArray                          0x2000002c   Data       158400  cui_malloc.o(.bss)
    indexMalloc                              0x20026aec   Data         150  cui_malloc.o(.bss)
    hsd                                      0x20026b84   Data         132  sdio.o(.bss)
    hdma_sdio_rx                             0x20026c08   Data          96  sdio.o(.bss)
    hdma_sdio_tx                             0x20026c68   Data          96  sdio.o(.bss)
    huart1                                   0x20026cc8   Data          64  usart.o(.bss)
    disk                                     0x20026d08   Data          12  ff_gen_drv.o(.bss)
    __initial_sp                             0x20027518   Data           0  startup_stm32f429xx.o(STACK)



==============================================================================

Memory Map of the image

  Image Entry point : 0x080001ad

  Load Region LR_IROM1 (Base: 0x08000000, Size: 0x00004d30, Max: 0x00100000, ABSOLUTE)

    Execution Region ER_IROM1 (Exec base: 0x08000000, Load base: 0x08000000, Size: 0x00004d04, Max: 0x00100000, ABSOLUTE)

    Exec Addr    Load Addr    Size         Type   Attr      Idx    E Section Name        Object

    0x08000000   0x08000000   0x000001ac   Data   RO            3    RESET               startup_stm32f429xx.o
    0x080001ac   0x080001ac   0x00000000   Code   RO         3471  * .ARM.Collect$$$$00000000  mc_w.l(entry.o)
    0x080001ac   0x080001ac   0x00000004   Code   RO         3743    .ARM.Collect$$$$00000001  mc_w.l(entry2.o)
    0x080001b0   0x080001b0   0x00000004   Code   RO         3746    .ARM.Collect$$$$00000004  mc_w.l(entry5.o)
    0x080001b4   0x080001b4   0x00000000   Code   RO         3748    .ARM.Collect$$$$00000008  mc_w.l(entry7b.o)
    0x080001b4   0x080001b4   0x00000000   Code   RO         3750    .ARM.Collect$$$$0000000A  mc_w.l(entry8b.o)
    0x080001b4   0x080001b4   0x00000008   Code   RO         3751    .ARM.Collect$$$$0000000B  mc_w.l(entry9a.o)
    0x080001bc   0x080001bc   0x00000000   Code   RO         3753    .ARM.Collect$$$$0000000D  mc_w.l(entry10a.o)
    0x080001bc   0x080001bc   0x00000000   Code   RO         3755    .ARM.Collect$$$$0000000F  mc_w.l(entry11a.o)
    0x080001bc   0x080001bc   0x00000004   Code   RO         3744    .ARM.Collect$$$$00002712  mc_w.l(entry2.o)
    0x080001c0   0x080001c0   0x00000024   Code   RO            4    .text               startup_stm32f429xx.o
    0x080001e4   0x080001e4   0x00000062   Code   RO         3474    .text               mc_w.l(uldiv.o)
    0x08000246   0x08000246   0x00000024   Code   RO         3476    .text               mc_w.l(memcpya.o)
    0x0800026a   0x0800026a   0x00000026   Code   RO         3741    .text               mf_w.l(f2d.o)
    0x08000290   0x08000290   0x0000002c   Code   RO         3758    .text               mc_w.l(uidiv.o)
    0x080002bc   0x080002bc   0x0000001e   Code   RO         3760    .text               mc_w.l(llshl.o)
    0x080002da   0x080002da   0x00000020   Code   RO         3762    .text               mc_w.l(llushr.o)
    0x080002fa   0x080002fa   0x00000000   Code   RO         3764    .text               mc_w.l(iusefp.o)
    0x080002fa   0x080002fa   0x0000014e   Code   RO         3765    .text               mf_w.l(dadd.o)
    0x08000448   0x08000448   0x000000e4   Code   RO         3767    .text               mf_w.l(dmul.o)
    0x0800052c   0x0800052c   0x000000de   Code   RO         3769    .text               mf_w.l(ddiv.o)
    0x0800060a   0x0800060a   0x00000030   Code   RO         3771    .text               mf_w.l(dfixul.o)
    0x0800063a   0x0800063a   0x00000002   PAD
    0x0800063c   0x0800063c   0x00000030   Code   RO         3773    .text               mf_w.l(cdrcmple.o)
    0x0800066c   0x0800066c   0x00000024   Code   RO         3775    .text               mc_w.l(init.o)
    0x08000690   0x08000690   0x00000024   Code   RO         3777    .text               mc_w.l(llsshr.o)
    0x080006b4   0x080006b4   0x000000ba   Code   RO         3779    .text               mf_w.l(depilogue.o)
    0x0800076e   0x0800076e   0x00000002   Code   RO          464    i.BSP_SD_AbortCallback  bsp_driver_sd.o
    0x08000770   0x08000770   0x0000000c   Code   RO          470    i.BSP_SD_GetCardInfo  bsp_driver_sd.o
    0x0800077c   0x0800077c   0x00000018   Code   RO          471    i.BSP_SD_GetCardState  bsp_driver_sd.o
    0x08000794   0x08000794   0x00000034   Code   RO          474    i.BSP_SD_Init       bsp_driver_sd.o
    0x080007c8   0x080007c8   0x0000001c   Code   RO          477    i.BSP_SD_ReadBlocks_DMA  bsp_driver_sd.o
    0x080007e4   0x080007e4   0x0000000c   Code   RO          608    i.BSP_SD_ReadCpltCallback  sd_diskio.o
    0x080007f0   0x080007f0   0x0000001c   Code   RO          480    i.BSP_SD_WriteBlocks_DMA  bsp_driver_sd.o
    0x0800080c   0x0800080c   0x0000000c   Code   RO          609    i.BSP_SD_WriteCpltCallback  sd_diskio.o
    0x08000818   0x08000818   0x00000002   Code   RO          808    i.BusFault_Handler  stm32f4xx_it.o
    0x0800081a   0x0800081a   0x00000002   PAD
    0x0800081c   0x0800081c   0x00000028   Code   RO          189    i.CUI_MALLOC        cui_malloc.o
    0x08000844   0x08000844   0x00000094   Code   RO          190    i.CUI_MALLOCMini    cui_malloc.o
    0x080008d8   0x080008d8   0x0000000c   Code   RO          809    i.DMA2_Stream3_IRQHandler  stm32f4xx_it.o
    0x080008e4   0x080008e4   0x0000000c   Code   RO          810    i.DMA2_Stream6_IRQHandler  stm32f4xx_it.o
    0x080008f0   0x080008f0   0x00000028   Code   RO         2298    i.DMA_CalcBaseAndBitshift  stm32f4xx_hal_dma.o
    0x08000918   0x08000918   0x00000054   Code   RO         2299    i.DMA_CheckFifoParam  stm32f4xx_hal_dma.o
    0x0800096c   0x0800096c   0x00000028   Code   RO         2300    i.DMA_SetConfig     stm32f4xx_hal_dma.o
    0x08000994   0x08000994   0x00000002   Code   RO          811    i.DebugMon_Handler  stm32f4xx_it.o
    0x08000996   0x08000996   0x00000006   Code   RO         3424    i.FATFS_LinkDriver  ff_gen_drv.o
    0x0800099c   0x0800099c   0x00000040   Code   RO         3425    i.FATFS_LinkDriverEx  ff_gen_drv.o
    0x080009dc   0x080009dc   0x00000044   Code   RO           11    i.GetMat_MultAdd_float_float  matrix_2.o
    0x08000a20   0x08000a20   0x00000048   Code   RO           12    i.GetMat_MultAdd_float_int  matrix_2.o
    0x08000a68   0x08000a68   0x0000004c   Code   RO           13    i.GetMat_MultAdd_float_u8  matrix_2.o
    0x08000ab4   0x08000ab4   0x00000048   Code   RO           14    i.GetMat_MultAdd_int_float  matrix_2.o
    0x08000afc   0x08000afc   0x0000003c   Code   RO           15    i.GetMat_MultAdd_int_int  matrix_2.o
    0x08000b38   0x08000b38   0x0000003c   Code   RO           16    i.GetMat_MultAdd_int_u8  matrix_2.o
    0x08000b74   0x08000b74   0x0000004c   Code   RO           17    i.GetMat_MultAdd_u8_float  matrix_2.o
    0x08000bc0   0x08000bc0   0x0000003c   Code   RO           18    i.GetMat_MultAdd_u8_int  matrix_2.o
    0x08000bfc   0x08000bfc   0x0000000a   Code   RO           20    i.GetTypeEnumSize   matrix_2.o
    0x08000c06   0x08000c06   0x00000028   Code   RO           21    i.Get_MatAddr       matrix_2.o
    0x08000c2e   0x08000c2e   0x00000024   Code   RO         2302    i.HAL_DMA_Abort_IT  stm32f4xx_hal_dma.o
    0x08000c52   0x08000c52   0x00000002   PAD
    0x08000c54   0x08000c54   0x000001a0   Code   RO         2306    i.HAL_DMA_IRQHandler  stm32f4xx_hal_dma.o
    0x08000df4   0x08000df4   0x000000d4   Code   RO         2307    i.HAL_DMA_Init      stm32f4xx_hal_dma.o
    0x08000ec8   0x08000ec8   0x00000078   Code   RO         2311    i.HAL_DMA_Start_IT  stm32f4xx_hal_dma.o
    0x08000f40   0x08000f40   0x00000024   Code   RO         2738    i.HAL_Delay         stm32f4xx_hal.o
    0x08000f64   0x08000f64   0x000001cc   Code   RO         2194    i.HAL_GPIO_Init     stm32f4xx_hal_gpio.o
    0x08001130   0x08001130   0x0000000c   Code   RO         2746    i.HAL_GetTick       stm32f4xx_hal.o
    0x0800113c   0x0800113c   0x00000010   Code   RO         2750    i.HAL_IncTick       stm32f4xx_hal.o
    0x0800114c   0x0800114c   0x00000034   Code   RO         2751    i.HAL_Init          stm32f4xx_hal.o
    0x08001180   0x08001180   0x00000040   Code   RO         2752    i.HAL_InitTick      stm32f4xx_hal.o
    0x080011c0   0x080011c0   0x00000084   Code   RO          902    i.HAL_MspInit       stm32f4xx_hal_msp.o
    0x08001244   0x08001244   0x00000016   Code   RO         2601    i.HAL_NVIC_EnableIRQ  stm32f4xx_hal_cortex.o
    0x0800125a   0x0800125a   0x00000002   PAD
    0x0800125c   0x0800125c   0x00000040   Code   RO         2607    i.HAL_NVIC_SetPriority  stm32f4xx_hal_cortex.o
    0x0800129c   0x0800129c   0x00000024   Code   RO         2608    i.HAL_NVIC_SetPriorityGrouping  stm32f4xx_hal_cortex.o
    0x080012c0   0x080012c0   0x00000070   Code   RO         2530    i.HAL_PWREx_EnableOverDrive  stm32f4xx_hal_pwr_ex.o
    0x08001330   0x08001330   0x00000130   Code   RO         1788    i.HAL_RCC_ClockConfig  stm32f4xx_hal_rcc.o
    0x08001460   0x08001460   0x0000000c   Code   RO         1793    i.HAL_RCC_GetHCLKFreq  stm32f4xx_hal_rcc.o
    0x0800146c   0x0800146c   0x00000020   Code   RO         1795    i.HAL_RCC_GetPCLK1Freq  stm32f4xx_hal_rcc.o
    0x0800148c   0x0800148c   0x00000020   Code   RO         1796    i.HAL_RCC_GetPCLK2Freq  stm32f4xx_hal_rcc.o
    0x080014ac   0x080014ac   0x00000064   Code   RO         1797    i.HAL_RCC_GetSysClockFreq  stm32f4xx_hal_rcc.o
    0x08001510   0x08001510   0x0000031c   Code   RO         1800    i.HAL_RCC_OscConfig  stm32f4xx_hal_rcc.o
    0x0800182c   0x0800182c   0x00000008   Code   RO          482    i.HAL_SD_AbortCallback  bsp_driver_sd.o
    0x08001834   0x08001834   0x00000078   Code   RO         1193    i.HAL_SD_ConfigWideBusOperation  stm32f4xx_hal_sd.o
    0x080018ac   0x080018ac   0x00000002   Code   RO         1196    i.HAL_SD_ErrorCallback  stm32f4xx_hal_sd.o
    0x080018ae   0x080018ae   0x000001da   Code   RO         1198    i.HAL_SD_GetCardCSD  stm32f4xx_hal_sd.o
    0x08001a88   0x08001a88   0x00000024   Code   RO         1199    i.HAL_SD_GetCardInfo  stm32f4xx_hal_sd.o
    0x08001aac   0x08001aac   0x0000002c   Code   RO         1200    i.HAL_SD_GetCardState  stm32f4xx_hal_sd.o
    0x08001ad8   0x08001ad8   0x000001c0   Code   RO         1204    i.HAL_SD_IRQHandler  stm32f4xx_hal_sd.o
    0x08001c98   0x08001c98   0x00000036   Code   RO         1205    i.HAL_SD_Init       stm32f4xx_hal_sd.o
    0x08001cce   0x08001cce   0x00000002   PAD
    0x08001cd0   0x08001cd0   0x00000054   Code   RO         1206    i.HAL_SD_InitCard   stm32f4xx_hal_sd.o
    0x08001d24   0x08001d24   0x00000128   Code   RO          719    i.HAL_SD_MspInit    sdio.o
    0x08001e4c   0x08001e4c   0x000000f4   Code   RO         1210    i.HAL_SD_ReadBlocks_DMA  stm32f4xx_hal_sd.o
    0x08001f40   0x08001f40   0x00000008   Code   RO          483    i.HAL_SD_RxCpltCallback  bsp_driver_sd.o
    0x08001f48   0x08001f48   0x00000008   Code   RO          484    i.HAL_SD_TxCpltCallback  bsp_driver_sd.o
    0x08001f50   0x08001f50   0x000000f4   Code   RO         1215    i.HAL_SD_WriteBlocks_DMA  stm32f4xx_hal_sd.o
    0x08002044   0x08002044   0x00000018   Code   RO         2610    i.HAL_SYSTICK_CLKSourceConfig  stm32f4xx_hal_cortex.o
    0x0800205c   0x0800205c   0x00000002   Code   RO         2611    i.HAL_SYSTICK_Callback  stm32f4xx_hal_cortex.o
    0x0800205e   0x0800205e   0x00000028   Code   RO         2612    i.HAL_SYSTICK_Config  stm32f4xx_hal_cortex.o
    0x08002086   0x08002086   0x00000008   Code   RO         2613    i.HAL_SYSTICK_IRQHandler  stm32f4xx_hal_cortex.o
    0x0800208e   0x0800208e   0x00000062   Code   RO         1486    i.HAL_UART_Init     stm32f4xx_hal_uart.o
    0x080020f0   0x080020f0   0x0000004c   Code   RO          761    i.HAL_UART_MspInit  usart.o
    0x0800213c   0x0800213c   0x000000ba   Code   RO         1494    i.HAL_UART_Transmit  stm32f4xx_hal_uart.o
    0x080021f6   0x080021f6   0x00000002   Code   RO          812    i.HardFault_Handler  stm32f4xx_it.o
    0x080021f8   0x080021f8   0x0000003c   Code   RO          440    i.MX_DMA_Init       dma.o
    0x08002234   0x08002234   0x0000001c   Code   RO          680    i.MX_FATFS_Init     fatfs.o
    0x08002250   0x08002250   0x0000004c   Code   RO          416    i.MX_GPIO_Init      gpio.o
    0x0800229c   0x0800229c   0x00000020   Code   RO          720    i.MX_SDIO_SD_Init   sdio.o
    0x080022bc   0x080022bc   0x0000004c   Code   RO          762    i.MX_USART1_UART_Init  usart.o
    0x08002308   0x08002308   0x000000ae   Code   RO          193    i.MallocGE          cui_malloc.o
    0x080023b6   0x080023b6   0x00000002   Code   RO          813    i.MemManage_Handler  stm32f4xx_it.o
    0x080023b8   0x080023b8   0x00000002   Code   RO          814    i.NMI_Handler       stm32f4xx_it.o
    0x080023ba   0x080023ba   0x00000020   Code   RO         2614    i.NVIC_SetPriority  stm32f4xx_hal_cortex.o
    0x080023da   0x080023da   0x00000002   Code   RO          815    i.PendSV_Handler    stm32f4xx_it.o
    0x080023dc   0x080023dc   0x00000058   Code   RO           22    i.PrintMat          matrix_2.o
    0x08002434   0x08002434   0x00000024   Code   RO          926    i.SDIO_ConfigData   stm32f4xx_ll_sdmmc.o
    0x08002458   0x08002458   0x00000008   Code   RO          930    i.SDIO_GetPowerState  stm32f4xx_ll_sdmmc.o
    0x08002460   0x08002460   0x0000000c   Code   RO          931    i.SDIO_GetResponse  stm32f4xx_ll_sdmmc.o
    0x0800246c   0x0800246c   0x0000000c   Code   RO          816    i.SDIO_IRQHandler   stm32f4xx_it.o
    0x08002478   0x08002478   0x00000024   Code   RO          932    i.SDIO_Init         stm32f4xx_ll_sdmmc.o
    0x0800249c   0x0800249c   0x00000008   Code   RO          934    i.SDIO_PowerState_ON  stm32f4xx_ll_sdmmc.o
    0x080024a4   0x080024a4   0x00000006   Code   RO          935    i.SDIO_ReadFIFO     stm32f4xx_ll_sdmmc.o
    0x080024aa   0x080024aa   0x00000020   Code   RO          936    i.SDIO_SendCommand  stm32f4xx_ll_sdmmc.o
    0x080024ca   0x080024ca   0x0000000a   Code   RO          938    i.SDIO_WriteFIFO    stm32f4xx_ll_sdmmc.o
    0x080024d4   0x080024d4   0x00000032   Code   RO          939    i.SDMMC_CmdAppCommand  stm32f4xx_ll_sdmmc.o
    0x08002506   0x08002506   0x00000002   PAD
    0x08002508   0x08002508   0x00000034   Code   RO          940    i.SDMMC_CmdAppOperCommand  stm32f4xx_ll_sdmmc.o
    0x0800253c   0x0800253c   0x00000032   Code   RO          941    i.SDMMC_CmdBlockLength  stm32f4xx_ll_sdmmc.o
    0x0800256e   0x0800256e   0x00000032   Code   RO          942    i.SDMMC_CmdBusWidth  stm32f4xx_ll_sdmmc.o
    0x080025a0   0x080025a0   0x00000050   Code   RO          946    i.SDMMC_CmdGoIdleState  stm32f4xx_ll_sdmmc.o
    0x080025f0   0x080025f0   0x00000068   Code   RO          948    i.SDMMC_CmdOperCond  stm32f4xx_ll_sdmmc.o
    0x08002658   0x08002658   0x00000032   Code   RO          949    i.SDMMC_CmdReadMultiBlock  stm32f4xx_ll_sdmmc.o
    0x0800268a   0x0800268a   0x00000032   Code   RO          950    i.SDMMC_CmdReadSingleBlock  stm32f4xx_ll_sdmmc.o
    0x080026bc   0x080026bc   0x00000032   Code   RO          953    i.SDMMC_CmdSelDesel  stm32f4xx_ll_sdmmc.o
    0x080026ee   0x080026ee   0x0000002c   Code   RO          954    i.SDMMC_CmdSendCID  stm32f4xx_ll_sdmmc.o
    0x0800271a   0x0800271a   0x0000002c   Code   RO          955    i.SDMMC_CmdSendCSD  stm32f4xx_ll_sdmmc.o
    0x08002746   0x08002746   0x00000030   Code   RO          956    i.SDMMC_CmdSendSCR  stm32f4xx_ll_sdmmc.o
    0x08002776   0x08002776   0x00000032   Code   RO          957    i.SDMMC_CmdSendStatus  stm32f4xx_ll_sdmmc.o
    0x080027a8   0x080027a8   0x00000030   Code   RO          958    i.SDMMC_CmdSetRelAdd  stm32f4xx_ll_sdmmc.o
    0x080027d8   0x080027d8   0x00000034   Code   RO          960    i.SDMMC_CmdStopTransfer  stm32f4xx_ll_sdmmc.o
    0x0800280c   0x0800280c   0x00000032   Code   RO          962    i.SDMMC_CmdWriteMultiBlock  stm32f4xx_ll_sdmmc.o
    0x0800283e   0x0800283e   0x00000032   Code   RO          963    i.SDMMC_CmdWriteSingleBlock  stm32f4xx_ll_sdmmc.o
    0x08002870   0x08002870   0x0000011c   Code   RO          964    i.SDMMC_GetCmdResp1  stm32f4xx_ll_sdmmc.o
    0x0800298c   0x0800298c   0x00000050   Code   RO          965    i.SDMMC_GetCmdResp2  stm32f4xx_ll_sdmmc.o
    0x080029dc   0x080029dc   0x00000040   Code   RO          966    i.SDMMC_GetCmdResp3  stm32f4xx_ll_sdmmc.o
    0x08002a1c   0x08002a1c   0x00000084   Code   RO          967    i.SDMMC_GetCmdResp6  stm32f4xx_ll_sdmmc.o
    0x08002aa0   0x08002aa0   0x00000020   Code   RO          610    i.SD_CheckStatus    sd_diskio.o
    0x08002ac0   0x08002ac0   0x00000056   Code   RO         1217    i.SD_DMAError       stm32f4xx_hal_sd.o
    0x08002b16   0x08002b16   0x0000003e   Code   RO         1218    i.SD_DMAReceiveCplt  stm32f4xx_hal_sd.o
    0x08002b54   0x08002b54   0x00000048   Code   RO         1219    i.SD_DMARxAbort     stm32f4xx_hal_sd.o
    0x08002b9c   0x08002b9c   0x0000000e   Code   RO         1220    i.SD_DMATransmitCplt  stm32f4xx_hal_sd.o
    0x08002baa   0x08002baa   0x00000048   Code   RO         1221    i.SD_DMATxAbort     stm32f4xx_hal_sd.o
    0x08002bf2   0x08002bf2   0x000000d4   Code   RO         1222    i.SD_FindSCR        stm32f4xx_hal_sd.o
    0x08002cc6   0x08002cc6   0x000000e6   Code   RO         1223    i.SD_InitCard       stm32f4xx_hal_sd.o
    0x08002dac   0x08002dac   0x000000a2   Code   RO         1224    i.SD_PowerON        stm32f4xx_hal_sd.o
    0x08002e4e   0x08002e4e   0x0000004e   Code   RO         1226    i.SD_WideBus_Disable  stm32f4xx_hal_sd.o
    0x08002e9c   0x08002e9c   0x0000004e   Code   RO         1227    i.SD_WideBus_Enable  stm32f4xx_hal_sd.o
    0x08002eea   0x08002eea   0x00000002   PAD
    0x08002eec   0x08002eec   0x00000020   Code   RO          611    i.SD_initialize     sd_diskio.o
    0x08002f0c   0x08002f0c   0x00000050   Code   RO          612    i.SD_ioctl          sd_diskio.o
    0x08002f5c   0x08002f5c   0x0000006c   Code   RO          613    i.SD_read           sd_diskio.o
    0x08002fc8   0x08002fc8   0x00000004   Code   RO          614    i.SD_status         sd_diskio.o
    0x08002fcc   0x08002fcc   0x0000006c   Code   RO          615    i.SD_write          sd_diskio.o
    0x08003038   0x08003038   0x00000002   Code   RO          817    i.SVC_Handler       stm32f4xx_it.o
    0x0800303a   0x0800303a   0x00000002   PAD
    0x0800303c   0x0800303c   0x00000054   Code   RO           23    i.SwitchMat         matrix_2.o
    0x08003090   0x08003090   0x0000000e   Code   RO          818    i.SysTick_Handler   stm32f4xx_it.o
    0x0800309e   0x0800309e   0x00000002   PAD
    0x080030a0   0x080030a0   0x000000c0   Code   RO          238    i.SystemClock_Config  main.o
    0x08003160   0x08003160   0x00000054   Code   RO         2915    i.SystemInit        system_stm32f4xx.o
    0x080031b4   0x080031b4   0x000002ac   Code   RO         1512    i.UART_SetConfig    stm32f4xx_hal_uart.o
    0x08003460   0x08003460   0x00000064   Code   RO         1514    i.UART_WaitOnFlagUntilTimeout  stm32f4xx_hal_uart.o
    0x080034c4   0x080034c4   0x00000002   Code   RO          819    i.UsageFault_Handler  stm32f4xx_it.o
    0x080034c6   0x080034c6   0x00000002   PAD
    0x080034c8   0x080034c8   0x00000024   Code   RO          239    i._Error_Handler    main.o
    0x080034ec   0x080034ec   0x00000020   Code   RO         3713    i.__0printf         mc_w.l(printfa.o)
    0x0800350c   0x0800350c   0x0000000e   Code   RO         3783    i.__scatterload_copy  mc_w.l(handlers.o)
    0x0800351a   0x0800351a   0x00000002   Code   RO         3784    i.__scatterload_null  mc_w.l(handlers.o)
    0x0800351c   0x0800351c   0x0000000e   Code   RO         3785    i.__scatterload_zeroinit  mc_w.l(handlers.o)
    0x0800352a   0x0800352a   0x00000002   PAD
    0x0800352c   0x0800352c   0x00000184   Code   RO         3720    i._fp_digits        mc_w.l(printfa.o)
    0x080036b0   0x080036b0   0x000006dc   Code   RO         3721    i._printf_core      mc_w.l(printfa.o)
    0x08003d8c   0x08003d8c   0x00000024   Code   RO         3722    i._printf_post_padding  mc_w.l(printfa.o)
    0x08003db0   0x08003db0   0x0000002e   Code   RO         3723    i._printf_pre_padding  mc_w.l(printfa.o)
    0x08003dde   0x08003dde   0x00000002   PAD
    0x08003de0   0x08003de0   0x00000018   Code   RO          763    i.fputc             usart.o
    0x08003df8   0x08003df8   0x0000012c   Code   RO          240    i.main              main.o
    0x08003f24   0x08003f24   0x00000022   Code   RO           26    i.matApendDat       matrix_2.o
    0x08003f46   0x08003f46   0x00000002   PAD
    0x08003f48   0x08003f48   0x0000012c   Code   RO           27    i.matDot            matrix_2.o
    0x08004074   0x08004074   0x00000244   Code   RO           28    i.matIteraAlgorithm  matrix_2.o
    0x080042b8   0x080042b8   0x0000004c   Code   RO           29    i.matMalloc         matrix_2.o
    0x08004304   0x08004304   0x0000056e   Code   RO           30    i.matrix_Append     matrix_2.o
    0x08004872   0x08004872   0x00000002   PAD
    0x08004874   0x08004874   0x000002ac   Code   RO           31    i.matrix_CutOut     matrix_2.o
    0x08004b20   0x08004b20   0x00000038   Code   RO           32    i.matrix_Num        matrix_2.o
    0x08004b58   0x08004b58   0x00000006   Code   RO           33    i.matrix_One        matrix_2.o
    0x08004b5e   0x08004b5e   0x00000122   Code   RO           34    i.matrix_T          matrix_2.o
    0x08004c80   0x08004c80   0x00000030   Data   RO          241    .constdata          main.o
    0x08004cb0   0x08004cb0   0x00000014   Data   RO          616    .constdata          sd_diskio.o
    0x08004cc4   0x08004cc4   0x00000008   Data   RO         2313    .constdata          stm32f4xx_hal_dma.o
    0x08004ccc   0x08004ccc   0x00000010   Data   RO         2916    .constdata          system_stm32f4xx.o
    0x08004cdc   0x08004cdc   0x00000008   Data   RO         2917    .constdata          system_stm32f4xx.o
    0x08004ce4   0x08004ce4   0x00000020   Data   RO         3781    Region$$Table       anon$$obj.o


    Execution Region RW_IRAM1 (Exec base: 0x20000000, Load base: 0x08004d04, Size: 0x00027518, Max: 0x00030000, ABSOLUTE)

    Exec Addr    Load Addr    Size         Type   Attr      Idx    E Section Name        Object

    0x20000000   0x08004d04   0x00000004   Data   RW          195    .data               cui_malloc.o
    0x20000004   0x08004d08   0x0000000c   Data   RW          617    .data               sd_diskio.o
    0x20000010   0x08004d14   0x00000005   Data   RW          684    .data               fatfs.o
    0x20000015   0x08004d19   0x00000003   PAD
    0x20000018   0x08004d1c   0x0000000c   Data   RW         2758    .data               stm32f4xx_hal.o
    0x20000024   0x08004d28   0x00000004   Data   RW         2918    .data               system_stm32f4xx.o
    0x20000028   0x08004d2c   0x00000004   Data   RW         3757    .data               mc_w.l(stdout.o)
    0x2000002c        -       0x00026b56   Zero   RW          194    .bss                cui_malloc.o
    0x20026b82   0x08004d30   0x00000002   PAD
    0x20026b84        -       0x00000144   Zero   RW          721    .bss                sdio.o
    0x20026cc8        -       0x00000040   Zero   RW          764    .bss                usart.o
    0x20026d08        -       0x0000000c   Zero   RW         3428    .bss                ff_gen_drv.o
    0x20026d14   0x08004d30   0x00000004   PAD
    0x20026d18        -       0x00000800   Zero   RW            1    STACK               startup_stm32f429xx.o


==============================================================================

Image component sizes


      Code (inc. data)   RO Data    RW Data    ZI Data      Debug   Object Name

       170         20          0          0          0       5700   bsp_driver_sd.o
       362         26          0          4     158550       3978   cui_malloc.o
        60          4          0          0          0        810   dma.o
        28         10          0          5          0       1082   fatfs.o
        70          6          0          0         12       1703   ff_gen_drv.o
        76          6          0          0          0        891   gpio.o
       528        102         48          0          0     746669   main.o
      4182        376          0          0          0      26329   matrix_2.o
       388         34         20         12          0       5789   sd_diskio.o
       328         50          0          0        324       1895   sdio.o
        36          8        428          0       2048        856   startup_stm32f429xx.o
       180         28          0         12          0       4745   stm32f4xx_hal.o
       228         14          0          0          0      32361   stm32f4xx_hal_cortex.o
       948         16          8          0          0       6658   stm32f4xx_hal_dma.o
       460         52          0          0          0       1828   stm32f4xx_hal_gpio.o
       132          6          0          0          0        958   stm32f4xx_hal_msp.o
       112         14          0          0          0       1336   stm32f4xx_hal_pwr_ex.o
      1276         86          0          0          0       5792   stm32f4xx_hal_rcc.o
      2816         40          0          0          0      17707   stm32f4xx_hal_sd.o
      1068          8          0          0          0       4256   stm32f4xx_hal_uart.o
        66         18          0          0          0       5804   stm32f4xx_it.o
      1630         42          0          0          0      23435   stm32f4xx_ll_sdmmc.o
        84         18         24          4          0       1231   system_stm32f4xx.o
       176         40          0          0         64       2262   usart.o

    ----------------------------------------------------------------------
     15426       1024        560         40     161004     904075   Object Totals
         0          0         32          0          0          0   (incl. Generated)
        22          0          0          3          6          0   (incl. Padding)

    ----------------------------------------------------------------------

      Code (inc. data)   RO Data    RW Data    ZI Data      Debug   Library Member Name

         0          0          0          0          0          0   entry.o
         0          0          0          0          0          0   entry10a.o
         0          0          0          0          0          0   entry11a.o
         8          4          0          0          0          0   entry2.o
         4          0          0          0          0          0   entry5.o
         0          0          0          0          0          0   entry7b.o
         0          0          0          0          0          0   entry8b.o
         8          4          0          0          0          0   entry9a.o
        30          0          0          0          0          0   handlers.o
        36          8          0          0          0         68   init.o
         0          0          0          0          0          0   iusefp.o
        30          0          0          0          0         68   llshl.o
        36          0          0          0          0         68   llsshr.o
        32          0          0          0          0         68   llushr.o
        36          0          0          0          0         68   memcpya.o
      2258         90          0          0          0        452   printfa.o
         0          0          0          4          0          0   stdout.o
        44          0          0          0          0         80   uidiv.o
        98          0          0          0          0         92   uldiv.o
        48          0          0          0          0         68   cdrcmple.o
       334          0          0          0          0        148   dadd.o
       222          0          0          0          0        100   ddiv.o
       186          0          0          0          0        176   depilogue.o
        48          0          0          0          0         68   dfixul.o
       228          0          0          0          0         96   dmul.o
        38          0          0          0          0         68   f2d.o

    ----------------------------------------------------------------------
      3730        106          0          4          0       1688   Library Totals
         6          0          0          0          0          0   (incl. Padding)

    ----------------------------------------------------------------------

      Code (inc. data)   RO Data    RW Data    ZI Data      Debug   Library Name

      2620        106          0          4          0        964   mc_w.l
      1104          0          0          0          0        724   mf_w.l

    ----------------------------------------------------------------------
      3730        106          0          4          0       1688   Library Totals

    ----------------------------------------------------------------------

==============================================================================


      Code (inc. data)   RO Data    RW Data    ZI Data      Debug   

     19156       1130        560         44     161004     891135   Grand Totals
     19156       1130        560         44     161004     891135   ELF Image Totals
     19156       1130        560         44          0          0   ROM Totals

==============================================================================

    Total RO  Size (Code + RO Data)                19716 (  19.25kB)
    Total RW  Size (RW Data + ZI Data)            161048 ( 157.27kB)
    Total ROM Size (Code + RO Data + RW Data)      19760 (  19.30kB)

==============================================================================

